 ConEmuTh.x64

 Timestamp is 59f1ba80 (Thu Oct 26 13:35:44 2017)

 Preferred load address is 0000000180000000

 Start         Length     Name                   Class
 0001:00000000 0001f2f0H .text$mn                CODE
 0001:0001f2f0 000000e0H .text$mn$00             CODE
 0001:0001f3d0 000004d0H .text$x                 CODE
 0002:00000000 00000660H .idata$5                DATA
 0002:00000660 00000020H .00cfg                  DATA
 0002:00000680 00000008H .CRT$XCA                DATA
 0002:00000688 00000008H .CRT$XCZ                DATA
 0002:00000690 00000008H .CRT$XIA                DATA
 0002:00000698 00000018H .CRT$XIC                DATA
 0002:000006b0 00000008H .CRT$XIZ                DATA
 0002:000006b8 00000008H .CRT$XPA                DATA
 0002:000006c0 00000010H .CRT$XPX                DATA
 0002:000006d0 00000008H .CRT$XPXA               DATA
 0002:000006d8 00000008H .CRT$XPZ                DATA
 0002:000006e0 00000008H .CRT$XTA                DATA
 0002:000006e8 00000008H .CRT$XTZ                DATA
 0002:000006f0 00000000H .gfids$x                DATA
 0002:000006f0 00000000H .gfids$y                DATA
 0002:000006f0 00008a98H .rdata                  DATA
 0002:00009188 0000035cH .rdata$r                DATA
 0002:000094e4 0000032cH .rdata$zzzdbg           DATA
 0002:00009810 00000008H .rtc$IAA                DATA
 0002:00009818 00000008H .rtc$IZZ                DATA
 0002:00009820 00000008H .rtc$TAA                DATA
 0002:00009828 00000008H .rtc$TZZ                DATA
 0002:00009830 00001838H .xdata                  DATA
 0002:0000b068 00000088H .xdata$x                DATA
 0002:0000b0f0 0000016cH .edata                  DATA
 0002:0000b25c 0000008cH .idata$2                DATA
 0002:0000b2e8 00000018H .idata$3                DATA
 0002:0000b300 00000660H .idata$4                DATA
 0002:0000b960 00000e06H .idata$6                DATA
 0003:00000000 000009b0H .data                   DATA
 0003:000009b0 00000180H .data$r                 DATA
 0003:00000b30 0002b0d0H .bss                    DATA
 0004:00000000 00001ba8H .pdata                  DATA
 0005:00000000 00000130H .rsrc$01                DATA
 0005:00000130 00001558H .rsrc$02                DATA

  Address         Publics by Value              Rva+Base               Lib:Object

 0000:00000000       __dynamic_value_reloc_table 0000000000000000     <absolute>
 0000:00000000       __guard_iat_count          0000000000000000     <absolute>
 0000:00000000       __hybrid_code_map          0000000000000000     <absolute>
 0000:00000000       __hybrid_code_map_count    0000000000000000     <absolute>
 0000:00000000       __guard_iat_table          0000000000000000     <absolute>
 0000:00000000       __hybrid_auxiliary_iat     0000000000000000     <absolute>
 0000:00000000       __guard_longjmp_table      0000000000000000     <absolute>
 0000:00000000       __guard_longjmp_count      0000000000000000     <absolute>
 0000:00000000       __guard_fids_count         0000000000000000     <absolute>
 0000:00000000       __enclave_config           0000000000000000     <absolute>
 0000:00000000       ___safe_se_handler_table   0000000000000000     <absolute>
 0000:00000000       ___safe_se_handler_count   0000000000000000     <absolute>
 0000:00000000       __guard_fids_table         0000000000000000     <absolute>
 0000:00000100       __guard_flags              0000000000000100     <absolute>
 0000:00000000       __ImageBase                0000000180000000     <linker-defined>
 0001:00000000       ?ExitFARW3@@YAXPEAX@Z      0000000180001000 f   ConEmuTh.obj
 0001:00000000       ExitFARW                   0000000180001000 f   ConEmuTh.obj
 0001:00000038       ProcessSynchroEventW       0000000180001038 f   ConEmuTh.obj
 0001:00000040       ??1?$MFileMapping@UPanelViewSetMapping@@@@QEAA@XZ 0000000180001040 f i ConEmuTh.obj
 0001:00000094       ??_G?$MFileMapping@Utag_DetectedDialog@@@@QEAAPEAXI@Z 0000000180001094 f i ConEmuTh.obj
 0001:0000026c       ?CheckConEmu@@YAHH@Z       000000018000126c f   ConEmuTh.obj
 0001:00000374       ?CheckPanelSettings@@YAHH@Z 0000000180001374 f   ConEmuTh.obj
 0001:000003ac       ?CheckVarsInitialized@@YAXXZ 00000001800013ac f   ConEmuTh.obj
 0001:000004fc       ?CheckWindows@@YA_NXZ      00000001800014fc f   ConEmuTh.obj
 0001:0000059c       ?EntryPoint@@YAXH_J_N@Z    000000018000159c f   ConEmuTh.obj
 0001:00000754       ?ExecuteInMainThread@@YAXPEAUConEmuThSynchroArg@@@Z 0000000180001754 f   ConEmuTh.obj
 0001:000007d8       ?ExitPlugin@@YAXXZ         00000001800017d8 f   ConEmuTh.obj
 0001:00000910       ?FreeItem@CePluginPanelItem@@QEAAXXZ 0000000180001910 f   ConEmuTh.obj
 0001:00000940       ?FreeUserData@CePluginPanelItem@@QEAAXXZ 0000000180001940 f   ConEmuTh.obj
 0001:00000994       ?GetActivePanel@@YAPEAUCeFullPanelInfo@@XZ 0000000180001994 f   ConEmuTh.obj
 0001:000009d8       ?GetFarRect@@YAHPEAU_SMALL_RECT@@@Z 00000001800019d8 f   ConEmuTh.obj
 0001:00000a48       ?GetFocusedThumbnails@@YAPEAUCeFullPanelInfo@@XZ 0000000180001a48 f   ConEmuTh.obj
 0001:00000aa4       ?GetMainThreadId@@YAKXZ    0000000180001aa4 f   ConEmuTh.obj
 0001:00000b58       ?GetMsgW@@YAPEB_WH@Z       0000000180001b58 f   ConEmuTh.obj
 0001:00000b94       ?GetPluginInfoWcmn@@YAXPEAX@Z 0000000180001b94 f   ConEmuTh.obj
 0001:00000bb8       ?InitName@?$MFileMapping@Utag_DetectedDialog@@@@QEAAPEB_WPEB_WKK@Z 0000000180001bb8 f i ConEmuTh.obj
 0001:00000bb8       ?InitName@?$MFileMapping@UPanelViewSetMapping@@@@QEAAPEB_WPEB_WKK@Z 0000000180001bb8 f i ConEmuTh.obj
 0001:00000c50       ?InternalOpenCreate@?$MFileMapping@UPanelViewSetMapping@@@@IEAAPEAUPanelViewSetMapping@@HHH@Z 0000000180001c50 f i ConEmuTh.obj
 0001:00000e00       ?InternalOpenCreate@?$MFileMapping@Utag_DetectedDialog@@@@IEAAPEAUtag_DetectedDialog@@HHH@Z 0000000180001e00 f i ConEmuTh.obj
 0001:00000fb0       ?IsThumbnailsActive@@YAPEAUCeFullPanelInfo@@H@Z 0000000180001fb0 f   ConEmuTh.obj
 0001:000011bc       ?LoadFarVersion@@YAHXZ     00000001800021bc f   ConEmuTh.obj
 0001:00001564       ?LoadPanelItemInfo@@YAXPEAUCeFullPanelInfo@@_J@Z 0000000180002564 f   ConEmuTh.obj
 0001:0000159c       ?LoadThSet@@YAHK@Z         000000018000259c f   ConEmuTh.obj
 0001:000017d8       ?OnPostPeekConsole@@YAHPEAXPEAU_INPUT_RECORD@@KPEAKPEAH@Z 00000001800027d8 f   ConEmuTh.obj
 0001:00001818       ?OnPostReadConsole@@YAHPEAXPEAU_INPUT_RECORD@@KPEAKPEAH@Z 0000000180002818 f   ConEmuTh.obj
 0001:0000185c       ?OnPrePeekConsole@@YAHPEAXPEAU_INPUT_RECORD@@KPEAKPEAH@Z 000000018000285c f   ConEmuTh.obj
 0001:00001920       ?OnPreReadConsole@@YAHPEAXPEAU_INPUT_RECORD@@KPEAKPEAH@Z 0000000180002920 f   ConEmuTh.obj
 0001:0000193c       ?OnPreWriteConsoleOutput@@YAHPEAXPEBU_CHAR_INFO@@U_COORD@@2PEAU_SMALL_RECT@@@Z 000000018000293c f   ConEmuTh.obj
 0001:00001abc       ?OnReadyForPanelsReload@@YAXXZ 0000000180002abc f   ConEmuTh.obj
 0001:00001c28       ?OpenPluginWcmn@@YAPEAXH_J_N@Z 0000000180002c28 f   ConEmuTh.obj
 0001:00001c94       ?OpenW@@YAPEAXPEBUOpenInfo@@@Z 0000000180002c94 f   ConEmuTh.obj
 0001:00001cc4       ?PostMacro@@YAXPEA_W@Z     0000000180002cc4 f   ConEmuTh.obj
 0001:00001e74       ?ProcessConsoleInput@@YAHHPEAU_INPUT_RECORD@@KPEAK@Z 0000000180002e74 f   ConEmuTh.obj
 0001:00002198       ?ProcessSynchroEventCommon@@YAHHPEAX@Z 0000000180003198 f   ConEmuTh.obj
 0001:00002304       ?ReloadPanelsInfo@@YAXXZ   0000000180003304 f   ConEmuTh.obj
 0001:000024b0       ?ReloadResourcesW@@YAXXZ   00000001800034b0 f   ConEmuTh.obj
 0001:0000254c       ?ResetUngetBuffer@@YAXXZ   000000018000354c f   ConEmuTh.obj
 0001:0000255c       ?SavePanelViewState@@YAXHK@Z 000000018000355c f   ConEmuTh.obj
 0001:000025a4       ?SettingsLoad@@YAHPEB_WPEAK@Z 00000001800035a4 f   ConEmuTh.obj
 0001:000025dc       ?SettingsLoadOther@@YAXPEB_W@Z 00000001800035dc f   ConEmuTh.obj
 0001:00002754       ?SettingsLoadReg@@YAHPEB_W0PEAK@Z 0000000180003754 f   ConEmuTh.obj
 0001:000027f4       ?SettingsSave@@YAXPEB_WPEAK@Z 00000001800037f4 f   ConEmuTh.obj
 0001:0000282c       ?SettingsSaveReg@@YAXPEB_W0PEAK@Z 000000018000382c f   ConEmuTh.obj
 0001:000028b4       ?ShowLastError@@YAHXZ      00000001800038b4 f   ConEmuTh.obj
 0001:0000294c       ?ShowMessage@@YAHHH@Z      000000018000394c f   ConEmuTh.obj
 0001:00002984       ?ShowPluginMenu@@YAHXZ     0000000180003984 f   ConEmuTh.obj
 0001:000029bc       ?StartPlugin@@YAXH@Z       00000001800039bc f   ConEmuTh.obj
 0001:00002b2c       ?StringCchCatW@@YAJPEA_W_KPEB_W@Z 0000000180003b2c f i ConEmuTh.obj
 0001:00002bfc       ?StringCchCopyW@@YAJPEA_W_KPEB_W@Z 0000000180003bfc f i ConEmuTh.obj
 0001:00002c74       ?UpdateEnvVar@@YAXH@Z      0000000180003c74 f   ConEmuTh.obj
 0001:00002ca4       ?isPreloadByDefault@@YA_NXZ 0000000180003ca4 f   ConEmuTh.obj
 0001:00002ccc       DllMain                    0000000180003ccc f   ConEmuTh.obj
 0001:00002d98       GetMinFarVersionW          0000000180003d98 f   ConEmuTh.obj
 0001:00002da0       SetStartupInfoW            0000000180003da0 f   ConEmuTh.obj
 0001:00002e00       ?CheckFarPanelsW1900@@YA_NXZ 0000000180003e00 f   ConEmuTh1900.obj
 0001:00002e78       ?CheckPanelSettingsW1900@@YAHH@Z 0000000180003e78 f   ConEmuTh1900.obj
 0001:00002f40       ?Color2BgIndex@Far3Color@@SAXKHAEAGPEBK@Z 0000000180003f40 f i ConEmuTh1900.obj
 0001:00003044       ?Color2FgIndex@Far3Color@@SAXKAEAGPEBK@Z 0000000180004044 f i ConEmuTh1900.obj
 0001:00003124       ?ExecuteInMainThreadW1900@@YAXPEAUConEmuThSynchroArg@@@Z 0000000180004124 f   ConEmuTh1900.obj
 0001:00003150       ?ExitFARW1900@@YAXXZ       0000000180004150 f   ConEmuTh1900.obj
 0001:000031a8       ?FarColor_3_2@@YAEAEBUFarColor@@@Z 00000001800041a8 f i ConEmuTh1900.obj
 0001:00003254       ?GetFarRectW1900@@YAXPEAU_SMALL_RECT@@@Z 0000000180004254 f   ConEmuTh1900.obj
 0001:000032e8       ?GetMsgW1900@@YAPEB_WH@Z   00000001800042e8 f   ConEmuTh1900.obj
 0001:00003314       ?GetPluginInfoW1900@@YAXPEAX@Z 0000000180004314 f   ConEmuTh1900.obj
 0001:000034d0       ?LoadPanelInfoW1900@@YAHH@Z 00000001800044d0 f   ConEmuTh1900.obj
 0001:00003998       ?LoadPanelItemInfoW1900@@YAXPEAUCeFullPanelInfo@@_J@Z 0000000180004998 f   ConEmuTh1900.obj
 0001:00003be0       ?OpenW1900@@YAPEAXPEBX@Z   0000000180004be0 f   ConEmuTh1900.obj
 0001:00003c40       ?PostMacroW1900@@YAXPEA_W@Z 0000000180004c40 f   ConEmuTh1900.obj
 0001:00003cdc       ?ReloadPanelsInfoW1900@@YAXXZ 0000000180004cdc f   ConEmuTh1900.obj
 0001:00003d00       ?SetCurrentPanelItemW1900@@YAXH_J0@Z 0000000180004d00 f   ConEmuTh1900.obj
 0001:00003e30       ?SetStartupInfoW1900@@YAXPEAX@Z 0000000180004e30 f   ConEmuTh1900.obj
 0001:00003f94       ?SettingsLoadW1900@@YAHPEB_WPEAK@Z 0000000180004f94 f   ConEmuTh1900.obj
 0001:00004078       ?SettingsSaveW1900@@YAXPEB_WPEAK@Z 0000000180005078 f   ConEmuTh1900.obj
 0001:00004164       ?ShowMessageW1900@@YAHHH@Z 0000000180005164 f   ConEmuTh1900.obj
 0001:000041ac       ?ShowMessageW1900@@YAHPEB_WH@Z 00000001800051ac f   ConEmuTh1900.obj
 0001:00004230       ?ShowPluginMenuW1900@@YAHXZ 0000000180005230 f   ConEmuTh1900.obj
 0001:00004444       ?CheckFarPanelsW2800@@YA_NXZ 0000000180005444 f   ConEmuTh2800.obj
 0001:000044d4       ?CheckPanelSettingsW2800@@YAHH@Z 00000001800054d4 f   ConEmuTh2800.obj
 0001:000045a0       ?ExecuteInMainThreadW2800@@YAXPEAUConEmuThSynchroArg@@@Z 00000001800055a0 f   ConEmuTh2800.obj
 0001:000045cc       ?ExitFARW2800@@YAXXZ       00000001800055cc f   ConEmuTh2800.obj
 0001:00004624       ?FreePanelItemUserData2800@@YAXPEAX_KP6A_JXZ@Z 0000000180005624 f   ConEmuTh2800.obj
 0001:00004658       ?GetFarRectW2800@@YAXPEAU_SMALL_RECT@@@Z 0000000180005658 f   ConEmuTh2800.obj
 0001:000046f4       ?GetMsgW2800@@YAPEB_WH@Z   00000001800056f4 f   ConEmuTh2800.obj
 0001:00004720       ?GetPluginInfoW2800@@YAXPEAX@Z 0000000180005720 f   ConEmuTh2800.obj
 0001:000048dc       ?LoadPanelInfoW2800@@YAHH@Z 00000001800058dc f   ConEmuTh2800.obj
 0001:00004da4       ?LoadPanelItemInfoW2800@@YAXPEAUCeFullPanelInfo@@_J@Z 0000000180005da4 f   ConEmuTh2800.obj
 0001:00005028       ?OpenW2800@@YAPEAXPEBX@Z   0000000180006028 f   ConEmuTh2800.obj
 0001:000050e8       ?PostMacroW2800@@YAXPEA_W@Z 00000001800060e8 f   ConEmuTh2800.obj
 0001:00005188       ?ProcessSynchroEventW3@@YA_JPEAX@Z 0000000180006188 f   ConEmuTh2800.obj
 0001:000051a0       ?ReloadPanelsInfoW2800@@YAXXZ 00000001800061a0 f   ConEmuTh2800.obj
 0001:000051c4       ?SetCurrentPanelItemW2800@@YAXH_J0@Z 00000001800061c4 f   ConEmuTh2800.obj
 0001:00005320       ?SetCurrentPanelItemW2800Int@@YAXH_J0@Z 0000000180006320 f   ConEmuTh2800.obj
 0001:00005454       ?SetStartupInfoW2800@@YAXPEAX@Z 0000000180006454 f   ConEmuTh2800.obj
 0001:000055b8       ?SettingsLoadW2800@@YAHPEB_WPEAK@Z 00000001800065b8 f   ConEmuTh2800.obj
 0001:000056ac       ?SettingsSaveW2800@@YAXPEB_WPEAK@Z 00000001800066ac f   ConEmuTh2800.obj
 0001:000057a0       ?ShowMessageW2800@@YAHHH@Z 00000001800067a0 f   ConEmuTh2800.obj
 0001:000057ec       ?ShowMessageW2800@@YAHPEB_WH@Z 00000001800067ec f   ConEmuTh2800.obj
 0001:00005874       ?ShowPluginMenuW2800@@YAHXZ 0000000180006874 f   ConEmuTh2800.obj
 0001:00005a98       GetGlobalInfoW             0000000180006a98 f   ConEmuTh2800.obj
 0001:00005b30       ?CheckFarPanelsW995@@YA_NXZ 0000000180006b30 f   ConEmuTh995.obj
 0001:00005ba8       ?CheckPanelSettingsW995@@YAHH@Z 0000000180006ba8 f   ConEmuTh995.obj
 0001:00005c40       ?ExecuteInMainThreadW995@@YAXPEAUConEmuThSynchroArg@@@Z 0000000180006c40 f   ConEmuTh995.obj
 0001:00005c68       ?ExitFARW995@@YAXXZ        0000000180006c68 f   ConEmuTh995.obj
 0001:00005ce4       ?GetFarRectW995@@YAXPEAU_SMALL_RECT@@@Z 0000000180006ce4 f   ConEmuTh995.obj
 0001:00005d24       ?GetMsgW995@@YAPEB_WH@Z    0000000180006d24 f   ConEmuTh995.obj
 0001:00005d4c       ?GetPluginInfoW995@@YAXPEAX@Z 0000000180006d4c f   ConEmuTh995.obj
 0001:00005e20       ?LoadPanelInfo995@@YAHH@Z  0000000180006e20 f   ConEmuTh995.obj
 0001:00006174       ?LoadPanelItemInfoW995@@YAXPEAUCeFullPanelInfo@@_J@Z 0000000180007174 f   ConEmuTh995.obj
 0001:00006314       ?PostMacroW995@@YAXPEA_W@Z 0000000180007314 f   ConEmuTh995.obj
 0001:00006394       ?ReloadPanelsInfoW995@@YAXXZ 0000000180007394 f   ConEmuTh995.obj
 0001:000063b8       ?SetCurrentPanelItemW995@@YAXH_J0@Z 00000001800073b8 f   ConEmuTh995.obj
 0001:000064e0       ?SetStartupInfoW995@@YAXPEAX@Z 00000001800074e0 f   ConEmuTh995.obj
 0001:000066b4       ?SettingsLoadOtherW995@@YAXXZ 00000001800076b4 f   ConEmuTh995.obj
 0001:000066c0       ?SettingsLoadW995@@YAHPEB_WPEAK@Z 00000001800076c0 f   ConEmuTh995.obj
 0001:000066d4       ?SettingsSaveW995@@YAXPEB_WPEAK@Z 00000001800076d4 f   ConEmuTh995.obj
 0001:000066e8       ?ShowMessageW995@@YAHHH@Z  00000001800076e8 f   ConEmuTh995.obj
 0001:0000672c       ?ShowMessageW995@@YAHPEB_WH@Z 000000018000772c f   ConEmuTh995.obj
 0001:0000676c       ?ShowPluginMenuW995@@YAHXZ 000000018000776c f   ConEmuTh995.obj
 0001:00006918       OpenPluginW                0000000180007918 f   ConEmuTh995.obj
 0001:00006938       ?CheckFarPanelsA@@YA_NXZ   0000000180007938 f   ConEmuThA.obj
 0001:000069c4       ?CheckPanelSettingsA@@YAHH@Z 00000001800079c4 f   ConEmuThA.obj
 0001:00006a74       ?GetMsgA@@YAPEB_WHPEA_W@Z  0000000180007a74 f   ConEmuThA.obj
 0001:00006b70       ?LoadPanelInfoA@@YAHH@Z    0000000180007b70 f   ConEmuThA.obj
 0001:00006f5c       ?PostMacroA@@YAXPEAD@Z     0000000180007f5c f   ConEmuThA.obj
 0001:00006fd8       ?ReloadPanelsInfoA@@YAXXZ  0000000180007fd8 f   ConEmuThA.obj
 0001:00006ffc       ?ReloadResourcesA@@YAXXZ   0000000180007ffc f   ConEmuThA.obj
 0001:000070d8       ?SetCurrentPanelItemA@@YAXH_J0@Z 00000001800080d8 f   ConEmuThA.obj
 0001:00007208       ?SettingsLoadA@@YAHPEB_WPEAK@Z 0000000180008208 f   ConEmuThA.obj
 0001:0000721c       ?SettingsLoadOtherA@@YAXXZ 000000018000821c f   ConEmuThA.obj
 0001:00007228       ?SettingsSaveA@@YAXPEB_WPEAK@Z 0000000180008228 f   ConEmuThA.obj
 0001:0000723c       ?ShowMessageA@@YAHHH@Z     000000018000823c f   ConEmuThA.obj
 0001:0000728c       ?ShowMessageA@@YAHPEBDH@Z  000000018000828c f   ConEmuThA.obj
 0001:000072d0       ?ShowPluginMenuA@@YAHXZ    00000001800082d0 f   ConEmuThA.obj
 0001:000074c8       ExitFAR                    00000001800084c8 f   ConEmuThA.obj
 0001:00007548       GetMinFarVersion           0000000180008548 f   ConEmuThA.obj
 0001:00007578       GetPluginInfo              0000000180008578 f   ConEmuThA.obj
 0001:000075f8       OpenPlugin                 00000001800085f8 f   ConEmuThA.obj
 0001:00007634       SetStartupInfo             0000000180008634 f   ConEmuThA.obj
 0001:0000782c       ?BisItem2CeItem@CeFullPanelInfo@@QEAAH_JH_KKKHH@Z 000000018000882c f   Display.obj
 0001:000078cc       ?CalcTopPanelItem@CeFullPanelInfo@@QEAA_J_J0@Z 00000001800088cc f   Display.obj
 0001:000079b4       ?Close@CeFullPanelInfo@@QEAAXXZ 00000001800089b4 f   Display.obj
 0001:000079f8       ?CreateView@CeFullPanelInfo@@QEAAPEAUHWND__@@XZ 00000001800089f8 f   Display.obj
 0001:00007da4       ?DisplayReloadPanel@CeFullPanelInfo@@QEAAXXZ 0000000180008da4 f   Display.obj
 0001:00007de0       ?DisplayThread@CeFullPanelInfo@@SAKPEAX@Z 0000000180008de0 f   Display.obj
 0001:00007f00       ?DisplayWndProc@CeFullPanelInfo@@SA_JPEAUHWND__@@I_K_J@Z 0000000180008f00 f   Display.obj
 0001:00008450       ?DrawItemText@CeFullPanelInfo@@QEAAHPEAUHDC__@@PEAUtagRECT@@1PEAUCePluginPanelItem@@PEB_WPEAUHBRUSH__@@H@Z 0000000180009450 f   Display.obj
 0001:00008a54       ?FarItem2CeItem@CeFullPanelInfo@@QEAAH_JPEB_W1KU_FILETIME@@_KHPEAX3P6A_JXZ3K@Z 0000000180009a54 f   Display.obj
 0001:00008dcc       ?FinalRelease@CeFullPanelInfo@@QEAAXXZ 0000000180009dcc f   Display.obj
 0001:00008f14       ?GetConCoordFromIndex@CeFullPanelInfo@@QEAAH_JAEAU_COORD@@@Z 0000000180009f14 f   Display.obj
 0001:00008fc8       ?GetIndexFromWndCoord@CeFullPanelInfo@@QEAAHHHAEA_J@Z 0000000180009fc8 f   Display.obj
 0001:00009060       ?GetItemColors@CeFullPanelInfo@@QEAAPEAUHBRUSH__@@_JPEAUCePluginPanelItem@@PEAUCePluginPanelItemColor@@HAEAK3@Z 000000018000a060 f   Display.obj
 0001:000090c8       ?Invalidate@CeFullPanelInfo@@QEAAXXZ 000000018000a0c8 f   Display.obj
 0001:0000911c       ?InvalidateAll@CeFullPanelInfo@@SAXXZ 000000018000a11c f   Display.obj
 0001:0000916c       ?LoadItemColors@CeFullPanelInfo@@QEAAX_JPEAUCePluginPanelItem@@PEAUCePluginPanelItemColor@@HH@Z 000000018000a16c f   Display.obj
 0001:000093dc       ?OnSettingsChanged@CeFullPanelInfo@@QEAAHH@Z 000000018000a3dc f   Display.obj
 0001:00009510       ?Paint@CeFullPanelInfo@@QEAAXPEAUHWND__@@AEAUtagPAINTSTRUCT@@AEAUtagRECT@@@Z 000000018000a510 f   Display.obj
 0001:00009e48       ?PaintItem@CeFullPanelInfo@@QEAAHPEAUHDC__@@_JHHPEAUCePluginPanelItem@@PEAUCePluginPanelItemColor@@HHPEAUHBRUSH__@@4K@Z 000000018000ae48 f   Display.obj
 0001:0000a36c       ?ReallocItems@CeFullPanelInfo@@QEAAH_J@Z 000000018000b36c f   Display.obj
 0001:0000a51c       ?RegisterPanelView@CeFullPanelInfo@@QEAAHXZ 000000018000b51c f   Display.obj
 0001:0000a7fc       ?RequestSetPos@CeFullPanelInfo@@QEAAX_J0H@Z 000000018000b7fc f   Display.obj
 0001:0000a8e0       ?UnregisterPanelView@CeFullPanelInfo@@QEAAH_N@Z 000000018000b8e0 f   Display.obj
 0001:0000aa1c       ??$SafeDelete@UMSectionSimple@@@@YAXAEAPEAUMSectionSimple@@@Z 000000018000ba1c f i ImgCache.obj
 0001:0000aa70       ??0?$CQueueProcessor@PEAUIMAGE_CACHE_INFO@@@@QEAA@XZ 000000018000ba70 f i ImgCache.obj
 0001:0000aaf4       ??0CImgCache@@QEAA@PEAUHINSTANCE__@@@Z 000000018000baf4 f   ImgCache.obj
 0001:0000ac30       ??1?$CQueueProcessor@PEAUIMAGE_CACHE_INFO@@@@UEAA@XZ 000000018000bc30 f i ImgCache.obj
 0001:0000acf8       ??1CImgCache@@QEAA@XZ      000000018000bcf8 f   ImgCache.obj
 0001:0000adc0       ??_E?$CQueueProcessor@PEAUIMAGE_CACHE_INFO@@@@UEAAPEAXI@Z 000000018000bdc0 f i ImgCache.obj
 0001:0000adc0       ??_GCImgLoader@@UEAAPEAXI@Z 000000018000bdc0 f i ImgCache.obj
 0001:0000adc0       ??_G?$CQueueProcessor@PEAUIMAGE_CACHE_INFO@@@@UEAAPEAXI@Z 000000018000bdc0 f i ImgCache.obj
 0001:0000adc0       ??_ECImgLoader@@UEAAPEAXI@Z 000000018000bdc0 f i ImgCache.obj
 0001:0000adf4       ?CheckDrawDibCreated@CImgCache@@IEAAHXZ 000000018000bdf4 f   ImgCache.obj
 0001:0000af64       ?CheckLoadDibCreated@CImgCache@@IEAAHXZ 000000018000bf64 f   ImgCache.obj
 0001:0000b0d4       ?CheckThread@?$CQueueProcessor@PEAUIMAGE_CACHE_INFO@@@@IEAAJXZ 000000018000c0d4 f i ImgCache.obj
 0001:0000b194       ?ClearQueue@?$CQueueProcessor@PEAUIMAGE_CACHE_INFO@@@@AEAAXXZ 000000018000c194 f i ImgCache.obj
 0001:0000b230       ?CopyBits@CImgCache@@IEAAXU_COORD@@PEAEK01@Z 000000018000c230 f   ImgCache.obj
 0001:0000b2bc       ?CopyItem@?$CQueueProcessor@PEAUIMAGE_CACHE_INFO@@@@MEAAXPEBQEAUIMAGE_CACHE_INFO@@PEAPEAU2@@Z 000000018000c2bc f i ImgCache.obj
 0001:0000b2dc       ?FindInCache@CImgCache@@IEAAHPEAUCePluginPanelItem@@PEAHI@Z 000000018000c2dc f   ImgCache.obj
 0001:0000b4fc       ?FindOrCreate@?$CQueueProcessor@PEAUIMAGE_CACHE_INFO@@@@AEAAPEAUProcessingItem@1@AEBQEAUIMAGE_CACHE_INFO@@_J_NW4ProcessingPriority@@@Z 000000018000c4fc f i ImgCache.obj
 0001:0000b750       ?FreeModules@CImgCache@@IEAAXXZ 000000018000c750 f   ImgCache.obj
 0001:0000b7bc       ?Init@CImgCache@@QEAAXK@Z  000000018000c7bc f   ImgCache.obj
 0001:0000b81c       ?InitializeQueue@?$CQueueProcessor@PEAUIMAGE_CACHE_INFO@@@@AEAAXH@Z 000000018000c81c f i ImgCache.obj
 0001:0000b8e8       ?IsEqual@?$CQueueProcessor@PEAUIMAGE_CACHE_INFO@@@@MEAA_NAEBQEAUIMAGE_CACHE_INFO@@_J01@Z 000000018000c8e8 f i ImgCache.obj
 0001:0000b904       ?IsEqual@CImgLoader@@UEAA_NAEAPEBUIMAGE_CACHE_INFO@@_JAEAPEAU2@1@Z 000000018000c904 f i ImgCache.obj
 0001:0000b91c       ?IsStopRequested@?$CQueueProcessor@PEAUIMAGE_CACHE_INFO@@@@UEAA_NAEBQEAUIMAGE_CACHE_INFO@@@Z 000000018000c91c f i ImgCache.obj
 0001:0000b92c       ?IsTerminationRequested@CImgLoader@@UEAA_NXZ 000000018000c92c f i ImgCache.obj
 0001:0000b92c       ?IsTerminationRequested@?$CQueueProcessor@PEAUIMAGE_CACHE_INFO@@@@MEAA_NXZ 000000018000c92c f i ImgCache.obj
 0001:0000b930       ?LoadModules@CImgCache@@IEAAXXZ 000000018000c930 f   ImgCache.obj
 0001:0000bb98       ?LoadShellIcon@CImgCache@@QEAAHPEAUIMAGE_CACHE_INFO@@H@Z 000000018000cb98 f   ImgCache.obj
 0001:0000bedc       ?LoadThumbnail@CImgCache@@QEAAHPEAUIMAGE_CACHE_INFO@@@Z 000000018000cedc f   ImgCache.obj
 0001:0000c458       ?OnThreadStarted@?$CQueueProcessor@PEAUIMAGE_CACHE_INFO@@@@MEAAJXZ 000000018000d458 f i ImgCache.obj
 0001:0000c45c       ?OnThreadStarted@CImgLoader@@UEAAJXZ 000000018000d45c f i ImgCache.obj
 0001:0000c470       ?OnThreadStopped@?$CQueueProcessor@PEAUIMAGE_CACHE_INFO@@@@MEAAXXZ 000000018000d470 f i ImgCache.obj
 0001:0000c470       ?OnItemFailed@?$CQueueProcessor@PEAUIMAGE_CACHE_INFO@@@@MEAAXAEAPEAUIMAGE_CACHE_INFO@@_J@Z 000000018000d470 f i ImgCache.obj
 0001:0000c470       ?LoadPanelItemInfoA@@YAXPEAUCeFullPanelInfo@@_J@Z 000000018000d470 f i ConEmuThA.obj
 0001:0000c470       _guard_check_icall_nop     000000018000d470 f i LIBCMT:guard_support.obj
 0001:0000c470       ?SettingsLoadOtherW1900@@YAXXZ 000000018000d470 f i ConEmuTh1900.obj
 0001:0000c470       ?ApplyChanges@?$CQueueProcessor@PEAUIMAGE_CACHE_INFO@@@@MEAAXAEAPEAUIMAGE_CACHE_INFO@@AEBQEAU2@@Z 000000018000d470 f i ImgCache.obj
 0001:0000c470       ?OnItemReady@?$CQueueProcessor@PEAUIMAGE_CACHE_INFO@@@@MEAAXAEAPEAUIMAGE_CACHE_INFO@@_J@Z 000000018000d470 f i ImgCache.obj
 0001:0000c470       ?SettingsLoadOtherW2800@@YAXXZ 000000018000d470 f i ConEmuTh2800.obj
 0001:0000c470       ?FreeItem@?$CQueueProcessor@PEAUIMAGE_CACHE_INFO@@@@MEAAXAEBQEAUIMAGE_CACHE_INFO@@@Z 000000018000d470 f i ImgCache.obj
 0001:0000c474       ?OnThreadStopped@CImgLoader@@UEAAXXZ 000000018000d474 f i ImgCache.obj
 0001:0000c47c       ?PaintItem@CImgCache@@QEAAHPEAUHDC__@@HHHPEAUCePluginPanelItem@@PEAPEB_WPEAH@Z 000000018000d47c f   ImgCache.obj
 0001:0000c9a4       ?ProcessItem@?$CQueueProcessor@PEAUIMAGE_CACHE_INFO@@@@IEAAJPEAUProcessingItem@1@@Z 000000018000d9a4 f i ImgCache.obj
 0001:0000c9d0       ?ProcessItem@?$CQueueProcessor@PEAUIMAGE_CACHE_INFO@@@@MEAAJAEAPEAUIMAGE_CACHE_INFO@@_J@Z 000000018000d9d0 f i ImgCache.obj
 0001:0000c9d8       ?ProcessItem@CImgLoader@@UEAAJAEAPEAUIMAGE_CACHE_INFO@@_J@Z 000000018000d9d8 f i ImgCache.obj
 0001:0000ca30       ?ProcessingStep@?$CQueueProcessor@PEAUIMAGE_CACHE_INFO@@@@IEAA_NXZ 000000018000da30 f i ImgCache.obj
 0001:0000cc48       ?ProcessingThread@?$CQueueProcessor@PEAUIMAGE_CACHE_INFO@@@@KAKPEAX@Z 000000018000dc48 f i ImgCache.obj
 0001:0000cc78       ?RequestItem@CImgCache@@QEAAHPEAUCePluginPanelItem@@I@Z 000000018000dc78 f   ImgCache.obj
 0001:0000cd78       ?Reset@CImgCache@@QEAAXXZ  000000018000dd78 f   ImgCache.obj
 0001:0000cf80       ?SetCacheLocation@CImgCache@@QEAAXPEB_W@Z 000000018000df80 f   ImgCache.obj
 0001:0000cfff       GetFileVersionInfoSizeW    000000018000dfff f   version:VERSION.dll
 0001:0000d005       GetFileVersionInfoW        000000018000e005 f   version:VERSION.dll
 0001:0000d00b       VerQueryValueW             000000018000e00b f   version:VERSION.dll
 0001:0000d011       CreateToolhelp32Snapshot   000000018000e011 f   kernel32:KERNEL32.dll
 0001:0000d017       Thread32First              000000018000e017 f   kernel32:KERNEL32.dll
 0001:0000d01d       Thread32Next               000000018000e01d f   kernel32:KERNEL32.dll
 0001:0000d024       ??2@YAPEAX_K@Z             000000018000e024 f   common-kernel64:Memory.obj
 0001:0000d058       ??3@YAXPEAX@Z              000000018000e058 f   common-kernel64:Memory.obj
 0001:0000d06c       ??_U@YAPEAX_K@Z            000000018000e06c f   common-kernel64:Memory.obj
 0001:0000d080       ??_V@YAXPEAX@Z             000000018000e080 f   common-kernel64:Memory.obj
 0001:0000d094       ?HeapDeinitialize@@YAXXZ   000000018000e094 f   common-kernel64:Memory.obj
 0001:0000d0b8       ?HeapInitialize@@YA_NXZ    000000018000e0b8 f   common-kernel64:Memory.obj
 0001:0000d0ec       ?xf_calloc@@YAPEAX_K0PEBDH@Z 000000018000e0ec f   common-kernel64:Memory.obj
 0001:0000d17c       ?xf_free@@YAXPEAXPEBDH@Z   000000018000e17c f   common-kernel64:Memory.obj
 0001:0000d1b8       ?xf_malloc@@YAPEAX_KPEBDH@Z 000000018000e1b8 f   common-kernel64:Memory.obj
 0001:0000d240       ?xf_realloc@@YAPEAXPEAX_KPEBDH@Z 000000018000e240 f   common-kernel64:Memory.obj
 0001:0000d2f4       ?xf_set_tag@@YAXPEAXPEBDH_N@Z 000000018000e2f4 f   common-kernel64:Memory.obj
 0001:0000d39c       ?xf_validate@@YA_NPEAX@Z   000000018000e39c f   common-kernel64:Memory.obj
 0001:0000d3c4       ?msprintf@@YAPEB_WPEA_W_KPEB_WZZ 000000018000e3c4 f   common-kernel64:MStrSafe.obj
 0001:0000d810       ?CommonShutdown@@YAXXZ     000000018000e810 f   common-kernel64:Common.obj
 0001:0000d820       ??_GMNullDesc@@QEAAPEAXI@Z 000000018000e820 f i common-kernel64:MSecurity.obj
 0001:0000d898       ?LoadAdvApi@MNullDesc@@IEAAHXZ 000000018000e898 f i common-kernel64:MSecurity.obj
 0001:0000da50       ?LocalSecurity@@YAPEAU_SECURITY_ATTRIBUTES@@XZ 000000018000ea50 f   common-kernel64:MSecurity.obj
 0001:0000daac       ?LocalSecurity@MNullDesc@@QEAAPEAU_SECURITY_ATTRIBUTES@@XZ 000000018000eaac f i common-kernel64:MSecurity.obj
 0001:0000dc28       ?ShutdownSecurity@@YAXXZ   000000018000ec28 f   common-kernel64:MSecurity.obj
 0001:0000dc50       ?ExecuteCmd@@YAPEAUCESERVER_REQ@@PEB_WPEAU1@KPEAUHWND__@@HKH@Z 000000018000ec50 f   common-kernel64:ConEmuCheck.obj
 0001:0000de50       ?ExecuteFreeResult@@YAXAEAPEAUCESERVER_REQ@@@Z 000000018000ee50 f   common-kernel64:ConEmuCheck.obj
 0001:0000de7c       ?ExecuteGuiCmd@@YAPEAUCESERVER_REQ@@PEAUHWND__@@PEAU1@0H@Z 000000018000ee7c f   common-kernel64:ConEmuCheck.obj
 0001:0000df3c       ?ExecuteNewCmd@@YAPEAUCESERVER_REQ@@K_K@Z 000000018000ef3c f   common-kernel64:ConEmuCheck.obj
 0001:0000dfac       ?ExecuteOpenPipe@@YAPEAXPEB_WAEAY0CAI@_W0KKHPEAXH@Z 000000018000efac f   common-kernel64:ConEmuCheck.obj
 0001:0000e15c       ?ExecutePrepareCmd@@YAXPEAUCESERVER_REQ@@K_K@Z 000000018000f15c f   common-kernel64:ConEmuCheck.obj
 0001:0000e198       ?ExecutePrepareCmd@@YAXPEAUCESERVER_REQ_HDR@@K_K@Z 000000018000f198 f   common-kernel64:ConEmuCheck.obj
 0001:0000e208       ?ModuleName@@YAPEB_WPEB_W@Z 000000018000f208 f   common-kernel64:ConEmuCheck.obj
 0001:0000e2cc       ??1?$MToolHelp@UtagPROCESSENTRY32W@@$1?Process32FirstW@@YAHPEAXPEAU1@@Z$1?Process32NextW@@YAH01@Z@@UEAA@XZ 000000018000f2cc f i common-kernel64:MProcess.obj
 0001:0000e370       ??_GMToolHelpProcess@@UEAAPEAXI@Z 000000018000f370 f i common-kernel64:MProcess.obj
 0001:0000e370       ??_E?$MToolHelp@UtagPROCESSENTRY32W@@$1?Process32FirstW@@YAHPEAXPEAU1@@Z$1?Process32NextW@@YAH01@Z@@UEAAPEAXI@Z 000000018000f370 f i common-kernel64:MProcess.obj
 0001:0000e370       ??_G?$MToolHelp@UtagPROCESSENTRY32W@@$1?Process32FirstW@@YAHPEAXPEAU1@@Z$1?Process32NextW@@YAH01@Z@@UEAAPEAXI@Z 000000018000f370 f i common-kernel64:MProcess.obj
 0001:0000e370       ??_EMToolHelpProcess@@UEAAPEAXI@Z 000000018000f370 f i common-kernel64:MProcess.obj
 0001:0000e3a4       ?Find@?$MToolHelp@UtagPROCESSENTRY32W@@$1?Process32FirstW@@YAHPEAXPEAU1@@Z$1?Process32NextW@@YAH01@Z@@QEAA_NP6A_NPEAUtagPROCESSENTRY32W@@_J@Z10@Z 000000018000f3a4 f i common-kernel64:MProcess.obj
 0001:0000e478       ?Open@?$MToolHelp@UtagPROCESSENTRY32W@@$1?Process32FirstW@@YAHPEAXPEAU1@@Z$1?Process32NextW@@YAH01@Z@@QEAA_NXZ 000000018000f478 f i common-kernel64:MProcess.obj
 0001:0000e4fc       ?addsize@?$MArray@UtagPROCESSENTRY32W@@@@QEAAX_J@Z 000000018000f4fc f i common-kernel64:MProcess.obj
 0001:0000e5bc       ?getNext@?$MToolHelp@UtagPROCESSENTRY32W@@$1?Process32FirstW@@YAHPEAXPEAU1@@Z$1?Process32NextW@@YAH01@Z@@IEAA_NXZ 000000018000f5bc f i common-kernel64:MProcess.obj
 0001:0000e65c       ?isTerminalMode@@YA_NXZ    000000018000f65c f   common-kernel64:MProcess.obj
 0001:0000e7e0       ?push_back@?$MArray@UtagPROCESSENTRY32W@@@@QEAA_JAEBUtagPROCESSENTRY32W@@@Z 000000018000f7e0 f i common-kernel64:MProcess.obj
 0001:0000e854       ?Init@HkFunc@@QEAA_NPEB_WPEAUHINSTANCE__@@@Z 000000018000f854 f   common-kernel64:HkFunc.obj
 0001:0000e8f4       ??0MSection@@QEAA@XZ       000000018000f8f4 f   common-kernel64:MSection.obj
 0001:0000e97c       ??0MSectionLock@@QEAA@XZ   000000018000f97c f   common-kernel64:MSection.obj
 0001:0000e98c       ??1MSection@@QEAA@XZ       000000018000f98c f   common-kernel64:MSection.obj
 0001:0000ea00       ??1MSectionLock@@QEAA@XZ   000000018000fa00 f   common-kernel64:MSection.obj
 0001:0000ea24       ?AddRef@MSection@@IEAAXK@Z 000000018000fa24 f   common-kernel64:MSection.obj
 0001:0000eab8       ?Lock@MSection@@IEAAHHK@Z  000000018000fab8 f   common-kernel64:MSection.obj
 0001:0000ebb8       ?Lock@MSectionLock@@QEAAHPEAVMSection@@HK@Z 000000018000fbb8 f   common-kernel64:MSection.obj
 0001:0000ec0c       ?MyEnterCriticalSection@MSection@@IEAA_NK@Z 000000018000fc0c f   common-kernel64:MSection.obj
 0001:0000ed3c       ?ReleaseRef@MSection@@IEAAHK@Z 000000018000fd3c f   common-kernel64:MSection.obj
 0001:0000ede0       ?Unlock@MSection@@IEAAXH@Z 000000018000fde0 f   common-kernel64:MSection.obj
 0001:0000ee38       ?Unlock@MSectionLock@@QEAAXXZ 000000018000fe38 f   common-kernel64:MSection.obj
 0001:0000ee64       ?WaitUnlocked@MSection@@IEAAXKK@Z 000000018000fe64 f   common-kernel64:MSection.obj
 0001:0000eef8       ?SetThreadName@@YAXKPEAD@Z 000000018000fef8 f   common-kernel64:WThreads.obj
 0001:0000ef30       ?apiCreateThread@@YAPEAXP6AKPEAX@Z0PEAKPEBDH@Z 000000018000ff30 f   common-kernel64:WThreads.obj
 0001:0000f080       ?apiTerminateThreadEx@@YAHPEAXKPEBDH@Z 0000000180010080 f   common-kernel64:WThreads.obj
 0001:0000f188       ?apiThreadHelper@@YAKPEAX@Z 0000000180010188 f   common-kernel64:WThreads.obj
 0001:0000f394       ?ExpandEnvStr@@YAPEA_WPEB_W@Z 0000000180010394 f   common-kernel64:WObjects.obj
 0001:0000f45c       ?FileExists@@YA_NPEB_WPEAK@Z 000000018001045c f   common-kernel64:WObjects.obj
 0001:0000f5e8       ?GetEnvVar@@YAPEA_WPEB_W@Z 00000001800105e8 f   common-kernel64:WObjects.obj
 0001:0000f6b8       ?IsWindows64@@YA_NXZ       00000001800106b8 f   common-kernel64:WObjects.obj
 0001:0000f6dc       ?StringCchCopyNW@@YAJPEA_W_KPEB_W1@Z 00000001800106dc f i common-kernel64:WObjects.obj
 0001:0000f764       ?PointToExt@@YAPEB_WPEB_W@Z 0000000180010764 f   common-kernel64:CmdLine.obj
 0001:0000f788       ?PointToName@@YAPEB_WPEB_W@Z 0000000180010788 f   common-kernel64:CmdLine.obj
 0001:0000f7e4       ?Unquote@@YAPEB_WPEA_W_N@Z 00000001800107e4 f   common-kernel64:CmdLine.obj
 0001:0000f84c       ?lstrdup@@YAPEA_WPEB_W_K@Z 000000018001084c f   common-kernel64:MStrDup.obj
 0001:0000f8cc       ?lstrmerge@@YAPEA_WPEB_W00000000@Z 00000001800108cc f   common-kernel64:MStrDup.obj
 0001:0000fa18       ??0MSectionLockSimple@@QEAA@XZ 0000000180010a18 f   common-kernel64:MSectionSimple.obj
 0001:0000fa24       ??0MSectionSimple@@QEAA@_N@Z 0000000180010a24 f   common-kernel64:MSectionSimple.obj
 0001:0000fa5c       ??1MSectionLockSimple@@QEAA@XZ 0000000180010a5c f   common-kernel64:MSectionSimple.obj
 0001:0000fa70       ??1MSectionSimple@@QEAA@XZ 0000000180010a70 f   common-kernel64:MSectionSimple.obj
 0001:0000fa70       ?Close@MSectionSimple@@QEAAXXZ 0000000180010a70 f   common-kernel64:MSectionSimple.obj
 0001:0000fa90       ?Enter@MSectionSimple@@QEAAXXZ 0000000180010a90 f   common-kernel64:MSectionSimple.obj
 0001:0000fa98       ?Init@MSectionSimple@@QEAAXXZ 0000000180010a98 f   common-kernel64:MSectionSimple.obj
 0001:0000fab8       ?Leave@MSectionSimple@@QEAAXXZ 0000000180010ab8 f   common-kernel64:MSectionSimple.obj
 0001:0000fac0       ?Lock@MSectionLockSimple@@QEAAHPEAUMSectionSimple@@K@Z 0000000180010ac0 f   common-kernel64:MSectionSimple.obj
 0001:0000fb58       ?RecreateAndLock@MSectionSimple@@QEAA_NXZ 0000000180010b58 f   common-kernel64:MSectionSimple.obj
 0001:0000fbc8       ?TryEnter@MSectionSimple@@QEAA_NXZ 0000000180010bc8 f   common-kernel64:MSectionSimple.obj
 0001:0000fbf0       ?Unlock@MSectionLockSimple@@QEAAXXZ 0000000180010bf0 f   common-kernel64:MSectionSimple.obj
 0001:0000fc18       ??0CEStr@@QEAA@PEB_W00000000@Z 0000000180010c18 f   common-kernel64:CEStr.obj
 0001:0000fcc0       ??1CEStr@@QEAA@XZ          0000000180010cc0 f   common-kernel64:CEStr.obj
 0001:0000fd1c       ??BCEStr@@QEBAPEB_WXZ      0000000180010d1c f   common-kernel64:CEStr.obj
 0001:0000fd20       ?AttachInt@CEStr@@AEAAPEB_WAEAPEA_W@Z 0000000180010d20 f   common-kernel64:CEStr.obj
 0001:0000fdb4       ?Empty@CEStr@@QEAAXXZ      0000000180010db4 f   common-kernel64:CEStr.obj
 0001:0000fdd4       ?GetBuffer@CEStr@@QEAAPEA_W_J@Z 0000000180010dd4 f   common-kernel64:CEStr.obj
 0001:0000fea4       ?GetLen@CEStr@@QEBA_JXZ    0000000180010ea4 f   common-kernel64:CEStr.obj
 0001:0000fecc       ?GetMaxCount@CEStr@@QEAA_JXZ 0000000180010ecc f   common-kernel64:CEStr.obj
 0001:0000fef8       ?SavePathVar@CEStr@@QEAAXPEB_W@Z 0000000180010ef8 f   common-kernel64:CEStr.obj
 0001:0000ff30       ?Set@CEStr@@QEAAPEB_WPEB_W_J@Z 0000000180010f30 f   common-kernel64:CEStr.obj
 0001:00010024       ??0CRgnDetect@@QEAA@XZ     0000000180011024 f   common-user64:RgnDetect.obj
 0001:000100e4       ??1CRgnDetect@@QEAA@XZ     00000001800110e4 f   common-user64:RgnDetect.obj
 0001:00010174       ?DetectDialog@CRgnDetect@@IEAA_NPEA_WPEAUtag_CharAttr@@HHHHPEAH2@Z 0000000180011174 f   common-user64:RgnDetect.obj
 0001:0001051c       ?ExpandDialogFrame@CRgnDetect@@IEAA_NPEA_WPEAUtag_CharAttr@@HHAEAH2HH22@Z 000000018001151c f   common-user64:RgnDetect.obj
 0001:000107dc       ?FindByBackground@CRgnDetect@@IEAA_NPEA_WPEAUtag_CharAttr@@HHAEAH222AEA_N@Z 00000001800117dc f   common-user64:RgnDetect.obj
 0001:000108dc       ?FindDialog_Any@CRgnDetect@@IEAA_NPEA_WPEAUtag_CharAttr@@HHAEAH222AEA_N@Z 00000001800118dc f   common-user64:RgnDetect.obj
 0001:00010b8c       ?FindDialog_Inner@CRgnDetect@@IEAA_NPEA_WPEAUtag_CharAttr@@HHAEAH2@Z 0000000180011b8c f   common-user64:RgnDetect.obj
 0001:00010cd4       ?FindDialog_Left@CRgnDetect@@IEAA_NPEA_WPEAUtag_CharAttr@@HHAEAH222AEA_N@Z 0000000180011cd4 f   common-user64:RgnDetect.obj
 0001:00010ec4       ?FindDialog_Right@CRgnDetect@@IEAA_NPEA_WPEAUtag_CharAttr@@HHAEAH222AEA_N@Z 0000000180011ec4 f   common-user64:RgnDetect.obj
 0001:0001102c       ?FindDialog_TopLeft@CRgnDetect@@IEAA_NPEA_WPEAUtag_CharAttr@@HHAEAH222AEA_N@Z 000000018001202c f   common-user64:RgnDetect.obj
 0001:00011138       ?FindDialog_TopRight@CRgnDetect@@IEAA_NPEA_WPEAUtag_CharAttr@@HHAEAH222AEA_N@Z 0000000180012138 f   common-user64:RgnDetect.obj
 0001:00011250       ?FindFrameBottom_ByLeft@CRgnDetect@@IEAA_NPEA_WPEAUtag_CharAttr@@HHAEAH22@Z 0000000180012250 f   common-user64:RgnDetect.obj
 0001:000112e4       ?FindFrameBottom_ByRight@CRgnDetect@@IEAA_NPEA_WPEAUtag_CharAttr@@HHAEAH22@Z 00000001800122e4 f   common-user64:RgnDetect.obj
 0001:00011398       ?FindFrameLeft_ByBottom@CRgnDetect@@IEAA_NPEA_WPEAUtag_CharAttr@@HHAEAH22@Z 0000000180012398 f   common-user64:RgnDetect.obj
 0001:00011468       ?FindFrameLeft_ByTop@CRgnDetect@@IEAA_NPEA_WPEAUtag_CharAttr@@HHAEAH22@Z 0000000180012468 f   common-user64:RgnDetect.obj
 0001:000115dc       ?FindFrameRight_ByBottom@CRgnDetect@@IEAA_NPEA_WPEAUtag_CharAttr@@HHAEAH22@Z 00000001800125dc f   common-user64:RgnDetect.obj
 0001:000116bc       ?FindFrameRight_ByTop@CRgnDetect@@IEAA_NPEA_WPEAUtag_CharAttr@@HHAEAH22@Z 00000001800126bc f   common-user64:RgnDetect.obj
 0001:000117e8       ?FindFrameTop_ByLeft@CRgnDetect@@IEAA_NPEA_WPEAUtag_CharAttr@@HHAEAH22@Z 00000001800127e8 f   common-user64:RgnDetect.obj
 0001:0001186c       ?FindFrameTop_ByRight@CRgnDetect@@IEAA_NPEA_WPEAUtag_CharAttr@@HHAEAH22@Z 000000018001286c f   common-user64:RgnDetect.obj
 0001:00011914       ?FindFrame_TopLeft@CRgnDetect@@IEAA_NPEA_WPEAUtag_CharAttr@@HHAEAH222@Z 0000000180012914 f   common-user64:RgnDetect.obj
 0001:00011a18       ?GetCharAttr@CRgnDetect@@QEAAHHHAEA_WAEAUtag_CharAttr@@@Z 0000000180012a18 f   common-user64:RgnDetect.obj
 0001:00011a98       ?GetDetectedDialogsPtr@CRgnDetect@@QEBAPEBUtag_DetectedDialog@@XZ 0000000180012a98 f   common-user64:RgnDetect.obj
 0001:00011aa0       ?GetFlags@CRgnDetect@@QEBAKXZ 0000000180012aa0 f   common-user64:RgnDetect.obj
 0001:00011aa8       ?InitializeSBI@CRgnDetect@@QEAAHPEBK@Z 0000000180012aa8 f   common-user64:RgnDetect.obj
 0001:00011ed4       ?MarkDialog@CRgnDetect@@IEAAHPEA_WPEAUtag_CharAttr@@HHHHHHI_NK@Z 0000000180012ed4 f   common-user64:RgnDetect.obj
 0001:000127f4       ?OnWindowSizeChanged@CRgnDetect@@QEAAXXZ 00000001800137f4 f   common-user64:RgnDetect.obj
 0001:000127fc       ?OnWriteConsoleOutput@CRgnDetect@@QEAAXPEBU_CHAR_INFO@@U_COORD@@1PEAU_SMALL_RECT@@PEBK@Z 00000001800137fc f   common-user64:RgnDetect.obj
 0001:00012a68       ?PrepareTransparent@CRgnDetect@@QEAAXPEBUCEFAR_INFO_MAPPING@@PEBK@Z 0000000180013a68 f   common-user64:RgnDetect.obj
 0001:00012b3c       ?PrepareTransparent@CRgnDetect@@QEAAXPEBUCEFAR_INFO_MAPPING@@PEBKPEBU_CONSOLE_SCREEN_BUFFER_INFO@@PEA_WPEAUtag_CharAttr@@HH@Z 0000000180013b3c f   common-user64:RgnDetect.obj
 0001:00013380       ?SetFarRect@CRgnDetect@@QEAAXPEAU_SMALL_RECT@@@Z 0000000180014380 f   common-user64:RgnDetect.obj
 0001:00013400       ?TextHeight@CRgnDetect@@QEAAHXZ 0000000180014400 f   common-user64:RgnDetect.obj
 0001:0001342c       ?TextWidth@CRgnDetect@@QEAAHXZ 000000018001442c f   common-user64:RgnDetect.obj
 0001:00013458       ?SearchAppPaths@@YA_NPEB_WAEAUCEStr@@_NPEAU1@@Z 0000000180014458 f   common-user64:WFiles.obj
 0001:00013898       ?apiShowWindow@@YA_NPEAUHWND__@@H@Z 0000000180014898 f   common-user64:WUser.obj
 0001:000138ac       ??3@YAXPEAX_K@Z            00000001800148ac f   LIBCMT:delete_scalar_size.obj
 0001:000138b4       __GSHandlerCheck           00000001800148b4 f   LIBCMT:_gshandler_.obj
 0001:000138d4       __GSHandlerCheckCommon     00000001800148d4 f   LIBCMT:_gshandler_.obj
 0001:00013930       __GSHandlerCheck_EH        0000000180014930 f   LIBCMT:gshandlereh.obj
 0001:000139c0       __security_check_cookie    00000001800149c0 f   LIBCMT:_amdsecgs_.obj
 0001:000139e4       ??_Etype_info@@UEAAPEAXI@Z 00000001800149e4 f i LIBCMT:std_type_info_static.obj
 0001:000139e4       ??_Gtype_info@@UEAAPEAXI@Z 00000001800149e4 f i LIBCMT:std_type_info_static.obj
 0001:00013d4c       _DllMainCRTStartup         0000000180014d4c f   LIBCMT:dll_dllmain.obj
 0001:00013d8c       __raise_securityfailure    0000000180014d8c f   LIBCMT:gs_report.obj
 0001:00013dc0       __report_gsfailure         0000000180014dc0 f   LIBCMT:gs_report.obj
 0001:00013e94       __report_rangecheckfailure 0000000180014e94 f   LIBCMT:gs_report.obj
 0001:00013ea8       __report_securityfailure   0000000180014ea8 f   LIBCMT:gs_report.obj
 0001:00014028       __security_init_cookie     0000000180015028 f   LIBCMT:gs_support.obj
 0001:000140d4       ?__scrt_initialize_type_info@@YAXXZ 00000001800150d4 f   LIBCMT:tncleanup.obj
 0001:000140e4       ?__scrt_uninitialize_type_info@@YAXXZ 00000001800150e4 f   LIBCMT:tncleanup.obj
 0001:000140f0       __local_stdio_printf_options 00000001800150f0 f i LIBCMT:default_local_stdio_options.obj
 0001:000140f8       __local_stdio_scanf_options 00000001800150f8 f i LIBCMT:default_local_stdio_options.obj
 0001:00014100       __scrt_initialize_default_local_stdio_options 0000000180015100 f   LIBCMT:default_local_stdio_options.obj
 0001:0001411c       __scrt_acquire_startup_lock 000000018001511c f   LIBCMT:utility.obj
 0001:00014158       __scrt_dllmain_after_initialize_c 0000000180015158 f   LIBCMT:utility.obj
 0001:0001418c       __scrt_dllmain_before_initialize_c 000000018001518c f   LIBCMT:utility.obj
 0001:000141a4       __scrt_dllmain_crt_thread_attach 00000001800151a4 f   LIBCMT:utility.obj
 0001:000141cc       __scrt_dllmain_crt_thread_detach 00000001800151cc f   LIBCMT:utility.obj
 0001:000141e4       __scrt_dllmain_exception_filter 00000001800151e4 f   LIBCMT:utility.obj
 0001:00014248       __scrt_dllmain_uninitialize_c 0000000180015248 f   LIBCMT:utility.obj
 0001:00014278       __scrt_dllmain_uninitialize_critical 0000000180015278 f   LIBCMT:utility.obj
 0001:0001428c       __scrt_initialize_crt      000000018001528c f   LIBCMT:utility.obj
 0001:000142d8       __scrt_initialize_onexit_tables 00000001800152d8 f   LIBCMT:utility.obj
 0001:000143b8       __scrt_is_nonwritable_in_current_image 00000001800153b8 f   LIBCMT:utility.obj
 0001:00014454       __scrt_release_startup_lock 0000000180015454 f   LIBCMT:utility.obj
 0001:00014478       __scrt_uninitialize_crt    0000000180015478 f   LIBCMT:utility.obj
 0001:000144a4       __scrt_get_dyn_tls_init_callback 00000001800154a4 f   LIBCMT:dyn_tls_init.obj
 0001:000144ac       __crt_debugger_hook        00000001800154ac f   LIBCMT:utility_desktop.obj
 0001:000144b4       __scrt_fastfail            00000001800154b4 f   LIBCMT:utility_desktop.obj
 0001:00014600       _RTC_Initialize            0000000180015600 f   LIBCMT:_initsect_.obj
 0001:0001464c       _RTC_Terminate             000000018001564c f   LIBCMT:_initsect_.obj
 0001:00014698       _guard_check_icall         0000000180015698 f i LIBCMT:checkcfg.obj
 0001:000146a0       __isa_available_init       00000001800156a0 f   LIBCMT:_cpu_disp_.obj
 0001:0001485c       _get_startup_argv_mode     000000018001585c f   LIBCMT:argv_mode.obj
 0001:00014864       __scrt_is_ucrt_dll_in_use  0000000180015864 f   LIBCMT:ucrt_detection.obj
 0001:00014880       memmove                    0000000180015880 f   libvcruntime:memcpy.obj
 0001:00014880       memcpy                     0000000180015880 f   libvcruntime:memcpy.obj
 0001:00014cc8       wcsrchr                    0000000180015cc8 f   libvcruntime:wcsrchr.obj
 0001:00014d78       ?_ExecutionInCatch@@YAHPEAU_xDISPATCHER_CONTEXT@@PEBU_s_FuncInfo@@@Z 0000000180015d78 f   libvcruntime:risctrnsctrl.obj
 0001:00014dec       ?_GetEstablisherFrame@@YAPEA_KPEA_KPEAU_xDISPATCHER_CONTEXT@@PEBU_s_FuncInfo@@0@Z 0000000180015dec f   libvcruntime:risctrnsctrl.obj
 0001:00014eb8       ?_GetRangeOfTrysToCheck@@YAPEBU_s_TryBlockMapEntry@@PEA_KPEBU_s_FuncInfo@@HHPEAI2PEAU_xDISPATCHER_CONTEXT@@@Z 0000000180015eb8 f   libvcruntime:risctrnsctrl.obj
 0001:00014fe4       ?__FrameUnwindToEmptyState@@YAXPEA_KPEAU_xDISPATCHER_CONTEXT@@PEBU_s_FuncInfo@@@Z 0000000180015fe4 f   libvcruntime:risctrnsctrl.obj
 0001:00015078       _CallSETranslator          0000000180016078 f   libvcruntime:risctrnsctrl.obj
 0001:000150d0       _CreateFrameInfo           00000001800160d0 f   libvcruntime:risctrnsctrl.obj
 0001:0001510c       _FindAndUnlinkFrame        000000018001610c f   libvcruntime:risctrnsctrl.obj
 0001:00015164       _GetImageBase              0000000180016164 f   libvcruntime:risctrnsctrl.obj
 0001:00015178       _GetThrowImageBase         0000000180016178 f   libvcruntime:risctrnsctrl.obj
 0001:0001518c       _SetImageBase              000000018001618c f   libvcruntime:risctrnsctrl.obj
 0001:000151a4       _SetThrowImageBase         00000001800161a4 f   libvcruntime:risctrnsctrl.obj
 0001:000151bc       _UnwindNestedFrames        00000001800161bc f   libvcruntime:risctrnsctrl.obj
 0001:000152e0       __CxxFrameHandler3         00000001800162e0 f   libvcruntime:risctrnsctrl.obj
 0001:00015370       memcmp                     0000000180016370 f   libvcruntime:memcmp.obj
 0001:00015450       memset                     0000000180016450 f   libvcruntime:memset.obj
 0001:00015600       wcschr                     0000000180016600 f   libvcruntime:wcschr.obj
 0001:00015694       __C_specific_handler       0000000180016694 f   libvcruntime:_riscchandler_.obj
 0001:00015890       strrchr                    0000000180016890 f   libvcruntime:strrchr.obj
 0001:000159d0       strchr                     00000001800169d0 f   libvcruntime:strchr.obj
 0001:00015a70       memchr                     0000000180016a70 f   libvcruntime:memchr.obj
 0001:00015ae0       __std_type_info_compare    0000000180016ae0 f   libvcruntime:std_type_info.obj
 0001:00015b08       __std_type_info_destroy_list 0000000180016b08 f   libvcruntime:std_type_info.obj
 0001:00015b34       __vcrt_initialize          0000000180016b34 f   libvcruntime:initialization.obj
 0001:00015b68       __vcrt_thread_attach       0000000180016b68 f   libvcruntime:initialization.obj
 0001:00015b7c       __vcrt_thread_detach       0000000180016b7c f   libvcruntime:initialization.obj
 0001:00015b90       __vcrt_uninitialize        0000000180016b90 f   libvcruntime:initialization.obj
 0001:00015bb0       __vcrt_uninitialize_critical 0000000180016bb0 f   libvcruntime:initialization.obj
 0001:00015bc0       __vcrt_freefls             0000000180016bc0 f   libvcruntime:per_thread_data.obj
 0001:00015be0       __vcrt_freeptd             0000000180016be0 f   libvcruntime:per_thread_data.obj
 0001:00015c30       __vcrt_getptd              0000000180016c30 f   libvcruntime:per_thread_data.obj
 0001:00015c4c       __vcrt_getptd_noexit       0000000180016c4c f   libvcruntime:per_thread_data.obj
 0001:00015d04       __vcrt_initialize_ptd      0000000180016d04 f   libvcruntime:per_thread_data.obj
 0001:00015d44       __vcrt_uninitialize_ptd    0000000180016d44 f   libvcruntime:per_thread_data.obj
 0001:00015d68       ?__GetCurrentState@@YAHPEA_KPEAU_xDISPATCHER_CONTEXT@@PEBU_s_FuncInfo@@@Z 0000000180016d68 f   libvcruntime:riscehstate.obj
 0001:00015d90       ?__GetUnwindTryBlock@@YAHPEA_KPEAU_xDISPATCHER_CONTEXT@@PEBU_s_FuncInfo@@@Z 0000000180016d90 f   libvcruntime:riscehstate.obj
 0001:00015dbc       ?__SetState@@YAXPEA_KPEAU_xDISPATCHER_CONTEXT@@PEBU_s_FuncInfo@@H@Z 0000000180016dbc f   libvcruntime:riscehstate.obj
 0001:00015dc8       ?__SetUnwindTryBlock@@YAXPEA_KPEAU_xDISPATCHER_CONTEXT@@PEBU_s_FuncInfo@@H@Z 0000000180016dc8 f   libvcruntime:riscehstate.obj
 0001:00015e04       ?__StateFromControlPc@@YAHPEBU_s_FuncInfo@@PEAU_xDISPATCHER_CONTEXT@@@Z 0000000180016e04 f   libvcruntime:riscehstate.obj
 0001:00015e0c       ?__StateFromIp@@YAHPEBU_s_FuncInfo@@PEAU_xDISPATCHER_CONTEXT@@_K@Z 0000000180016e0c f   libvcruntime:riscehstate.obj
 0001:00015e78       ??0bad_exception@std@@QEAA@AEBV01@@Z 0000000180016e78 f i libvcruntime:frame.obj
 0001:00015eb8       ??0bad_exception@std@@QEAA@XZ 0000000180016eb8 f i libvcruntime:frame.obj
 0001:00015ed8       ??0exception@std@@QEAA@AEBV01@@Z 0000000180016ed8 f i libvcruntime:frame.obj
 0001:00015f10       ??1bad_exception@std@@UEAA@XZ 0000000180016f10 f i libvcruntime:frame.obj
 0001:00015f24       ??_Ebad_exception@std@@UEAAPEAXI@Z 0000000180016f24 f i libvcruntime:frame.obj
 0001:00015f24       ??_Gbad_exception@std@@UEAAPEAXI@Z 0000000180016f24 f i libvcruntime:frame.obj
 0001:00015f24       ??_Gexception@std@@UEAAPEAXI@Z 0000000180016f24 f i libvcruntime:frame.obj
 0001:00015f24       ??_Eexception@std@@UEAAPEAXI@Z 0000000180016f24 f i libvcruntime:frame.obj
 0001:000168c4       ?_CallMemberFunction1@@YAXQEAX00@Z 00000001800178c4 f i libvcruntime:frame.obj
 0001:000168d0       ?_CallMemberFunction2@@YAXQEAX00H@Z 00000001800178d0 f i libvcruntime:frame.obj
 0001:000168e0       ?what@exception@std@@UEBAPEBDXZ 00000001800178e0 f i libvcruntime:frame.obj
 0001:000168f4       __BuildCatchObject         00000001800178f4 f   libvcruntime:frame.obj
 0001:000169b8       __BuildCatchObjectHelper   00000001800179b8 f   libvcruntime:frame.obj
 0001:00016b98       __CxxCallCatchBlock        0000000180017b98 f   libvcruntime:frame.obj
 0001:00016d84       __FrameUnwindToState       0000000180017d84 f   libvcruntime:frame.obj
 0001:00016f18       __InternalCxxFrameHandler  0000000180017f18 f   libvcruntime:frame.obj
 0001:0001716c       __TypeMatch                000000018001816c f   libvcruntime:frame.obj
 0001:000172c0       _local_unwind              00000001800182c0 f   libvcruntime:_jmpuwind_.obj
 0001:000172f0       _NLG_Notify                00000001800182f0 f   libvcruntime:_jmpuwind_.obj
 0001:00017310       __NLG_Dispatch2            0000000180018310 f   libvcruntime:_jmpuwind_.obj
 0001:00017320       __NLG_Return2              0000000180018320 f   libvcruntime:_jmpuwind_.obj
 0001:00017324       __except_validate_context_record 0000000180018324 f   libvcruntime:jbcxrval.obj
 0001:0001735c       __vcrt_initialize_locks    000000018001835c f   libvcruntime:locks.obj
 0001:000173a4       __vcrt_uninitialize_locks  00000001800183a4 f   libvcruntime:locks.obj
 0001:000175b4       __vcrt_FlsAlloc            00000001800185b4 f   libvcruntime:winapi_downlevel.obj
 0001:00017608       __vcrt_FlsFree             0000000180018608 f   libvcruntime:winapi_downlevel.obj
 0001:0001765c       __vcrt_FlsGetValue         000000018001865c f   libvcruntime:winapi_downlevel.obj
 0001:000176b0       __vcrt_FlsSetValue         00000001800186b0 f   libvcruntime:winapi_downlevel.obj
 0001:00017718       __vcrt_InitializeCriticalSectionEx 0000000180018718 f   libvcruntime:winapi_downlevel.obj
 0001:00017790       __vcrt_initialize_winapi_thunks 0000000180018790 f   libvcruntime:winapi_downlevel.obj
 0001:000177d4       __vcrt_uninitialize_winapi_thunks 00000001800187d4 f   libvcruntime:winapi_downlevel.obj
 0001:00017814       __vcrt_initialize_pure_virtual_call_handler 0000000180018814 f   libvcruntime:purevirt_data.obj
 0001:00017850       _CallSettingFrame          0000000180018850 f   libvcruntime:handlers.obj
 0001:00017890       __DestructExceptionObject  0000000180018890 f   libvcruntime:ehhelpers.obj
 0001:00017918       ?_CallMemberFunction0@@YAXQEAX0@Z 0000000180018918 f i libvcruntime:ehhelpers.obj
 0001:0001791c       _IsExceptionObjectToBeDestroyed 000000018001891c f   libvcruntime:ehhelpers.obj
 0001:0001794c       __AdjustPointer            000000018001894c f   libvcruntime:ehhelpers.obj
 0001:00017970       __FrameUnwindFilter        0000000180018970 f   libvcruntime:ehhelpers.obj
 0001:000179bc       __std_exception_copy       00000001800189bc f   libvcruntime:std_exception.obj
 0001:00017a4c       __std_exception_destroy    0000000180018a4c f   libvcruntime:std_exception.obj
 0001:00017a74       _CxxThrowException         0000000180018a74 f   libvcruntime:throw.obj
 0001:00017b4c       wcsncmp                    0000000180018b4c f   libucrt:wcsncmp.obj
 0001:00017b78       ??0_LocaleUpdate@@QEAA@QEAU__crt_locale_pointers@@@Z 0000000180018b78 f i libucrt:strtox.obj
 0001:00017c08       wcspbrk                    0000000180018c08 f   libucrt:wcspbrk.obj
 0001:00017c40       _initterm                  0000000180018c40 f   libucrt:initterm.obj
 0001:00017cb8       _initterm_e                0000000180018cb8 f   libucrt:initterm.obj
 0001:00017d04       _seh_filter_dll            0000000180018d04 f   libucrt:exception_filter.obj
 0001:00017d18       _seh_filter_exe            0000000180018d18 f   libucrt:exception_filter.obj
 0001:000180d8       __acrt_initialize_thread_local_exit_callback 00000001800190d8 f   libucrt:exit.obj
 0001:000180e0       _cexit                     00000001800190e0 f   libucrt:exit.obj
 0001:000180f0       _exit                      00000001800190f0 f   libucrt:exit.obj
 0001:000180fc       _is_c_termination_complete 00000001800190fc f   libucrt:exit.obj
 0001:000182c0       __acrt_allocate_buffer_for_argv 00000001800192c0 f   libucrt:argv_parsing.obj
 0001:00018324       _configure_narrow_argv     0000000180019324 f   libucrt:argv_parsing.obj
 0001:00018680       __dcrt_uninitialize_environments_nolock 0000000180019680 f   libucrt:environment_initialization.obj
 0001:000186b8       _initialize_narrow_environment 00000001800196b8 f   libucrt:environment_initialization.obj
 0001:000186c0       ??$?RV<lambda_e24bbb7b643b32fcea6fa61b31d4c984>@@AEAV<lambda_275893d493268fdec8709772e3fcec0e>@@V<lambda_9d71df4d7cf3f480f8d633942495c3b0>@@@?$__crt_seh_guarded_call@H@@QEAAH$$QEAV<lambda_e24bbb7b643b32fcea6fa61b31d4c984>@@AEAV<lambda_275893d493268fdec8709772e3fcec0e>@@$$QEAV<lambda_9d71df4d7cf3f480f8d633942495c3b0>@@@Z 00000001800196c0 f i libucrt:onexit.obj
 0001:00018860       _execute_onexit_table      0000000180019860 f   libucrt:onexit.obj
 0001:0001889c       _initialize_onexit_table   000000018001989c f   libucrt:onexit.obj
 0001:00018924       ?CheckHighPriority@CImgLoader@@UEAA_NAEAPEBUIMAGE_CACHE_INFO@@@Z 0000000180019924 f   ImgCache.obj
 0001:00018924       ?CheckHighPriority@?$CQueueProcessor@PEAUIMAGE_CACHE_INFO@@@@MEAA_NAEBQEAUIMAGE_CACHE_INFO@@@Z 0000000180019924 f   ImgCache.obj
 0001:00018924       ?Filter@?$MToolHelp@UtagPROCESSENTRY32W@@$1?Process32FirstW@@YAHPEAXPEAU1@@Z$1?Process32NextW@@YAH01@Z@@MEAA_NPEAUtagPROCESSENTRY32W@@@Z 0000000180019924 f   common-kernel64:MProcess.obj
 0001:00018924       __acrt_uninitialize_command_line 0000000180019924 f   libucrt:argv_data.obj
 0001:00018a14       __acrt_initialize          0000000180019a14 f   libucrt:initialization.obj
 0001:00018a28       __acrt_thread_attach       0000000180019a28 f   libucrt:initialization.obj
 0001:00018a3c       __acrt_thread_detach       0000000180019a3c f   libucrt:initialization.obj
 0001:00018a4c       __acrt_uninitialize        0000000180019a4c f   libucrt:initialization.obj
 0001:00018a60       __acrt_uninitialize_critical 0000000180019a60 f   libucrt:initialization.obj
 0001:00018a70       terminate                  0000000180019a70 f   libucrt:terminate.obj
 0001:00018a98       _free_base                 0000000180019a98 f   libucrt:free_base.obj
 0001:00018ad8       _malloc_base               0000000180019ad8 f   libucrt:malloc_base.obj
 0001:00018b38       strcpy_s                   0000000180019b38 f   libucrt:strcpy_s.obj
 0001:00018b98       abort                      0000000180019b98 f   libucrt:abort.obj
 0001:00018bf0       _calloc_base               0000000180019bf0 f   libucrt:calloc_base.obj
 0001:00018c68       free                       0000000180019c68 f   libucrt:free.obj
 0001:00018c70       malloc                     0000000180019c70 f   libucrt:malloc.obj
 0001:00018c78       __acrt_call_reportfault    0000000180019c78 f   libucrt:invalid_parameter.obj
 0001:00018dd4       __acrt_initialize_invalid_parameter_handler 0000000180019dd4 f   libucrt:invalid_parameter.obj
 0001:00018ddc       _invalid_parameter         0000000180019ddc f   libucrt:invalid_parameter.obj
 0001:00018e84       _invalid_parameter_noinfo  0000000180019e84 f   libucrt:invalid_parameter.obj
 0001:00018ea4       _invoke_watson             0000000180019ea4 f   libucrt:invalid_parameter.obj
 0001:00018eec       __acrt_errno_from_os_error 0000000180019eec f   libucrt:errno.obj
 0001:00018f34       __acrt_errno_map_os_error  0000000180019f34 f   libucrt:errno.obj
 0001:00018f84       __doserrno                 0000000180019f84 f   libucrt:errno.obj
 0001:00018fa4       _errno                     0000000180019fa4 f   libucrt:errno.obj
 0001:00018fc4       __pctype_func              0000000180019fc4 f   libucrt:ctype.obj
 0001:00018ff4       ??$?RV<lambda_46352004c1216016012b18bd6f87e700>@@AEAV<lambda_3bd07e1a1191394380780325891bf33f>@@V<lambda_334532d3f185bcaa59b5be82d7d22bff>@@@?$__crt_seh_guarded_call@X@@QEAAX$$QEAV<lambda_46352004c1216016012b18bd6f87e700>@@AEAV<lambda_3bd07e1a1191394380780325891bf33f>@@$$QEAV<lambda_334532d3f185bcaa59b5be82d7d22bff>@@@Z 0000000180019ff4 f i libucrt:per_thread_data.obj
 0001:00019054       ??$?RV<lambda_5e887d1dcbef67a5eb4283622ba103bf>@@AEAV<lambda_4466841279450cc726390878d4a41900>@@V<lambda_341c25c0346d94847f1f3c463c57e077>@@@?$__crt_seh_guarded_call@X@@QEAAX$$QEAV<lambda_5e887d1dcbef67a5eb4283622ba103bf>@@AEAV<lambda_4466841279450cc726390878d4a41900>@@$$QEAV<lambda_341c25c0346d94847f1f3c463c57e077>@@@Z 000000018001a054 f i libucrt:per_thread_data.obj
 0001:0001909c       ??$?RV<lambda_72d1df2b273a38828b1ce30cbf4cdab5>@@AEAV<lambda_876a65b173b8412d3a47c70a915b0cf4>@@V<lambda_41932305e351933ebe8f8be3ed8bb5dc>@@@?$__crt_seh_guarded_call@X@@QEAAX$$QEAV<lambda_72d1df2b273a38828b1ce30cbf4cdab5>@@AEAV<lambda_876a65b173b8412d3a47c70a915b0cf4>@@$$QEAV<lambda_41932305e351933ebe8f8be3ed8bb5dc>@@@Z 000000018001a09c f i libucrt:per_thread_data.obj
 0001:000190dc       ??$?RV<lambda_fb3a7dec4e47f37f22dae91bb15c9095>@@AEAV<lambda_698284760c8add0bfb0756c19673e34b>@@V<lambda_dfb8eca1e75fef3034a8fb18dd509707>@@@?$__crt_seh_guarded_call@X@@QEAAX$$QEAV<lambda_fb3a7dec4e47f37f22dae91bb15c9095>@@AEAV<lambda_698284760c8add0bfb0756c19673e34b>@@$$QEAV<lambda_dfb8eca1e75fef3034a8fb18dd509707>@@@Z 000000018001a0dc f i libucrt:per_thread_data.obj
 0001:0001936c       __acrt_freeptd             000000018001a36c f   libucrt:per_thread_data.obj
 0001:000193b0       __acrt_getptd              000000018001a3b0 f   libucrt:per_thread_data.obj
 0001:00019444       __acrt_getptd_noexit       000000018001a444 f   libucrt:per_thread_data.obj
 0001:000194e4       __acrt_initialize_ptd      000000018001a4e4 f   libucrt:per_thread_data.obj
 0001:00019520       __acrt_uninitialize_ptd    000000018001a520 f   libucrt:per_thread_data.obj
 0001:00019544       __acrt_update_locale_info  000000018001a544 f   libucrt:locale_update.obj
 0001:00019578       __acrt_update_multibyte_info 000000018001a578 f   libucrt:locale_update.obj
 0001:000195ac       __acrt_set_locale_changed  000000018001a5ac f   libucrt:wsetlocale.obj
 0001:000195b8       __acrt_uninitialize_locale 000000018001a5b8 f   libucrt:wsetlocale.obj
 0001:00019600       __acrt_initialize_locks    000000018001a600 f   libucrt:locks.obj
 0001:00019648       __acrt_lock                000000018001a648 f   libucrt:locks.obj
 0001:00019664       __acrt_uninitialize_locks  000000018001a664 f   libucrt:locks.obj
 0001:0001969c       __acrt_unlock              000000018001a69c f   libucrt:locks.obj
 0001:00019858       __acrt_FlsAlloc            000000018001a858 f   libucrt:winapi_thunks.obj
 0001:000198b0       __acrt_FlsFree             000000018001a8b0 f   libucrt:winapi_thunks.obj
 0001:00019908       __acrt_FlsGetValue         000000018001a908 f   libucrt:winapi_thunks.obj
 0001:00019960       __acrt_FlsSetValue         000000018001a960 f   libucrt:winapi_thunks.obj
 0001:000199c8       __acrt_InitializeCriticalSectionEx 000000018001a9c8 f   libucrt:winapi_thunks.obj
 0001:00019a40       __acrt_LCMapStringEx       000000018001aa40 f   libucrt:winapi_thunks.obj
 0001:00019b30       __acrt_LocaleNameToLCID    000000018001ab30 f   libucrt:winapi_thunks.obj
 0001:00019b98       __acrt_initialize_winapi_thunks 000000018001ab98 f   libucrt:winapi_thunks.obj
 0001:00019bd0       __acrt_is_packaged_app     000000018001abd0 f   libucrt:winapi_thunks.obj
 0001:00019c58       __acrt_uninitialize_winapi_thunks 000000018001ac58 f   libucrt:winapi_thunks.obj
 0001:0001a178       ?expand_if_necessary@?$argument_list@D@?A0xca0879c4@@AEAAHXZ 000000018001b178 f i libucrt:argv_wildcards.obj
 0001:0001a240       __acrt_expand_narrow_argv_wildcards 000000018001b240 f   libucrt:argv_wildcards.obj
 0001:0001a248       ??$?RV<lambda_99476a1ad63dd22509b5d3e65b0ffc95>@@AEAV<lambda_ad1ced32f4ac17aa236e5ef05d6b3b7c>@@V<lambda_f7424dd8d45958661754dc4f2697e9c3>@@@?$__crt_seh_guarded_call@X@@QEAAX$$QEAV<lambda_99476a1ad63dd22509b5d3e65b0ffc95>@@AEAV<lambda_ad1ced32f4ac17aa236e5ef05d6b3b7c>@@$$QEAV<lambda_f7424dd8d45958661754dc4f2697e9c3>@@@Z 000000018001b248 f i libucrt:mbctype.obj
 0001:0001a944       __acrt_initialize_multibyte 000000018001b944 f   libucrt:mbctype.obj
 0001:0001a96c       __acrt_update_thread_multibyte_data 000000018001b96c f   libucrt:mbctype.obj
 0001:0001aa2c       _setmbcp_nolock            000000018001ba2c f   libucrt:mbctype.obj
 0001:0001ad4c       _ismbblead                 000000018001bd4c f   libucrt:ismbbyte.obj
 0001:0001ad60       __acrt_initialize_command_line 000000018001bd60 f   libucrt:argv_data.obj
 0001:0001ad88       __dcrt_get_narrow_environment_from_os 000000018001bd88 f   libucrt:get_environment_from_os.obj
 0001:0001ae8c       _recalloc                  000000018001be8c f   libucrt:recalloc.obj
 0001:0001ae94       _recalloc_base             000000018001be94 f   libucrt:recalloc.obj
 0001:0001af2c       __acrt_initialize_heap     000000018001bf2c f   libucrt:heap_handle.obj
 0001:0001af48       __acrt_uninitialize_heap   000000018001bf48 f   libucrt:heap_handle.obj
 0001:0001b13c       __acrt_initialize_lowio    000000018001c13c f   libucrt:ioinit.obj
 0001:0001b178       __acrt_uninitialize_lowio  000000018001c178 f   libucrt:ioinit.obj
 0001:0001b1b8       __acrt_execute_initializers 000000018001c1b8 f   libucrt:shared_initialization.obj
 0001:0001b24c       __acrt_execute_uninitializers 000000018001c24c f   libucrt:shared_initialization.obj
 0001:0001b29c       __acrt_initialize_new_handler 000000018001c29c f   libucrt:new_handler.obj
 0001:0001b2a4       _callnewh                  000000018001c2a4 f   libucrt:new_handler.obj
 0001:0001b2e4       _query_new_handler         000000018001c2e4 f   libucrt:new_handler.obj
 0001:0001b318       ??$?RV<lambda_c36588078e9f5dfd39652860aa6b3aaf>@@AEAV<lambda_ec61778202f4f5fc7e7711acc23c3bca>@@V<lambda_dc9d2797ccde5d239b4a0efae8ebd7db>@@@?$__crt_seh_guarded_call@P6AXH@Z@@QEAAP6AXH@Z$$QEAV<lambda_c36588078e9f5dfd39652860aa6b3aaf>@@AEAV<lambda_ec61778202f4f5fc7e7711acc23c3bca>@@$$QEAV<lambda_dc9d2797ccde5d239b4a0efae8ebd7db>@@@Z 000000018001c318 f i libucrt:signal.obj
 0001:0001b360       __acrt_get_sigabrt_handler 000000018001c360 f   libucrt:signal.obj
 0001:0001b390       __acrt_initialize_signal_handlers 000000018001c390 f   libucrt:signal.obj
 0001:0001b3b0       raise                      000000018001c3b0 f   libucrt:signal.obj
 0001:0001b64c       __acrt_has_user_matherr    000000018001c64c f   libucrt:matherr.obj
 0001:0001b66c       __acrt_initialize_user_matherr 000000018001c66c f   libucrt:matherr.obj
 0001:0001b674       __acrt_invoke_user_matherr 000000018001c674 f   libucrt:matherr.obj
 0001:0001b6bc       _query_new_mode            000000018001c6bc f   libucrt:new_mode.obj
 0001:0001b6c4       _mbtowc_l                  000000018001c6c4 f   libucrt:mbtowc.obj
 0001:0001b80c       mbtowc                     000000018001c80c f   libucrt:mbtowc.obj
 0001:0001b814       _fileno                    000000018001c814 f   libucrt:fileno.obj
 0001:0001b83c       __acrt_initialize_stdio    000000018001c83c f   libucrt:_file.obj
 0001:0001b95c       __acrt_uninitialize_stdio  000000018001c95c f   libucrt:_file.obj
 0001:0001b9b8       _lock_file                 000000018001c9b8 f   libucrt:_file.obj
 0001:0001b9c4       _unlock_file               000000018001c9c4 f   libucrt:_file.obj
 0001:0001b9d0       _isleadbyte_l              000000018001c9d0 f i libucrt:_wctype.obj
 0001:0001ba10       __acrt_GetStringTypeA      000000018001ca10 f   libucrt:getstringtypea.obj
 0001:0001bbc4       __acrt_add_locale_ref      000000018001cbc4 f   libucrt:locale_refcounting.obj
 0001:0001bc50       __acrt_free_locale         000000018001cc50 f   libucrt:locale_refcounting.obj
 0001:0001bdc8       __acrt_locale_add_lc_time_reference 000000018001cdc8 f   libucrt:locale_refcounting.obj
 0001:0001bdf0       __acrt_locale_free_lc_time_if_unreferenced 000000018001cdf0 f   libucrt:locale_refcounting.obj
 0001:0001be28       __acrt_locale_release_lc_time_reference 000000018001ce28 f   libucrt:locale_refcounting.obj
 0001:0001be50       __acrt_release_locale_ref  000000018001ce50 f   libucrt:locale_refcounting.obj
 0001:0001bef8       __acrt_update_thread_locale_data 000000018001cef8 f   libucrt:locale_refcounting.obj
 0001:0001bf68       _updatetlocinfoEx_nolock   000000018001cf68 f   libucrt:locale_refcounting.obj
 0001:0001bfd0       __acrt_locale_free_monetary 000000018001cfd0 f   libucrt:initmon.obj
 0001:0001c0dc       __acrt_locale_free_numeric 000000018001d0dc f   libucrt:initnum.obj
 0001:0001c1a0       __acrt_locale_free_time    000000018001d1a0 f   libucrt:inittime.obj
 0001:0001c370       __acrt_DownlevelLocaleNameToLCID 000000018001d370 f   libucrt:lcidtoname_downlevel.obj
 0001:0001c480       qsort                      000000018001d480 f   libucrt:qsort.obj
 0001:0001c7b4       strncpy_s                  000000018001d7b4 f   libucrt:strncpy_s.obj
 0001:0001c888       strpbrk                    000000018001d888 f   libucrt:strpbrk.obj
 0001:0001c928       _mbsdec                    000000018001d928 f   libucrt:mbsdec.obj
 0001:0001c930       _mbsdec_l                  000000018001d930 f   libucrt:mbsdec.obj
 0001:0001cd3c       __acrt_LCMapStringA        000000018001dd3c f   libucrt:lcmapstringa.obj
 0001:0001cdd4       _msize                     000000018001ddd4 f   libucrt:msize.obj
 0001:0001ce10       _realloc_base              000000018001de10 f   libucrt:realloc_base.obj
 0001:0001ce94       __acrt_lowio_create_handle_array 000000018001de94 f   libucrt:osfinfo.obj
 0001:0001cf2c       __acrt_lowio_destroy_handle_array 000000018001df2c f   libucrt:osfinfo.obj
 0001:0001cf7c       __acrt_lowio_ensure_fh_exists 000000018001df7c f   libucrt:osfinfo.obj
 0001:0001d034       __acrt_lowio_lock_fh       000000018001e034 f   libucrt:osfinfo.obj
 0001:0001d058       __acrt_lowio_unlock_fh     000000018001e058 f   libucrt:osfinfo.obj
 0001:0001d07c       _free_osfhnd               000000018001e07c f   libucrt:osfinfo.obj
 0001:0001d138       _get_osfhandle             000000018001e138 f   libucrt:osfinfo.obj
 0001:0001d1b0       _isatty                    000000018001e1b0 f   libucrt:isatty.obj
 0001:0001d210       __acrt_stdio_flush_nolock  000000018001e210 f   libucrt:fflush.obj
 0001:0001d288       _fflush_nolock             000000018001e288 f   libucrt:fflush.obj
 0001:0001d2d4       _flushall                  000000018001e2d4 f   libucrt:fflush.obj
 0001:0001d3c4       _fcloseall                 000000018001e3c4 f   libucrt:closeall.obj
 0001:0001d478       __acrt_stdio_free_buffer_nolock 000000018001e478 f   libucrt:_freebuf.obj
 0001:0001d4b8       __strncnt                  000000018001e4b8 f   libucrt:strncnt.obj
 0001:0001d4d0       _query_app_type            000000018001e4d0 f   libucrt:report_runtime_error.obj
 0001:0001d4d8       ??$?RV<lambda_b521505b218e5242e90febf6bfebc422>@@AEAV<lambda_6978c1fb23f02e42e1d9e99668cc68aa>@@V<lambda_314360699dd331753a4119843814e9a7>@@@?$__crt_seh_guarded_call@H@@QEAAH$$QEAV<lambda_b521505b218e5242e90febf6bfebc422>@@AEAV<lambda_6978c1fb23f02e42e1d9e99668cc68aa>@@$$QEAV<lambda_314360699dd331753a4119843814e9a7>@@@Z 000000018001e4d8 f i libucrt:commit.obj
 0001:0001d564       _commit                    000000018001e564 f   libucrt:commit.obj
 0001:0001db98       _write                     000000018001eb98 f   libucrt:write.obj
 0001:0001dc84       _write_nolock              000000018001ec84 f   libucrt:write.obj
 0001:0001df70       log10                      000000018001ef70 f   libucrt:log10.obj
 0001:0001e5b8       _lseeki64_nolock           000000018001f5b8 f   libucrt:lseek.obj
 0001:0001e5c0       _fclose_nolock             000000018001f5c0 f   libucrt:fclose.obj
 0001:0001e644       fclose                     000000018001f644 f   libucrt:fclose.obj
 0001:0001e6b0       _putwch_nolock             000000018001f6b0 f   libucrt:putwch.obj
 0001:0001e830       _handle_error              000000018001f830 f   libucrt:libm_error.obj
 0001:0001e960       __acrt_initialize_fma3     000000018001f960 f   libucrt:fma3_available.obj
 0001:0001e9d0       _log10_special             000000018001f9d0 f   libucrt:log_special.obj
 0001:0001ea88       ??$?RV<lambda_bfedae4ebbf01fab1bb6dcc6a9e276e0>@@AEAV<lambda_2fe9b910cf3cbf4a0ab98a02ba45b3ec>@@V<lambda_237c231691f317818eb88cc1d5d642d6>@@@?$__crt_seh_guarded_call@H@@QEAAH$$QEAV<lambda_bfedae4ebbf01fab1bb6dcc6a9e276e0>@@AEAV<lambda_2fe9b910cf3cbf4a0ab98a02ba45b3ec>@@$$QEAV<lambda_237c231691f317818eb88cc1d5d642d6>@@@Z 000000018001fa88 f i libucrt:close.obj
 0001:0001eafc       _close                     000000018001fafc f   libucrt:close.obj
 0001:0001eba0       _close_nolock              000000018001fba0 f   libucrt:close.obj
 0001:0001ec5c       ?__acrt_stdio_free_stream@@YAXV__crt_stdio_stream@@@Z 000000018001fc5c f   libucrt:stream.obj
 0001:0001eca0       __dcrt_lowio_initialize_console_output 000000018001fca0 f   libucrt:initcon.obj
 0001:0001ecdc       __dcrt_terminate_console_output 000000018001fcdc f   libucrt:initcon.obj
 0001:0001ed10       _get_fpsr                  000000018001fd10 f   libucrt:fpsr.obj
 0001:0001ed20       _set_fpsr                  000000018001fd20 f   libucrt:fpsr.obj
 0001:0001ed2a       _fclrf                     000000018001fd2a f   libucrt:fpsr.obj
 0001:0001ed3e       _frnd                      000000018001fd3e f   libucrt:fpsr.obj
 0001:0001ed60       _raise_exc                 000000018001fd60 f   libucrt:fpexcept.obj
 0001:0001ed88       _raise_exc_ex              000000018001fd88 f   libucrt:fpexcept.obj
 0001:0001f090       _set_errno_from_matherr    0000000180020090 f   libucrt:fpexcept.obj
 0001:0001f0c0       _clrfp                     00000001800200c0 f   libucrt:fpctrl.obj
 0001:0001f0e0       _ctrlfp                    00000001800200e0 f   libucrt:fpctrl.obj
 0001:0001f15c       _set_statfp                000000018002015c f   libucrt:fpctrl.obj
 0001:0001f17c       _statfp                    000000018002017c f   libucrt:fpctrl.obj
 0001:0001f18d       Process32FirstW            000000018002018d f   kernel32:KERNEL32.dll
 0001:0001f193       Process32NextW             0000000180020193 f   kernel32:KERNEL32.dll
 0001:0001f199       IsProcessorFeaturePresent  0000000180020199 f   kernel32:KERNEL32.dll
 0001:0001f19f       RtlUnwindEx                000000018002019f f   kernel32:KERNEL32.dll
 0001:0001f1b0       _FindPESection             00000001800201b0 f   LIBCMT:pesect.obj
 0001:0001f200       _IsNonwritableInCurrentImage 0000000180020200 f   LIBCMT:pesect.obj
 0001:0001f250       _ValidateImageBase         0000000180020250 f   LIBCMT:pesect.obj
 0001:0001f290       __chkstk                   0000000180020290 f   LIBCMT:_chkstk_.obj
 0001:0001f290       _alloca_probe              0000000180020290 f   LIBCMT:_chkstk_.obj
 0001:0001f300       _guard_dispatch_icall_nop  0000000180020300 f   LIBCMT:_guard_dispatch_.obj
 0001:0001f320       __guard_ss_verify_failure  0000000180020320 f   LIBCMT:_rfgfailure_.obj
 0001:0001f32b       __guard_ss_verify_failure_rcx 000000018002032b     LIBCMT:_rfgfailure_.obj
 0001:0001f331       __guard_ss_verify_failure_rdx 0000000180020331     LIBCMT:_rfgfailure_.obj
 0001:0001f337       __guard_ss_verify_failure_r8 0000000180020337     LIBCMT:_rfgfailure_.obj
 0001:0001f33d       __guard_ss_verify_failure_r9 000000018002033d     LIBCMT:_rfgfailure_.obj
 0001:0001f343       __guard_ss_verify_failure_r10 0000000180020343     LIBCMT:_rfgfailure_.obj
 0001:0001f350       __guard_ss_verify_failure_default 0000000180020350 f   LIBCMT:_rfgfailure_.obj
 0001:0001f3b0       __guard_ss_verify_sp       00000001800203b0 f   LIBCMT:_rfgfailure_.obj
 0001:0001f3c0       __guard_ss_verify_sp_default 00000001800203c0 f   LIBCMT:_rfgfailure_.obj
 0002:00000000       __imp_RegSetValueExW       0000000180021000     advapi32:ADVAPI32.dll
 0002:00000008       __imp_RegQueryValueExW     0000000180021008     advapi32:ADVAPI32.dll
 0002:00000010       __imp_RegOpenKeyExW        0000000180021010     advapi32:ADVAPI32.dll
 0002:00000018       __imp_RegCreateKeyExW      0000000180021018     advapi32:ADVAPI32.dll
 0002:00000020       __imp_RegCloseKey          0000000180021020     advapi32:ADVAPI32.dll
 0002:00000028       \177ADVAPI32_NULL_THUNK_DATA 0000000180021028     advapi32:ADVAPI32.dll
 0002:00000030       __imp_GdiFlush             0000000180021030     gdi32:GDI32.dll
 0002:00000038       __imp_GetObjectW           0000000180021038     gdi32:GDI32.dll
 0002:00000040       __imp_CreateDIBSection     0000000180021040     gdi32:GDI32.dll
 0002:00000048       __imp_GdiAlphaBlend        0000000180021048     gdi32:GDI32.dll
 0002:00000050       __imp_SetStretchBltMode    0000000180021050     gdi32:GDI32.dll
 0002:00000058       __imp_StretchBlt           0000000180021058     gdi32:GDI32.dll
 0002:00000060       __imp_MoveToEx             0000000180021060     gdi32:GDI32.dll
 0002:00000068       __imp_SetTextColor         0000000180021068     gdi32:GDI32.dll
 0002:00000070       __imp_SetBkColor           0000000180021070     gdi32:GDI32.dll
 0002:00000078       __imp_SelectObject         0000000180021078     gdi32:GDI32.dll
 0002:00000080       __imp_Rectangle            0000000180021080     gdi32:GDI32.dll
 0002:00000088       __imp_LineTo               0000000180021088     gdi32:GDI32.dll
 0002:00000090       __imp_GetStockObject       0000000180021090     gdi32:GDI32.dll
 0002:00000098       __imp_DeleteObject         0000000180021098     gdi32:GDI32.dll
 0002:000000a0       __imp_DeleteDC             00000001800210a0     gdi32:GDI32.dll
 0002:000000a8       __imp_CreateSolidBrush     00000001800210a8     gdi32:GDI32.dll
 0002:000000b0       __imp_CreatePen            00000001800210b0     gdi32:GDI32.dll
 0002:000000b8       __imp_CreateFontW          00000001800210b8     gdi32:GDI32.dll
 0002:000000c0       __imp_CreateCompatibleDC   00000001800210c0     gdi32:GDI32.dll
 0002:000000c8       __imp_CreateCompatibleBitmap 00000001800210c8     gdi32:GDI32.dll
 0002:000000d0       __imp_BitBlt               00000001800210d0     gdi32:GDI32.dll
 0002:000000d8       \177GDI32_NULL_THUNK_DATA  00000001800210d8     gdi32:GDI32.dll
 0002:000000e0       __imp_GetExitCodeThread    00000001800210e0     kernel32:KERNEL32.dll
 0002:000000e8       __imp_SetEvent             00000001800210e8     kernel32:KERNEL32.dll
 0002:000000f0       __imp_WaitForMultipleObjects 00000001800210f0     kernel32:KERNEL32.dll
 0002:000000f8       __imp_Sleep                00000001800210f8     kernel32:KERNEL32.dll
 0002:00000100       __imp_FileTimeToSystemTime 0000000180021100     kernel32:KERNEL32.dll
 0002:00000108       __imp_CreateEventW         0000000180021108     kernel32:KERNEL32.dll
 0002:00000110       __imp_FreeLibrary          0000000180021110     kernel32:KERNEL32.dll
 0002:00000118       __imp_ResetEvent           0000000180021118     kernel32:KERNEL32.dll
 0002:00000120       __imp_FindClose            0000000180021120     kernel32:KERNEL32.dll
 0002:00000128       __imp_GetTickCount         0000000180021128     kernel32:KERNEL32.dll
 0002:00000130       __imp_LoadLibraryW         0000000180021130     kernel32:KERNEL32.dll
 0002:00000138       __imp_GetTempPathW         0000000180021138     kernel32:KERNEL32.dll
 0002:00000140       __imp_CreateFileW          0000000180021140     kernel32:KERNEL32.dll
 0002:00000148       __imp_FindFirstFileW       0000000180021148     kernel32:KERNEL32.dll
 0002:00000150       __imp_FindNextFileW        0000000180021150     kernel32:KERNEL32.dll
 0002:00000158       __imp_IsBadReadPtr         0000000180021158     kernel32:KERNEL32.dll
 0002:00000160       __imp_WriteConsoleW        0000000180021160     kernel32:KERNEL32.dll
 0002:00000168       __imp_SetFilePointerEx     0000000180021168     kernel32:KERNEL32.dll
 0002:00000170       __imp_GetConsoleMode       0000000180021170     kernel32:KERNEL32.dll
 0002:00000178       __imp_GetConsoleCP         0000000180021178     kernel32:KERNEL32.dll
 0002:00000180       __imp_FlushFileBuffers     0000000180021180     kernel32:KERNEL32.dll
 0002:00000188       __imp_SetStdHandle         0000000180021188     kernel32:KERNEL32.dll
 0002:00000190       __imp_GetFileType          0000000180021190     kernel32:KERNEL32.dll
 0002:00000198       __imp_GetProcessHeap       0000000180021198     kernel32:KERNEL32.dll
 0002:000001a0       __imp_LocalAlloc           00000001800211a0     kernel32:KERNEL32.dll
 0002:000001a8       __imp_FreeEnvironmentStringsW 00000001800211a8     kernel32:KERNEL32.dll
 0002:000001b0       __imp_GetEnvironmentStringsW 00000001800211b0     kernel32:KERNEL32.dll
 0002:000001b8       __imp_GetCommandLineW      00000001800211b8     kernel32:KERNEL32.dll
 0002:000001c0       __imp_GetCommandLineA      00000001800211c0     kernel32:KERNEL32.dll
 0002:000001c8       __imp_GetCPInfo            00000001800211c8     kernel32:KERNEL32.dll
 0002:000001d0       __imp_GetOEMCP             00000001800211d0     kernel32:KERNEL32.dll
 0002:000001d8       __imp_IsValidCodePage      00000001800211d8     kernel32:KERNEL32.dll
 0002:000001e0       __imp_FindNextFileA        00000001800211e0     kernel32:KERNEL32.dll
 0002:000001e8       __imp_FindFirstFileExA     00000001800211e8     kernel32:KERNEL32.dll
 0002:000001f0       __imp_LCMapStringW         00000001800211f0     kernel32:KERNEL32.dll
 0002:000001f8       __imp_GetACP               00000001800211f8     kernel32:KERNEL32.dll
 0002:00000200       __imp_GetStringTypeW       0000000180021200     kernel32:KERNEL32.dll
 0002:00000208       __imp_GetModuleFileNameA   0000000180021208     kernel32:KERNEL32.dll
 0002:00000210       __imp_GetModuleHandleExW   0000000180021210     kernel32:KERNEL32.dll
 0002:00000218       __imp_ExitProcess          0000000180021218     kernel32:KERNEL32.dll
 0002:00000220       __imp_RtlPcToFileHeader    0000000180021220     kernel32:KERNEL32.dll
 0002:00000228       __imp_LoadLibraryExW       0000000180021228     kernel32:KERNEL32.dll
 0002:00000230       __imp_TlsFree              0000000180021230     kernel32:KERNEL32.dll
 0002:00000238       __imp_TlsSetValue          0000000180021238     kernel32:KERNEL32.dll
 0002:00000240       __imp_MultiByteToWideChar  0000000180021240     kernel32:KERNEL32.dll
 0002:00000248       __imp_lstrlenA             0000000180021248     kernel32:KERNEL32.dll
 0002:00000250       __imp_lstrcpynA            0000000180021250     kernel32:KERNEL32.dll
 0002:00000258       __imp_lstrcmpW             0000000180021258     kernel32:KERNEL32.dll
 0002:00000260       __imp_Thread32Next         0000000180021260     kernel32:KERNEL32.dll
 0002:00000268       __imp_Thread32First        0000000180021268     kernel32:KERNEL32.dll
 0002:00000270       __imp_CreateToolhelp32Snapshot 0000000180021270     kernel32:KERNEL32.dll
[...]
 0004:0000147c       $pdata$__acrt_FlsFree      000000018005b47c     libucrt:winapi_thunks.obj
 0004:00001488       $pdata$__acrt_FlsGetValue  000000018005b488     libucrt:winapi_thunks.obj
 0004:00001494       $pdata$__acrt_FlsSetValue  000000018005b494     libucrt:winapi_thunks.obj
 0004:000014a0       $pdata$__acrt_InitializeCriticalSectionEx 000000018005b4a0     libucrt:winapi_thunks.obj
 0004:000014ac       $pdata$__acrt_LCMapStringEx 000000018005b4ac     libucrt:winapi_thunks.obj
 0004:000014b8       $pdata$__acrt_LocaleNameToLCID 000000018005b4b8     libucrt:winapi_thunks.obj
 0004:000014c4       $pdata$__acrt_initialize_winapi_thunks 000000018005b4c4     libucrt:winapi_thunks.obj
 0004:000014d0       $pdata$__acrt_is_packaged_app 000000018005b4d0     libucrt:winapi_thunks.obj
 0004:000014dc       $pdata$__acrt_uninitialize_winapi_thunks 000000018005b4dc     libucrt:winapi_thunks.obj
 0004:000014e8       $pdata$??$common_expand_argv_wildcards@D@@YAHQEAPEADQEAPEAPEAD@Z 000000018005b4e8     libucrt:argv_wildcards.obj
 0004:000014f4       $pdata$??$copy_and_add_argument_to_buffer@D@@YAHQEBD0_KAEAV?$argument_list@D@?A0xca0879c4@@@Z 000000018005b4f4     libucrt:argv_wildcards.obj
 0004:00001500       $pdata$??$expand_argument_wildcards@D@@YAHQEAD0AEAV?$argument_list@D@?A0xca0879c4@@@Z 000000018005b500     libucrt:argv_wildcards.obj
 0004:0000150c       $pdata$?expand_if_necessary@?$argument_list@D@?A0xca0879c4@@AEAAHXZ 000000018005b50c     libucrt:argv_wildcards.obj
 0004:00001518       $pdata$??$?RV<lambda_99476a1ad63dd22509b5d3e65b0ffc95>@@AEAV<lambda_ad1ced32f4ac17aa236e5ef05d6b3b7c>@@V<lambda_f7424dd8d45958661754dc4f2697e9c3>@@@?$__crt_seh_guarded_call@X@@QEAAX$$QEAV<lambda_99476a1ad63dd22509b5d3e65b0ffc95>@@AEAV<lambda_ad1ced32f4ac17aa236e5ef05d6b3b7c>@@$$QEAV<lambda_f7424dd8d45958661754dc4f2697e9c3>@@@Z 000000018005b518     libucrt:mbctype.obj
 0004:00001524       $pdata$??R<lambda_ad1ced32f4ac17aa236e5ef05d6b3b7c>@@QEBAXXZ 000000018005b524     libucrt:mbctype.obj
 0004:00001530       $pdata$?getSystemCP@@YAHH@Z 000000018005b530     libucrt:mbctype.obj
 0004:0000153c       $pdata$?setSBCS@@YAXPEAU__crt_multibyte_data@@@Z 000000018005b53c     libucrt:mbctype.obj
 0004:00001548       $pdata$?setSBUpLow@@YAXPEAU__crt_multibyte_data@@@Z 000000018005b548     libucrt:mbctype.obj
 0004:00001554       $pdata$?setmbcp_internal@@YAHH_N@Z 000000018005b554     libucrt:mbctype.obj
 0004:00001560       $pdata$__acrt_initialize_multibyte 000000018005b560     libucrt:mbctype.obj
 0004:0000156c       $pdata$__acrt_update_thread_multibyte_data 000000018005b56c     libucrt:mbctype.obj
 0004:00001578       $pdata$_setmbcp_nolock     000000018005b578     libucrt:mbctype.obj
 0004:00001584       $pdata$?x_ismbbtype_l@@YAHPEAU__crt_locale_pointers@@IHH@Z 000000018005b584     libucrt:ismbbyte.obj
 0004:00001590       $pdata$__acrt_initialize_command_line 000000018005b590     libucrt:argv_data.obj
 0004:0000159c       $pdata$__dcrt_get_narrow_environment_from_os 000000018005b59c     libucrt:get_environment_from_os.obj
 0004:000015a8       $pdata$_recalloc_base      000000018005b5a8     libucrt:recalloc.obj
 0004:000015b4       $pdata$__acrt_initialize_heap 000000018005b5b4     libucrt:heap_handle.obj
 0004:000015c0       $pdata$?initialize_inherited_file_handles_nolock@@YAXXZ 000000018005b5c0     libucrt:ioinit.obj
 0004:000015cc       $pdata$?initialize_stdio_handles_nolock@@YAXXZ 000000018005b5cc     libucrt:ioinit.obj
 0004:000015d8       $pdata$__acrt_initialize_lowio 000000018005b5d8     libucrt:ioinit.obj
 0004:000015e4       $pdata$__acrt_uninitialize_lowio 000000018005b5e4     libucrt:ioinit.obj
 0004:000015f0       $pdata$__acrt_execute_initializers 000000018005b5f0     libucrt:shared_initialization.obj
 0004:000015fc       $pdata$__acrt_execute_uninitializers 000000018005b5fc     libucrt:shared_initialization.obj
 0004:00001608       $pdata$_callnewh           000000018005b608     libucrt:new_handler.obj
 0004:00001614       $pdata$_query_new_handler  000000018005b614     libucrt:new_handler.obj
 0004:00001620       $pdata$??$?RV<lambda_c36588078e9f5dfd39652860aa6b3aaf>@@AEAV<lambda_ec61778202f4f5fc7e7711acc23c3bca>@@V<lambda_dc9d2797ccde5d239b4a0efae8ebd7db>@@@?$__crt_seh_guarded_call@P6AXH@Z@@QEAAP6AXH@Z$$QEAV<lambda_c36588078e9f5dfd39652860aa6b3aaf>@@AEAV<lambda_ec61778202f4f5fc7e7711acc23c3bca>@@$$QEAV<lambda_dc9d2797ccde5d239b4a0efae8ebd7db>@@@Z 000000018005b620     libucrt:signal.obj
 0004:0000162c       $pdata$__acrt_get_sigabrt_handler 000000018005b62c     libucrt:signal.obj
 0004:00001638       $pdata$raise               000000018005b638     libucrt:signal.obj
 0004:00001644       $pdata$__acrt_invoke_user_matherr 000000018005b644     libucrt:matherr.obj
 0004:00001650       $pdata$_mbtowc_l           000000018005b650     libucrt:mbtowc.obj
 0004:0000165c       $pdata$_fileno             000000018005b65c     libucrt:fileno.obj
 0004:00001668       $pdata$__acrt_initialize_stdio 000000018005b668     libucrt:_file.obj
 0004:00001674       $pdata$__acrt_uninitialize_stdio 000000018005b674     libucrt:_file.obj
 0004:00001680       $pdata$_isleadbyte_l       000000018005b680     libucrt:_wctype.obj
 0004:0000168c       $pdata$__acrt_GetStringTypeA 000000018005b68c     libucrt:getstringtypea.obj
 0004:00001698       $pdata$__acrt_free_locale  000000018005b698     libucrt:locale_refcounting.obj
 0004:000016a4       $pdata$__acrt_locale_free_lc_time_if_unreferenced 000000018005b6a4     libucrt:locale_refcounting.obj
 0004:000016b0       $pdata$__acrt_release_locale_ref 000000018005b6b0     libucrt:locale_refcounting.obj
 0004:000016bc       $pdata$__acrt_update_thread_locale_data 000000018005b6bc     libucrt:locale_refcounting.obj
 0004:000016c8       $pdata$_updatetlocinfoEx_nolock 000000018005b6c8     libucrt:locale_refcounting.obj
 0004:000016d4       $pdata$__acrt_locale_free_monetary 000000018005b6d4     libucrt:initmon.obj
 0004:000016e0       $pdata$__acrt_locale_free_numeric 000000018005b6e0     libucrt:initnum.obj
 0004:000016ec       $pdata$?free_crt_array_internal@@YAXQEAPEBX_K@Z 000000018005b6ec     libucrt:inittime.obj
 0004:000016f8       $pdata$__acrt_locale_free_time 000000018005b6f8     libucrt:inittime.obj
 0004:00001704       $pdata$?GetTableIndexFromLocaleName@@YAHPEB_W@Z 000000018005b704     libucrt:lcidtoname_downlevel.obj
 0004:00001710       $pdata$__acrt_DownlevelLocaleNameToLCID 000000018005b710     libucrt:lcidtoname_downlevel.obj
 0004:0000171c       $pdata$?shortsort@@YAXPEAD0_KP6AHPEBX2@Z@Z 000000018005b71c     libucrt:qsort.obj
 0004:00001728       $pdata$2$?shortsort@@YAXPEAD0_KP6AHPEBX2@Z@Z 000000018005b728     libucrt:qsort.obj
 0004:00001734       $pdata$3$?shortsort@@YAXPEAD0_KP6AHPEBX2@Z@Z 000000018005b734     libucrt:qsort.obj
 0004:00001740       $pdata$qsort               000000018005b740     libucrt:qsort.obj
 0004:0000174c       $pdata$4$qsort             000000018005b74c     libucrt:qsort.obj
 0004:00001758       $pdata$5$qsort             000000018005b758     libucrt:qsort.obj
 0004:00001764       $pdata$strncpy_s           000000018005b764     libucrt:strncpy_s.obj
 0004:00001770       $pdata$strpbrk             000000018005b770     libucrt:strpbrk.obj
 0004:0000177c       $pdata$_mbsdec_l           000000018005b77c     libucrt:mbsdec.obj
 0004:00001788       $pdata$?initialize_multibyte@@YAHXZ 000000018005b788     libucrt:multibyte_initializer.obj
 0004:00001794       $pdata$?__acrt_LCMapStringA_stat@@YAHPEAU__crt_locale_pointers@@PEB_WKPEBDHPEADHHH@Z 000000018005b794     libucrt:lcmapstringa.obj
 0004:000017a0       $pdata$__acrt_LCMapStringA 000000018005b7a0     libucrt:lcmapstringa.obj
 0004:000017ac       $pdata$_msize              000000018005b7ac     libucrt:msize.obj
 0004:000017b8       $pdata$_realloc_base       000000018005b7b8     libucrt:realloc_base.obj
 0004:000017c4       $pdata$__acrt_lowio_create_handle_array 000000018005b7c4     libucrt:osfinfo.obj
 0004:000017d0       $pdata$__acrt_lowio_destroy_handle_array 000000018005b7d0     libucrt:osfinfo.obj
 0004:000017dc       $pdata$__acrt_lowio_ensure_fh_exists 000000018005b7dc     libucrt:osfinfo.obj
 0004:000017e8       $pdata$_free_osfhnd        000000018005b7e8     libucrt:osfinfo.obj
 0004:000017f4       $pdata$_get_osfhandle      000000018005b7f4     libucrt:osfinfo.obj
 0004:00001800       $pdata$_isatty             000000018005b800     libucrt:isatty.obj
 0004:0000180c       $pdata$__acrt_stdio_flush_nolock 000000018005b80c     libucrt:fflush.obj
 0004:00001818       $pdata$_fflush_nolock      000000018005b818     libucrt:fflush.obj
 0004:00001824       $pdata$common_flush_all    000000018005b824     libucrt:fflush.obj
 0004:00001830       $pdata$_fcloseall          000000018005b830     libucrt:closeall.obj
 0004:0000183c       $pdata$__acrt_stdio_free_buffer_nolock 000000018005b83c     libucrt:_freebuf.obj
 0004:00001848       $pdata$??$?RV<lambda_b521505b218e5242e90febf6bfebc422>@@AEAV<lambda_6978c1fb23f02e42e1d9e99668cc68aa>@@V<lambda_314360699dd331753a4119843814e9a7>@@@?$__crt_seh_guarded_call@H@@QEAAH$$QEAV<lambda_b521505b218e5242e90febf6bfebc422>@@AEAV<lambda_6978c1fb23f02e42e1d9e99668cc68aa>@@$$QEAV<lambda_314360699dd331753a4119843814e9a7>@@@Z 000000018005b848     libucrt:commit.obj
 0004:00001854       $pdata$_commit             000000018005b854     libucrt:commit.obj
 0004:00001860       $pdata$?write_double_translated_ansi_nolock@@YA?AUwrite_result@?A0x9c548279@@HQEBDI@Z 000000018005b860     libucrt:write.obj
 0004:0000186c       $pdata$?write_text_ansi_nolock@@YA?AUwrite_result@?A0x9c548279@@HQEBDI@Z 000000018005b86c     libucrt:write.obj
 0004:00001878       $pdata$?write_text_utf16le_nolock@@YA?AUwrite_result@?A0x9c548279@@HQEBDI@Z 000000018005b878     libucrt:write.obj
 0004:00001884       $pdata$?write_text_utf8_nolock@@YA?AUwrite_result@?A0x9c548279@@HQEBDI@Z 000000018005b884     libucrt:write.obj
 0004:00001890       $pdata$_write              000000018005b890     libucrt:write.obj
 0004:0000189c       $pdata$_write_nolock       000000018005b89c     libucrt:write.obj
 0004:000018b4       $pdata$??$common_lseek_nolock@_J@@YA_JH_JH@Z 000000018005b8b4     libucrt:lseek.obj
 0004:000018c0       $pdata$_fclose_nolock      000000018005b8c0     libucrt:fclose.obj
 0004:000018cc       $pdata$fclose              000000018005b8cc     libucrt:fclose.obj
 0004:000018d8       $pdata$_putwch_nolock      000000018005b8d8     libucrt:putwch.obj
 0004:000018e4       $pdata$_call_matherr       000000018005b8e4     libucrt:libm_error.obj
 0004:000018f0       $pdata$_exception_enabled  000000018005b8f0     libucrt:libm_error.obj
 0004:000018fc       $pdata$_handle_error       000000018005b8fc     libucrt:libm_error.obj
 0004:00001908       $pdata$__acrt_initialize_fma3 000000018005b908     libucrt:fma3_available.obj
 0004:00001914       $pdata$_log10_special      000000018005b914     libucrt:log_special.obj
 0004:00001920       $pdata$_log_special_common 000000018005b920     libucrt:log_special.obj
 0004:0000192c       $pdata$??$?RV<lambda_bfedae4ebbf01fab1bb6dcc6a9e276e0>@@AEAV<lambda_2fe9b910cf3cbf4a0ab98a02ba45b3ec>@@V<lambda_237c231691f317818eb88cc1d5d642d6>@@@?$__crt_seh_guarded_call@H@@QEAAH$$QEAV<lambda_bfedae4ebbf01fab1bb6dcc6a9e276e0>@@AEAV<lambda_2fe9b910cf3cbf4a0ab98a02ba45b3ec>@@$$QEAV<lambda_237c231691f317818eb88cc1d5d642d6>@@@Z 000000018005b92c     libucrt:close.obj
 0004:00001938       $pdata$_close              000000018005b938     libucrt:close.obj
 0004:00001944       $pdata$_close_nolock       000000018005b944     libucrt:close.obj
 0004:00001950       $pdata$__dcrt_lowio_initialize_console_output 000000018005b950     libucrt:initcon.obj
 0004:0000195c       $pdata$__dcrt_terminate_console_output 000000018005b95c     libucrt:initcon.obj
 0004:00001974       $pdata$_raise_exc          000000018005b974     libucrt:fpexcept.obj
 0004:00001980       $pdata$_raise_exc_ex       000000018005b980     libucrt:fpexcept.obj
 0004:0000198c       $pdata$_set_errno_from_matherr 000000018005b98c     libucrt:fpexcept.obj
 0004:00001998       $pdata$_clrfp              000000018005b998     libucrt:fpctrl.obj
 0004:000019a4       $pdata$_ctrlfp             000000018005b9a4     libucrt:fpctrl.obj
 0004:000019b0       $pdata$_set_statfp         000000018005b9b0     libucrt:fpctrl.obj
 0004:000019bc       $pdata$_statfp             000000018005b9bc     libucrt:fpctrl.obj
 0004:000019c8       $pdata$_IsNonwritableInCurrentImage 000000018005b9c8     LIBCMT:pesect.obj
 0004:00001a1c       $pdata$?dtor$0@?0??CheckVarsInitialized@@YAXXZ@4HA 000000018005ba1c     ConEmuTh.obj
 0004:00001a28       $pdata$?dtor$1@?0??CheckVarsInitialized@@YAXXZ@4HA 000000018005ba28     ConEmuTh.obj
 0004:00001a34       $pdata$?dtor$2@?0??CheckVarsInitialized@@YAXXZ@4HA 000000018005ba34     ConEmuTh.obj
 0004:00001a40       $pdata$?dtor$0@?0??StartPlugin@@YAXH@Z@4HA 000000018005ba40     ConEmuTh.obj
 0004:00001a4c       $pdata$?dtor$0@?0???0?$CQueueProcessor@PEAUIMAGE_CACHE_INFO@@@@QEAA@XZ@4HA 000000018005ba4c     ImgCache.obj
 0004:00001a58       $pdata$?dtor$0@?0??RequestItem@CImgCache@@QEAAHPEAUCePluginPanelItem@@I@Z@4HA 000000018005ba58     ImgCache.obj
 0004:00001a64       $pdata$?fin$0@?0??dllmain_crt_process_attach@@YAHQEAUHINSTANCE__@@QEAX@Z@4HA 000000018005ba64     LIBCMT:dll_dllmain.obj
 0004:00001a70       $pdata$?fin$0@?0??dllmain_crt_process_detach@@YAH_N@Z@4HA 000000018005ba70     LIBCMT:dll_dllmain.obj
 0004:00001a7c       $pdata$?filt$0@?0??dllmain_dispatch@@YAHQEAUHINSTANCE__@@KQEAX@Z@4HA 000000018005ba7c     LIBCMT:dll_dllmain.obj
 0004:00001a88       $pdata$__scrt_is_nonwritable_in_current_image$filt$0 000000018005ba88     LIBCMT:utility.obj
 0004:00001a94       $pdata$_CallSETranslator$filt$0 000000018005ba94     libvcruntime:risctrnsctrl.obj
 0004:00001aa0       $pdata$__CxxCallCatchBlock$filt$0 000000018005baa0     libvcruntime:frame.obj
 0004:00001aac       $pdata$__CxxCallCatchBlock$fin$1 000000018005baac     libvcruntime:frame.obj
 0004:00001ab8       $pdata$__FrameUnwindToState$filt$0 000000018005bab8     libvcruntime:frame.obj
 0004:00001ac4       $pdata$__FrameUnwindToState$fin$1 000000018005bac4     libvcruntime:frame.obj
 0004:00001ad0       $pdata$__DestructExceptionObject$filt$0 000000018005bad0     libvcruntime:ehhelpers.obj
 0004:00001adc       $pdata$?filt$0@?0??common_exit@@YAXHW4_crt_exit_cleanup_mode@@W4_crt_exit_return_mode@@@Z@4HA 000000018005badc     libucrt:exit.obj
 0004:00001ae8       $pdata$?fin$1@?0??common_exit@@YAXHW4_crt_exit_cleanup_mode@@W4_crt_exit_return_mode@@@Z@4HA 000000018005bae8     libucrt:exit.obj
 0004:00001af4       $pdata$?fin$0@?0???$?RV<lambda_e24bbb7b643b32fcea6fa61b31d4c984>@@AEAV<lambda_275893d493268fdec8709772e3fcec0e>@@V<lambda_9d71df4d7cf3f480f8d633942495c3b0>@@@?$__crt_seh_guarded_call@H@@QEAAH$$QEAV<lambda_e24bbb7b643b32fcea6fa61b31d4c984>@@AEAV<lambda_275893d493268fdec8709772e3fcec0e>@@$$QEAV<lambda_9d71df4d7cf3f480f8d633942495c3b0>@@@Z@4HA 000000018005baf4     libucrt:onexit.obj
 0004:00001b00       $pdata$?fin$0@?0???$?RV<lambda_99476a1ad63dd22509b5d3e65b0ffc95>@@AEAV<lambda_ad1ced32f4ac17aa236e5ef05d6b3b7c>@@V<lambda_f7424dd8d45958661754dc4f2697e9c3>@@@?$__crt_seh_guarded_call@X@@QEAAX$$QEAV<lambda_99476a1ad63dd22509b5d3e65b0ffc95>@@AEAV<lambda_ad1ced32f4ac17aa236e5ef05d6b3b7c>@@$$QEAV<lambda_f7424dd8d45958661754dc4f2697e9c3>@@@Z@4HA 000000018005bb00     libucrt:mbctype.obj
 0004:00001b00       $pdata$?fin$0@?0???$?RV<lambda_72d1df2b273a38828b1ce30cbf4cdab5>@@AEAV<lambda_876a65b173b8412d3a47c70a915b0cf4>@@V<lambda_41932305e351933ebe8f8be3ed8bb5dc>@@@?$__crt_seh_guarded_call@X@@QEAAX$$QEAV<lambda_72d1df2b273a38828b1ce30cbf4cdab5>@@AEAV<lambda_876a65b173b8412d3a47c70a915b0cf4>@@$$QEAV<lambda_41932305e351933ebe8f8be3ed8bb5dc>@@@Z@4HA 000000018005bb00     libucrt:per_thread_data.obj
 0004:00001b00       $pdata$?fin$0@?0???$?RV<lambda_46352004c1216016012b18bd6f87e700>@@AEAV<lambda_3bd07e1a1191394380780325891bf33f>@@V<lambda_334532d3f185bcaa59b5be82d7d22bff>@@@?$__crt_seh_guarded_call@X@@QEAAX$$QEAV<lambda_46352004c1216016012b18bd6f87e700>@@AEAV<lambda_3bd07e1a1191394380780325891bf33f>@@$$QEAV<lambda_334532d3f185bcaa59b5be82d7d22bff>@@@Z@4HA 000000018005bb00     libucrt:per_thread_data.obj
 0004:00001b00       $pdata$?fin$0@?0???$?RV<lambda_5e887d1dcbef67a5eb4283622ba103bf>@@AEAV<lambda_4466841279450cc726390878d4a41900>@@V<lambda_341c25c0346d94847f1f3c463c57e077>@@@?$__crt_seh_guarded_call@X@@QEAAX$$QEAV<lambda_5e887d1dcbef67a5eb4283622ba103bf>@@AEAV<lambda_4466841279450cc726390878d4a41900>@@$$QEAV<lambda_341c25c0346d94847f1f3c463c57e077>@@@Z@4HA 000000018005bb00     libucrt:per_thread_data.obj
 0004:00001b00       $pdata$?fin$0@?0???$?RV<lambda_fb3a7dec4e47f37f22dae91bb15c9095>@@AEAV<lambda_698284760c8add0bfb0756c19673e34b>@@V<lambda_dfb8eca1e75fef3034a8fb18dd509707>@@@?$__crt_seh_guarded_call@X@@QEAAX$$QEAV<lambda_fb3a7dec4e47f37f22dae91bb15c9095>@@AEAV<lambda_698284760c8add0bfb0756c19673e34b>@@$$QEAV<lambda_dfb8eca1e75fef3034a8fb18dd509707>@@@Z@4HA 000000018005bb00     libucrt:per_thread_data.obj
 0004:00001b00       $pdata$?fin$0@?0???$?RV<lambda_c36588078e9f5dfd39652860aa6b3aaf>@@AEAV<lambda_ec61778202f4f5fc7e7711acc23c3bca>@@V<lambda_dc9d2797ccde5d239b4a0efae8ebd7db>@@@?$__crt_seh_guarded_call@P6AXH@Z@@QEAAP6AXH@Z$$QEAV<lambda_c36588078e9f5dfd39652860aa6b3aaf>@@AEAV<lambda_ec61778202f4f5fc7e7711acc23c3bca>@@$$QEAV<lambda_dc9d2797ccde5d239b4a0efae8ebd7db>@@@Z@4HA 000000018005bb00     libucrt:signal.obj
 0004:00001b0c       $pdata$__acrt_update_thread_multibyte_data$fin$0 000000018005bb0c     libucrt:mbctype.obj
 0004:00001b18       $pdata$__acrt_lowio_ensure_fh_exists$fin$0 000000018005bb18     libucrt:osfinfo.obj
 0004:00001b18       $pdata$__acrt_initialize_lowio$fin$0 000000018005bb18     libucrt:ioinit.obj
 0004:00001b24       $pdata$_query_new_handler$fin$0 000000018005bb24     libucrt:new_handler.obj
 0004:00001b30       $pdata$raise$fin$0         000000018005bb30     libucrt:signal.obj
 0004:00001b3c       $pdata$__acrt_update_thread_locale_data$fin$0 000000018005bb3c     libucrt:locale_refcounting.obj
 0004:00001b3c       $pdata$__acrt_uninitialize_locale$fin$0 000000018005bb3c     libucrt:wsetlocale.obj
 0004:00001b48       $pdata$common_flush_all$fin$0 000000018005bb48     libucrt:fflush.obj
 0004:00001b54       $pdata$common_flush_all$fin$1 000000018005bb54     libucrt:fflush.obj
 0004:00001b60       $pdata$_fcloseall$fin$0    000000018005bb60     libucrt:closeall.obj
 0004:00001b6c       $pdata$?fin$0@?0???$?RV<lambda_bfedae4ebbf01fab1bb6dcc6a9e276e0>@@AEAV<lambda_2fe9b910cf3cbf4a0ab98a02ba45b3ec>@@V<lambda_237c231691f317818eb88cc1d5d642d6>@@@?$__crt_seh_guarded_call@H@@QEAAH$$QEAV<lambda_bfedae4ebbf01fab1bb6dcc6a9e276e0>@@AEAV<lambda_2fe9b910cf3cbf4a0ab98a02ba45b3ec>@@$$QEAV<lambda_237c231691f317818eb88cc1d5d642d6>@@@Z@4HA 000000018005bb6c     libucrt:close.obj
 0004:00001b6c       $pdata$?fin$0@?0???$?RV<lambda_b521505b218e5242e90febf6bfebc422>@@AEAV<lambda_6978c1fb23f02e42e1d9e99668cc68aa>@@V<lambda_314360699dd331753a4119843814e9a7>@@@?$__crt_seh_guarded_call@H@@QEAAH$$QEAV<lambda_b521505b218e5242e90febf6bfebc422>@@AEAV<lambda_6978c1fb23f02e42e1d9e99668cc68aa>@@$$QEAV<lambda_314360699dd331753a4119843814e9a7>@@@Z@4HA 000000018005bb6c     libucrt:commit.obj
 0004:00001b78       $pdata$_write$fin$0        000000018005bb78     libucrt:write.obj
 0004:00001b84       $pdata$fclose$fin$0        000000018005bb84     libucrt:fclose.obj
 0004:00001b90       $pdata$_ctrlfp$filt$0      000000018005bb90     libucrt:fpctrl.obj
 0004:00001b9c       $pdata$_IsNonwritableInCurrentImage$filt$0 000000018005bb9c     LIBCMT:pesect.obj
 0005:00000130       $R000000                   000000018005c130     ConEmuTh.res
 0005:00000448       $R000318                   000000018005c448     ConEmuTh.res
 0005:000014f0       $R0013C0                   000000018005d4f0     ConEmuTh.res
 0005:00001508       $R0013D8                   000000018005d508     ConEmuTh.res
