 pe

 Timestamp is 59f1ba8a (Thu Oct 26 13:35:54 2017)

 Preferred load address is 10000000

 Start         Length     Name                   Class
 0001:00000000 0000b654H .text$mn                CODE
 0002:00000000 00000134H .idata$5                DATA
 0002:00000134 00000004H .00cfg                  DATA
 0002:00000138 00000004H .CRT$XCA                DATA
 0002:0000013c 00000004H .CRT$XCZ                DATA
 0002:00000140 00000004H .CRT$XIA                DATA
 0002:00000144 0000000cH .CRT$XIC                DATA
 0002:00000150 00000004H .CRT$XIZ                DATA
 0002:00000154 00000004H .CRT$XPA                DATA
 0002:00000158 00000008H .CRT$XPX                DATA
 0002:00000160 00000004H .CRT$XPXA               DATA
 0002:00000164 00000004H .CRT$XPZ                DATA
 0002:00000168 00000004H .CRT$XTA                DATA
 0002:0000016c 00000004H .CRT$XTZ                DATA
 0002:00000170 00000000H .gfids$x                DATA
 0002:00000170 00000000H .gfids$y                DATA
 0002:00000170 00004b10H .rdata                  DATA
 0002:00004c80 00000000H .rdata$r                DATA
 0002:00004c80 0000000cH .rdata$sxdata           DATA
 0002:00004c8c 000002e0H .rdata$zzzdbg           DATA
 0002:00004f6c 00000004H .rtc$IAA                DATA
 0002:00004f70 00000004H .rtc$IZZ                DATA
 0002:00004f74 00000004H .rtc$TAA                DATA
 0002:00004f78 00000008H .rtc$TZZ                DATA
 0002:00004f80 00000370H .xdata$x                DATA
 0002:000052f0 00000090H .edata                  DATA
 0002:00005380 00000028H .idata$2                DATA
 0002:000053a8 00000014H .idata$3                DATA
 0002:000053bc 00000134H .idata$4                DATA
 0002:000054f0 00000542H .idata$6                DATA
 0003:00000000 00000770H .data                   DATA
 0003:00000770 00000000H .data$r                 DATA
 0003:00000770 00000a10H .bss                    DATA
 0004:00000000 000000a0H .rsrc$01                DATA
 0004:000000a0 00000488H .rsrc$02                DATA

  Address         Publics by Value              Rva+Base       Lib:Object

 0000:00000000       ___guard_fids_count        00000000     <absolute>
 0000:00000000       ___enclave_config          00000000     <absolute>
 0000:00000000       ___guard_longjmp_count     00000000     <absolute>
 0000:00000000       ___guard_longjmp_table     00000000     <absolute>
 0000:00000000       __except_list              00000000     <absolute>
 0000:00000000       ___guard_iat_table         00000000     <absolute>
 0000:00000000       ___guard_iat_count         00000000     <absolute>
 0000:00000000       ___hybrid_auxiliary_iat    00000000     <absolute>
 0000:00000000       ___hybrid_code_map         00000000     <absolute>
 0000:00000000       ___guard_fids_table        00000000     <absolute>
 0000:00000000       ___hybrid_code_map_count   00000000     <absolute>
 0000:00000000       ___dynamic_value_reloc_table 00000000     <absolute>
 0000:00000003       ___safe_se_handler_count   00000003     <absolute>
 0000:00000100       ___guard_flags             00000100     <absolute>
 0000:00000000       ___ImageBase               10000000     <linker-defined>
 0001:00000000       ??$DumpCOR20Header@U_IMAGE_NT_HEADERS64@@@@YAXPAUPEData@@PAEPAU_IMAGE_NT_HEADERS64@@@Z 10001000 f i pe.obj
 0001:0000001b       ??$DumpCOR20Header@U_IMAGE_NT_HEADERS@@@@YAXPAUPEData@@PAEPAU_IMAGE_NT_HEADERS@@@Z 1000101b f i pe.obj
 0001:00000036       ??$DumpCertificates@U_IMAGE_NT_HEADERS64@@@@YAXPAUPEData@@PAEPAU_IMAGE_NT_HEADERS64@@@Z 10001036 f i pe.obj
 0001:00000069       ??$DumpCertificates@U_IMAGE_NT_HEADERS@@@@YAXPAUPEData@@PAEPAU_IMAGE_NT_HEADERS@@@Z 10001069 f i pe.obj
 0001:0000009c       ??$DumpExportsSection@U_IMAGE_NT_HEADERS64@@@@YAXPAUPEData@@PAEPAU_IMAGE_NT_HEADERS64@@@Z 1000109c f i pe.obj
 0001:00000285       ??$DumpExportsSection@U_IMAGE_NT_HEADERS@@@@YAXPAUPEData@@PAEPAU_IMAGE_NT_HEADERS@@@Z 10001285 f i pe.obj
 0001:0000046b       ??$DumpResourceSection@U_IMAGE_NT_HEADERS64@@@@YAXPAUPEData@@PAEPAU_IMAGE_NT_HEADERS64@@@Z 1000146b f i pe.obj
 0001:000004ab       ??$DumpResourceSection@U_IMAGE_NT_HEADERS@@@@YAXPAUPEData@@PAEPAU_IMAGE_NT_HEADERS@@@Z 100014ab f i pe.obj
 0001:000004eb       ??$GetEnclosingSectionHeader@U_IMAGE_NT_HEADERS@@@@YAPAU_IMAGE_SECTION_HEADER@@KPAU_IMAGE_NT_HEADERS@@@Z 100014eb f i pe.obj
 0001:000004eb       ??$GetEnclosingSectionHeader@U_IMAGE_NT_HEADERS64@@@@YAPAU_IMAGE_SECTION_HEADER@@KPAU_IMAGE_NT_HEADERS64@@@Z 100014eb f i pe.obj
 0001:00000531       ??$GetPtrFromRVA@U_IMAGE_NT_HEADERS@@@@YAPAXKPAU_IMAGE_NT_HEADERS@@PAE@Z 10001531 f i pe.obj
 0001:00000531       ??$GetPtrFromRVA@U_IMAGE_NT_HEADERS64@@@@YAPAXKPAU_IMAGE_NT_HEADERS64@@PAE@Z 10001531 f i pe.obj
 0001:00000565       ?CET_Cancel@@YGXPAX@Z      10001565 f   pe.obj
 0001:00000568       ?CET_Done@@YGXPAUCET_Init@@@Z 10001568 f   pe.obj
 0001:00000570       ?CET_Free@@YGXPAUCET_LoadInfo@@@Z 10001570 f   pe.obj
 0001:000005b4       ?CET_Init@@YGHPAU0@@Z      100015b4 f   pe.obj
 0001:000005e1       ?CET_Load@@YGHPAUCET_LoadInfo@@@Z 100015e1 f   pe.obj
 0001:00000888       ?CreateResource@@YAXPAUPEData@@KPAXKKK@Z 10001888 f   pe.obj
 0001:00000953       ?DumpExeFile@@YA_NPAUPEData@@PAU_IMAGE_DOS_HEADER@@@Z 10001953 f   pe.obj
 0001:000009ad       ?DumpExeFileNE@@YA_NPAUPEData@@PAU_IMAGE_DOS_HEADER@@PAU_IMAGE_OS2_HEADER@@@Z 100019ad f   pe.obj
 0001:000009e7       ?DumpExeFilePE@@YA_NPAUPEData@@PAU_IMAGE_DOS_HEADER@@PAU_IMAGE_NT_HEADERS@@@Z 100019e7 f   pe.obj
 0001:00000a95       ?DumpFile@@YA_NPAUPEData@@PAE_J2@Z 10001a95 f   pe.obj
 0001:00000af7       ?DumpNEResourceTable@@YAXPAUPEData@@PAU_IMAGE_DOS_HEADER@@PAE@Z 10001af7 f   pe.obj
 0001:00000bb9       ?DumpResourceDirectory@@YAXPAUPEData@@PAU_IMAGE_RESOURCE_DIRECTORY@@PAEKKKK@Z 10001bb9 f   pe.obj
 0001:00000ca7       ?DumpResourceEntry@@YAXPAUPEData@@KPAU_IMAGE_RESOURCE_DIRECTORY_ENTRY@@PAEKKK@Z 10001ca7 f   pe.obj
 0001:00000d4d       ?DumpResources@@YAXPAUPEData@@PAEPAU_IMAGE_NT_HEADERS@@@Z 10001d4d f   pe.obj
 0001:00000d8d       ?ParseVersionInfo@@YAXPAUPEData@@AAPAXAAK@Z 10001d8d f   pe.obj
 0001:00000e84       ?ParseVersionInfoA@@YAXPAUPEData@@AAPAXAAK@Z 10001e84 f   pe.obj
 0001:00000f73       ?ParseVersionInfoFixed@@YAXPAUPEData@@PAUtagVS_FIXEDFILEINFO@@@Z 10001f73 f   pe.obj
 0001:00001106       ?ParseVersionInfoVariable@@YAXPAUPEData@@PAXAAKPAG@Z 10002106 f   pe.obj
 0001:00001178       ?ParseVersionInfoVariableA@@YAXPAUPEData@@PAXAAKPAD@Z 10002178 f   pe.obj
 0001:000011b6       ?ParseVersionInfoVariableString@@YAXPAUPEData@@PAXAAKPAG@Z 100021b6 f   pe.obj
 0001:00001321       ?ParseVersionInfoVariableStringA@@YAXPAUPEData@@PAXAAKPAD@Z 10002321 f   pe.obj
 0001:0000151c       ?ParseVersionInfoVariableVar@@YAXPAUPEData@@PAXAAKPAG@Z 1000251c f   pe.obj
 0001:000015b7       ?ValidateMemory@@YA_NPAUPEData@@PBXI@Z 100025b7 f   pe.obj
 0001:00001604       ?HeapDeinitialize@@YAXXZ   10002604 f   common-kernel32:Memory.obj
 0001:0000161c       ?HeapInitialize@@YA_NXZ    1000261c f   common-kernel32:Memory.obj
 0001:0000163e       ___raise_securityfailure   1000263e f   LIBCMT:gs_report.obj
 0001:00001666       ___report_gsfailure        10002666 f   LIBCMT:gs_report.obj
 0001:00001761       ___report_rangecheckfailure 10002761 f   LIBCMT:gs_report.obj
 0001:0000176d       ___report_securityfailure  1000276d f   LIBCMT:gs_report.obj
 0001:0000183d       @__security_check_cookie@4 1000283d f   LIBCMT:_secchk_.obj
 0001:00001b48       __DllMainCRTStartup@12     10002b48 f   LIBCMT:dll_dllmain.obj
 0001:00001bba       ___security_init_cookie    10002bba f   LIBCMT:gs_support.obj
 0001:00001c0d       _DllMain@12                10002c0d f   LIBCMT:dll_dllmain_stub.obj
 0001:00001c13       ?__scrt_initialize_type_info@@YAXXZ 10002c13 f   LIBCMT:tncleanup.obj
 0001:00001c1f       ?__scrt_uninitialize_type_info@@YAXXZ 10002c1f f   LIBCMT:tncleanup.obj
 0001:00001c2b       ___local_stdio_printf_options 10002c2b f i LIBCMT:default_local_stdio_options.obj
 0001:00001c31       ___local_stdio_scanf_options 10002c31 f i LIBCMT:default_local_stdio_options.obj
 0001:00001c37       ___scrt_initialize_default_local_stdio_options 10002c37 f   LIBCMT:default_local_stdio_options.obj
 0001:00001c98       ___scrt_acquire_startup_lock 10002c98 f   LIBCMT:utility.obj
 0001:00001ccd       ___scrt_dllmain_after_initialize_c 10002ccd f   LIBCMT:utility.obj
 0001:00001cf8       ___scrt_dllmain_before_initialize_c 10002cf8 f   LIBCMT:utility.obj
 0001:00001d06       ___scrt_dllmain_crt_thread_attach 10002d06 f   LIBCMT:utility.obj
 0001:00001d25       ___scrt_dllmain_crt_thread_detach 10002d25 f   LIBCMT:utility.obj
 0001:00001d32       ___scrt_dllmain_exception_filter 10002d32 f   LIBCMT:utility.obj
 0001:00001d65       ___scrt_dllmain_uninitialize_c 10002d65 f   LIBCMT:utility.obj
 0001:00001d88       ___scrt_dllmain_uninitialize_critical 10002d88 f   LIBCMT:utility.obj
 0001:00001d95       ___scrt_initialize_crt     10002d95 f   LIBCMT:utility.obj
 0001:00001dce       ___scrt_initialize_onexit_tables 10002dce f   LIBCMT:utility.obj
 0001:00001e78       ___scrt_is_nonwritable_in_current_image 10002e78 f   LIBCMT:utility.obj
 0001:00001f02       ___scrt_release_startup_lock 10002f02 f   LIBCMT:utility.obj
 0001:00001f1f       ___scrt_uninitialize_crt   10002f1f f   LIBCMT:utility.obj
 0001:00001f47       ___scrt_get_dyn_tls_init_callback 10002f47 f   LIBCMT:dyn_tls_init.obj
 0001:00001f4d       ___scrt_fastfail           10002f4d f   LIBCMT:utility_desktop.obj
 0001:00002069       __crt_debugger_hook        10003069 f   LIBCMT:utility_desktop.obj
 0001:00002071       __RTC_Initialize           10003071 f   LIBCMT:_initsect_.obj
 0001:0000209c       __RTC_Terminate            1000309c f   LIBCMT:_initsect_.obj
 0001:000020c7       @_guard_check_icall@4      100030c7 f i LIBCMT:checkcfg.obj
 0001:000020d0       __SEH_prolog4              100030d0 f   LIBCMT:_sehprolg4_.obj
 0001:00002116       __SEH_epilog4              10003116 f   LIBCMT:_sehprolg4_.obj
 0001:0000212b       ___isa_available_init      1000312b f   LIBCMT:_cpu_disp_.obj
 0001:000022ca       __get_startup_argv_mode    100032ca f   LIBCMT:argv_mode.obj
 0001:000022ce       ___scrt_is_ucrt_dll_in_use 100032ce f   LIBCMT:ucrt_detection.obj
 0001:000022da       @_guard_check_icall_nop@4  100032da f i LIBCMT:guard_support.obj
 0001:000022db       _wcschr                    100032db f   libvcruntime:wcschr.obj
 0001:00002389       _wcsrchr                   10003389 f   libvcruntime:wcsrchr.obj
 0001:00002430       _strrchr                   10003430 f   libvcruntime:strrchr.obj
 0001:000025b0       __except_handler4          100035b0 f   libvcruntime:_chandler4_.obj
 0001:00002716       ___std_type_info_destroy_list 10003716 f   libvcruntime:std_type_info.obj
 0001:00002739       ___vcrt_initialize         10003739 f   libvcruntime:initialization.obj
 0001:00002762       ___vcrt_thread_attach      10003762 f   libvcruntime:initialization.obj
 0001:0000276d       ___vcrt_thread_detach      1000376d f   libvcruntime:initialization.obj
 0001:00002778       ___vcrt_uninitialize       10003778 f   libvcruntime:initialization.obj
 0001:00002797       ___vcrt_uninitialize_critical 10003797 f   libvcruntime:initialization.obj
 0001:000027a0       _memset                    100037a0 f   libvcruntime:memset.obj
 0001:00002900       __local_unwind4            10003900 f   libvcruntime:_exsup4_.obj
 0001:000029d8       __seh_longjmp_unwind4@4    100039d8 f   libvcruntime:_exsup4_.obj
 0001:00002a00       @_EH4_CallFilterFunc@8     10003a00 f   libvcruntime:_exsup4_.obj
 0001:00002a18       @_EH4_TransferToHandler@8  10003a18 f   libvcruntime:_exsup4_.obj
 0001:00002a34       @_EH4_GlobalUnwind2@8      10003a34 f   libvcruntime:_exsup4_.obj
 0001:00002a50       @_EH4_LocalUnwind@16       10003a50 f   libvcruntime:_exsup4_.obj
 0001:00002a67       ___except_validate_context_record 10003a67 f   libvcruntime:jbcxrval.obj
 0001:00002a97       ___except_validate_jump_buffer 10003a97 f   libvcruntime:jbcxrval.obj
 0001:00002ac4       ___vcrt_freefls@4          10003ac4 f   libvcruntime:per_thread_data.obj
 0001:00002ae0       ___vcrt_freeptd            10003ae0 f   libvcruntime:per_thread_data.obj
 0001:00002b16       ___vcrt_getptd_noexit      10003b16 f   libvcruntime:per_thread_data.obj
 0001:00002ba8       ___vcrt_initialize_ptd     10003ba8 f   libvcruntime:per_thread_data.obj
 0001:00002bdb       ___vcrt_uninitialize_ptd   10003bdb f   libvcruntime:per_thread_data.obj
 0001:00002bf6       ___vcrt_initialize_locks   10003bf6 f   libvcruntime:locks.obj
 0001:00002c32       ___vcrt_uninitialize_locks 10003c32 f   libvcruntime:locks.obj
 0001:00002c61       ??$__crt_fast_encode_pointer@PAX@@YAPAXQAX@Z 10003c61 f i libvcruntime:winapi_downlevel.obj
 0001:00002dc4       ___vcrt_FlsAlloc           10003dc4 f   libvcruntime:winapi_downlevel.obj
 0001:00002dfe       ___vcrt_FlsFree            10003dfe f   libvcruntime:winapi_downlevel.obj
 0001:00002e38       ___vcrt_FlsGetValue        10003e38 f   libvcruntime:winapi_downlevel.obj
 0001:00002e72       ___vcrt_FlsSetValue        10003e72 f   libvcruntime:winapi_downlevel.obj
 0001:00002eaf       ___vcrt_InitializeCriticalSectionEx 10003eaf f   libvcruntime:winapi_downlevel.obj
 0001:00002ef5       ___vcrt_initialize_winapi_thunks 10003ef5 f   libvcruntime:winapi_downlevel.obj
 0001:00002f2f       ___vcrt_uninitialize_winapi_thunks 10003f2f f   libvcruntime:winapi_downlevel.obj
 0001:00002f61       ___vcrt_initialize_pure_virtual_call_handler 10003f61 f   libvcruntime:purevirt_data.obj
 0001:00002f90       __global_unwind2           10003f90 f   libvcruntime:_exsup_.obj
 0001:00002ff6       __local_unwind2            10003ff6 f   libvcruntime:_exsup_.obj
 0001:0000307a       __abnormal_termination     1000407a f   libvcruntime:_exsup_.obj
 0001:000030a0       __NLG_Notify1              100040a0 f   libvcruntime:_exsup_.obj
 0001:000030ac       __NLG_Notify               100040ac f   libvcruntime:_exsup_.obj
 0001:000030c3       __NLG_Dispatch2            100040c3     libvcruntime:_exsup_.obj
 0001:000030c3       __NLG_Dispatch             100040c3     libvcruntime:_exsup_.obj
 0001:000030cb       __NLG_Call                 100040cb f   libvcruntime:_exsup_.obj
 0001:000030cd       __NLG_Return2              100040cd     libvcruntime:_exsup_.obj
 0001:000030ce       __initterm                 100040ce f   libucrt:initterm.obj
 0001:0000312a       __initterm_e               1000412a f   libucrt:initterm.obj
 0001:0000316f       __seh_filter_dll           1000416f f   libucrt:exception_filter.obj
 0001:0000318f       __seh_filter_exe           1000418f f   libucrt:exception_filter.obj
 0001:0000351d       ___acrt_initialize_thread_local_exit_callback 1000451d f   libucrt:exit.obj
 0001:0000352c       __cexit                    1000452c f   libucrt:exit.obj
 0001:0000353b       __exit                     1000453b f   libucrt:exit.obj
 0001:00003551       __is_c_termination_complete 10004551 f   libucrt:exit.obj
 0001:000037f0       ___acrt_allocate_buffer_for_argv 100047f0 f   libucrt:argv_parsing.obj
 0001:00003845       __configure_narrow_argv    10004845 f   libucrt:argv_parsing.obj
 0001:000039a9       ??$uninitialize@A6AXAAPAPAD@Z@?$dual_state_global@PAPAD@__crt_state_management@@QAEXA6AXAAPAPAD@Z@Z 100049a9 f i libucrt:environment_initialization.obj
 0001:000039a9       ??$uninitialize@A6AXAAPAPA_W@Z@?$dual_state_global@PAPA_W@__crt_state_management@@QAEXA6AXAAPAPA_W@Z@Z 100049a9 f i libucrt:environment_initialization.obj
 0001:00003a1f       ?initialize@?$dual_state_global@P6AHPAU_exception@@@Z@__crt_state_management@@QAEXQ6AHPAU_exception@@@Z@Z 10004a1f f i libucrt:matherr.obj
 0001:00003a1f       ?initialize@?$dual_state_global@P6AHI@Z@__crt_state_management@@QAEXQ6AHI@Z@Z 10004a1f f i libucrt:new_handler.obj
 0001:00003a1f       ?initialize@?$dual_state_global@P6AXH@Z@__crt_state_management@@QAEXQ6AXH@Z@Z 10004a1f f i libucrt:signal.obj
 0001:00003a1f       ?initialize@?$dual_state_global@PAPAD@__crt_state_management@@QAEXQAPAD@Z 10004a1f f i libucrt:environment_initialization.obj
 0001:00003a1f       ?initialize@?$dual_state_global@PAU__crt_locale_data@@@__crt_state_management@@QAEXQAU__crt_locale_data@@@Z 10004a1f f i libucrt:initialization.obj
 0001:00003a1f       ?initialize@?$dual_state_global@P6AXPB_W00II@Z@__crt_state_management@@QAEXQ6AXPB_W00II@Z@Z 10004a1f f i libucrt:invalid_parameter.obj
 0001:00003a50       ___dcrt_uninitialize_environments_nolock 10004a50 f   libucrt:environment_initialization.obj
 0001:00003a87       __initialize_narrow_environment 10004a87 f   libucrt:environment_initialization.obj
 0001:00003a8c       ??$?RV<lambda_995298e7d72eb4c2aab26c0585b3abe5>@@AAV<lambda_275893d493268fdec8709772e3fcec0e>@@V<lambda_293819299cbf9a7022e18b56a874bb5c>@@@?$__crt_seh_guarded_call@H@@QAEH$$QAV<lambda_995298e7d72eb4c2aab26c0585b3abe5>@@AAV<lambda_275893d493268fdec8709772e3fcec0e>@@$$QAV<lambda_293819299cbf9a7022e18b56a874bb5c>@@@Z 10004a8c f i libucrt:onexit.obj
 0001:00003add       ??$__acrt_lock_and_call@V<lambda_275893d493268fdec8709772e3fcec0e>@@@@YAHW4__acrt_lock_id@@$$QAV<lambda_275893d493268fdec8709772e3fcec0e>@@@Z 10004add f i libucrt:onexit.obj
 0001:00003c25       __execute_onexit_table     10004c25 f   libucrt:onexit.obj
 0001:00003c42       __initialize_onexit_table  10004c42 f   libucrt:onexit.obj
 0001:00003d70       ___acrt_initialize         10004d70 f   libucrt:initialization.obj
 0001:00003d82       ___acrt_thread_attach      10004d82 f   libucrt:initialization.obj
 0001:00003d8d       ___acrt_thread_detach      10004d8d f   libucrt:initialization.obj
 0001:00003d95       ___acrt_uninitialize       10004d95 f   libucrt:initialization.obj
 0001:00003da7       ___acrt_uninitialize_critical 10004da7 f   libucrt:initialization.obj
 0001:00003db9       _terminate                 10004db9 f   libucrt:terminate.obj
 0001:00003df5       __free_base                10004df5 f   libucrt:free_base.obj
 0001:00003e2f       __malloc_base              10004e2f f   libucrt:malloc_base.obj
 0001:00003e7d       _strcpy_s                  10004e7d f   libucrt:strcpy_s.obj
 0001:00003ed7       ??0_LocaleUpdate@@QAE@QAU__crt_locale_pointers@@@Z 10004ed7 f i libucrt:output.obj
 0001:00003f5a       _abort                     10004f5a f   libucrt:abort.obj
 0001:00003f9d       __calloc_base              10004f9d f   libucrt:calloc_base.obj
 0001:00003ffa       _wcsncmp                   10004ffa f   libucrt:wcsncmp.obj
 0001:00004034       ??$?RV<lambda_3518db117f0e7cdb002338c5d3c47b6c>@@AAV<lambda_b2ea41f6bbb362cd97d94c6828d90b61>@@V<lambda_abdedf541bb04549bc734292b4a045d4>@@@?$__crt_seh_guarded_call@X@@QAEX$$QAV<lambda_3518db117f0e7cdb002338c5d3c47b6c>@@AAV<lambda_b2ea41f6bbb362cd97d94c6828d90b61>@@$$QAV<lambda_abdedf541bb04549bc734292b4a045d4>@@@Z 10005034 f i libucrt:per_thread_data.obj
 0001:00004084       ??$?RV<lambda_51b6e8b1eb166f2a3faf91f424b38130>@@AAV<lambda_6250bd4b2a391816dd638c3bf72b0bcb>@@V<lambda_0b5a4a3e68152e1d9b943535f5f47bed>@@@?$__crt_seh_guarded_call@X@@QAEX$$QAV<lambda_51b6e8b1eb166f2a3faf91f424b38130>@@AAV<lambda_6250bd4b2a391816dd638c3bf72b0bcb>@@$$QAV<lambda_0b5a4a3e68152e1d9b943535f5f47bed>@@@Z 10005084 f i libucrt:per_thread_data.obj
 0001:000040e5       ??$?RV<lambda_5b71d36f03204c0beab531769a5b5694>@@AAV<lambda_be2b3da3f62db62e9dad5dc70221a656>@@V<lambda_8f9ce462984622f9bf76b59e2aaaf805>@@@?$__crt_seh_guarded_call@X@@QAEX$$QAV<lambda_5b71d36f03204c0beab531769a5b5694>@@AAV<lambda_be2b3da3f62db62e9dad5dc70221a656>@@$$QAV<lambda_8f9ce462984622f9bf76b59e2aaaf805>@@@Z 100050e5 f i libucrt:per_thread_data.obj
 0001:00004130       ??$?RV<lambda_9df27f884b057bc3edfc946cb5b7cf47>@@AAV<lambda_e69574bed617af4e071282c136b37893>@@V<lambda_cc0d902bcbbeb830f749456577db4721>@@@?$__crt_seh_guarded_call@X@@QAEX$$QAV<lambda_9df27f884b057bc3edfc946cb5b7cf47>@@AAV<lambda_e69574bed617af4e071282c136b37893>@@$$QAV<lambda_cc0d902bcbbeb830f749456577db4721>@@@Z 10005130 f i libucrt:per_thread_data.obj
 0001:00004178       ??$__acrt_lock_and_call@V<lambda_6250bd4b2a391816dd638c3bf72b0bcb>@@@@YAXW4__acrt_lock_id@@$$QAV<lambda_6250bd4b2a391816dd638c3bf72b0bcb>@@@Z 10005178 f i libucrt:per_thread_data.obj
 0001:000041a0       ??$__acrt_lock_and_call@V<lambda_b2ea41f6bbb362cd97d94c6828d90b61>@@@@YAXW4__acrt_lock_id@@$$QAV<lambda_b2ea41f6bbb362cd97d94c6828d90b61>@@@Z 100051a0 f i libucrt:per_thread_data.obj
 0001:000041c8       ??$__acrt_lock_and_call@V<lambda_be2b3da3f62db62e9dad5dc70221a656>@@@@YAXW4__acrt_lock_id@@$$QAV<lambda_be2b3da3f62db62e9dad5dc70221a656>@@@Z 100051c8 f i libucrt:per_thread_data.obj
 0001:000041f0       ??$__acrt_lock_and_call@V<lambda_e69574bed617af4e071282c136b37893>@@@@YAXW4__acrt_lock_id@@$$QAV<lambda_e69574bed617af4e071282c136b37893>@@@Z 100051f0 f i libucrt:per_thread_data.obj
 0001:000043a6       ___acrt_freeptd            100053a6 f   libucrt:per_thread_data.obj
 0001:000043d2       ___acrt_getptd             100053d2 f   libucrt:per_thread_data.obj
 0001:00004456       ___acrt_getptd_noexit      10005456 f   libucrt:per_thread_data.obj
 0001:000044db       ___acrt_initialize_ptd     100054db f   libucrt:per_thread_data.obj
 0001:00004507       ___acrt_uninitialize_ptd   10005507 f   libucrt:per_thread_data.obj
 0001:00004521       ___acrt_initialize_locks   10005521 f   libucrt:locks.obj
 0001:00004562       ___acrt_lock               10005562 f   libucrt:locks.obj
 0001:00004579       ___acrt_uninitialize_locks 10005579 f   libucrt:locks.obj
 0001:000045aa       ___acrt_unlock             100055aa f   libucrt:locks.obj
 0001:000046d8       ___acrt_FlsAlloc@4         100056d8 f   libucrt:winapi_thunks.obj
 0001:0000472e       ___acrt_FlsFree@4          1000572e f   libucrt:winapi_thunks.obj
 0001:00004784       ___acrt_FlsGetValue@4      10005784 f   libucrt:winapi_thunks.obj
 0001:000047da       ___acrt_FlsSetValue@8      100057da f   libucrt:winapi_thunks.obj
 0001:00004833       ___acrt_InitializeCriticalSectionEx@12 10005833 f   libucrt:winapi_thunks.obj
 0001:00004895       ___acrt_LCMapStringEx@36   10005895 f   libucrt:winapi_thunks.obj
 0001:0000491d       ___acrt_LocaleNameToLCID@8 1000591d f   libucrt:winapi_thunks.obj
 0001:00004979       ___acrt_initialize_winapi_thunks 10005979 f   libucrt:winapi_thunks.obj
 0001:0000499f       ___acrt_is_packaged_app    1000599f f   libucrt:winapi_thunks.obj
 0001:00004a26       ___acrt_uninitialize_winapi_thunks 10005a26 f   libucrt:winapi_thunks.obj
 0001:00004a5c       ___acrt_call_reportfault   10005a5c f   libucrt:invalid_parameter.obj
 0001:00004b97       ___acrt_initialize_invalid_parameter_handler 10005b97 f   libucrt:invalid_parameter.obj
 0001:00004bab       __invalid_parameter        10005bab f   libucrt:invalid_parameter.obj
 0001:00004c26       __invalid_parameter_noinfo 10005c26 f   libucrt:invalid_parameter.obj
 0001:00004c36       __invoke_watson            10005c36 f   libucrt:invalid_parameter.obj
 0001:00004c69       ___acrt_errno_from_os_error 10005c69 f   libucrt:errno.obj
 0001:00004cac       ___acrt_errno_map_os_error 10005cac f   libucrt:errno.obj
 0001:00004ccf       ___doserrno                10005ccf f   libucrt:errno.obj
 0001:00004ce2       __errno                    10005ce2 f   libucrt:errno.obj
 0001:000050b7       ??1?$argument_list@D@?A0xb0e4b824@@QAE@XZ 100060b7 f i libucrt:argv_wildcards.obj
 0001:000050dc       ?append@?$argument_list@D@?A0xb0e4b824@@QAEHQAD@Z 100060dc f i libucrt:argv_wildcards.obj
 0001:00005111       ?expand_if_necessary@?$argument_list@D@?A0xb0e4b824@@AAEHXZ 10006111 f i libucrt:argv_wildcards.obj
 0001:00005198       ___acrt_expand_narrow_argv_wildcards 10006198 f   libucrt:argv_wildcards.obj
 0001:000051a3       ??$?RV<lambda_978dc153c237d78434369da87b74ff60>@@AAV<lambda_ad1ced32f4ac17aa236e5ef05d6b3b7c>@@V<lambda_4a8533e2866a575feecb8298ce776b0d>@@@?$__crt_seh_guarded_call@X@@QAEX$$QAV<lambda_978dc153c237d78434369da87b74ff60>@@AAV<lambda_ad1ced32f4ac17aa236e5ef05d6b3b7c>@@$$QAV<lambda_4a8533e2866a575feecb8298ce776b0d>@@@Z 100061a3 f i libucrt:mbctype.obj
 0001:000051e6       ??$__acrt_lock_and_call@V<lambda_ad1ced32f4ac17aa236e5ef05d6b3b7c>@@@@YAXW4__acrt_lock_id@@$$QAV<lambda_ad1ced32f4ac17aa236e5ef05d6b3b7c>@@@Z 100061e6 f i libucrt:mbctype.obj
 0001:0000567d       ___acrt_initialize_multibyte 1000667d f   libucrt:mbctype.obj
 0001:0000569b       ___acrt_update_thread_multibyte_data 1000669b f   libucrt:mbctype.obj
 0001:0000573d       __setmbcp_nolock           1000673d f   libucrt:mbctype.obj
 0001:00005a08       __ismbblead                10006a08 f   libucrt:ismbbyte.obj
 0001:00005a20       ___acrt_initialize_command_line 10006a20 f   libucrt:argv_data.obj
 0001:00005a39       ___acrt_uninitialize_command_line 10006a39 f   libucrt:argv_data.obj
 0001:00005a73       ___dcrt_get_narrow_environment_from_os 10006a73 f   libucrt:get_environment_from_os.obj
 0001:00005af6       __recalloc                 10006af6 f   libucrt:recalloc.obj
 0001:00005b01       __recalloc_base            10006b01 f   libucrt:recalloc.obj
 0001:00005b6e       ___acrt_initialize_heap    10006b6e f   libucrt:heap_handle.obj
 0001:00005b7f       ___acrt_uninitialize_heap  10006b7f f   libucrt:heap_handle.obj
 0001:00005cf5       ___acrt_initialize_lowio   10006cf5 f   libucrt:ioinit.obj
 0001:00005d4b       ___acrt_uninitialize_lowio 10006d4b f   libucrt:ioinit.obj
 0001:00005d77       ___acrt_execute_initializers 10006d77 f   libucrt:shared_initialization.obj
 0001:00005dfa       ___acrt_execute_uninitializers 10006dfa f   libucrt:shared_initialization.obj
 0001:00005e47       ___acrt_initialize_new_handler 10006e47 f   libucrt:new_handler.obj
 0001:00005e5b       __callnewh                 10006e5b f   libucrt:new_handler.obj
 0001:00005e9f       __query_new_handler        10006e9f f   libucrt:new_handler.obj
 0001:00005ef1       ??$?RV<lambda_a048d3beccc847880fc8490e18b82769>@@AAV<lambda_ec61778202f4f5fc7e7711acc23c3bca>@@V<lambda_f7496a158712204296dd6628a163878e>@@@?$__crt_seh_guarded_call@P6AXH@Z@@QAEP6AXH@Z$$QAV<lambda_a048d3beccc847880fc8490e18b82769>@@AAV<lambda_ec61778202f4f5fc7e7711acc23c3bca>@@$$QAV<lambda_f7496a158712204296dd6628a163878e>@@@Z 10006ef1 f i libucrt:signal.obj
 0001:00005f4b       ??$__acrt_lock_and_call@V<lambda_ec61778202f4f5fc7e7711acc23c3bca>@@@@YAP6AXH@ZW4__acrt_lock_id@@$$QAV<lambda_ec61778202f4f5fc7e7711acc23c3bca>@@@Z 10006f4b f i libucrt:signal.obj
 0001:00005fdd       ___acrt_get_sigabrt_handler 10006fdd f   libucrt:signal.obj
 0001:00005ff7       ___acrt_initialize_signal_handlers 10006ff7 f   libucrt:signal.obj
 0001:00006032       ___fpecode                 10007032 f   libucrt:signal.obj
 0001:0000603b       _raise                     1000703b f   libucrt:signal.obj
 0001:00006243       ___acrt_has_user_matherr   10007243 f   libucrt:matherr.obj
 0001:0000625c       ___acrt_initialize_user_matherr 1000725c f   libucrt:matherr.obj
 0001:00006270       ___acrt_invoke_user_matherr 10007270 f   libucrt:matherr.obj
 0001:000062b9       __query_new_mode           100072b9 f   libucrt:new_mode.obj
 0001:000062bf       __mbtowc_l                 100072bf f   libucrt:mbtowc.obj
 0001:000063b9       _mbtowc                    100073b9 f   libucrt:mbtowc.obj
 0001:000063d3       ___acrt_update_locale_info 100073d3 f   libucrt:locale_update.obj
 0001:00006400       ___acrt_update_multibyte_info 10007400 f   libucrt:locale_update.obj
 0001:0000642d       __fileno                   1000742d f   libucrt:fileno.obj
 0001:00006453       ___acrt_initialize_stdio   10007453 f   libucrt:_file.obj
 0001:0000651b       ___acrt_uninitialize_stdio 1000751b f   libucrt:_file.obj
 0001:00006567       __lock_file                10007567 f   libucrt:_file.obj
 0001:0000657b       __unlock_file              1000757b f   libucrt:_file.obj
 0001:0000658f       ___acrt_set_locale_changed 1000758f f   libucrt:wsetlocale.obj
 0001:0000659a       ___acrt_uninitialize_locale 1000759a f   libucrt:wsetlocale.obj
 0001:000065ec       ___pctype_func             100075ec f   libucrt:ctype.obj
 0001:00006612       ___acrt_add_locale_ref     10007612 f   libucrt:locale_refcounting.obj
 0001:0000668f       ___acrt_free_locale        1000768f f   libucrt:locale_refcounting.obj
 0001:000067d9       ___acrt_locale_add_lc_time_reference 100077d9 f   libucrt:locale_refcounting.obj
 0001:00006802       ___acrt_locale_free_lc_time_if_unreferenced 10007802 f   libucrt:locale_refcounting.obj
 0001:00006832       ___acrt_locale_release_lc_time_reference 10007832 f   libucrt:locale_refcounting.obj
 0001:0000685b       ___acrt_release_locale_ref 1000785b f   libucrt:locale_refcounting.obj
 0001:000068dc       ___acrt_update_thread_locale_data 100078dc f   libucrt:locale_refcounting.obj
 0001:00006953       __updatetlocinfoEx_nolock  10007953 f   libucrt:locale_refcounting.obj
 0001:00006a5f       ___acrt_DownlevelLocaleNameToLCID 10007a5f f   libucrt:lcidtoname_downlevel.obj
 0001:00006b70       _qsort                     10007b70 f   libucrt:qsort.obj
 0001:00006fbb       _strncpy_s                 10007fbb f   libucrt:strncpy_s.obj
 0001:00006fd0       _strpbrk                   10007fd0 f   libucrt:strpbrk.obj
 0001:00007010       __mbsdec                   10008010 f   libucrt:mbsdec.obj
 0001:00007027       __mbsdec_l                 10008027 f   libucrt:mbsdec.obj
 0001:000070c3       ___acrt_GetStringTypeA     100080c3 f   libucrt:getstringtypea.obj
 0001:000071e0       __freea_crt                100081e0 f i libucrt:getstringtypea.obj
 0001:0000741d       ___acrt_LCMapStringA       1000841d f   libucrt:lcmapstringa.obj
 0001:00007468       __msize                    10008468 f   libucrt:msize.obj
 0001:0000749b       __realloc_base             1000849b f   libucrt:realloc_base.obj
 0001:00007504       ___acrt_lowio_create_handle_array 10008504 f   libucrt:osfinfo.obj
 0001:0000757e       ___acrt_lowio_destroy_handle_array 1000857e f   libucrt:osfinfo.obj
 0001:000075b3       ___acrt_lowio_ensure_fh_exists 100085b3 f   libucrt:osfinfo.obj
 0001:0000764b       ___acrt_lowio_lock_fh      1000864b f   libucrt:osfinfo.obj
 0001:0000766e       ___acrt_lowio_unlock_fh    1000866e f   libucrt:osfinfo.obj
 0001:00007691       __free_osfhnd              10008691 f   libucrt:osfinfo.obj
 0001:00007722       __get_osfhandle            10008722 f   libucrt:osfinfo.obj
 0001:0000778c       __isatty                   1000878c f   libucrt:isatty.obj
 0001:000077e2       ___acrt_stdio_flush_nolock 100087e2 f   libucrt:fflush.obj
 0001:00007848       __fflush_nolock            10008848 f   libucrt:fflush.obj
 0001:0000788f       __flushall                 1000888f f   libucrt:fflush.obj
 0001:00007970       __isleadbyte_l             10008970 f i libucrt:_wctype.obj
 0001:000079a9       __fcloseall                100089a9 f   libucrt:closeall.obj
 0001:00007a49       ___acrt_stdio_free_buffer_nolock 10008a49 f   libucrt:_freebuf.obj
 0001:00007a87       ___acrt_locale_free_monetary 10008a87 f   libucrt:initmon.obj
 0001:00007b85       ___acrt_locale_free_numeric 10008b85 f   libucrt:initnum.obj
 0001:00007c2a       ___acrt_locale_free_time   10008c2a f   libucrt:inittime.obj
 0001:00007d0e       ___strncnt                 10008d0e f   libucrt:strncnt.obj
 0001:00007d2a       __query_app_type           10008d2a f   libucrt:report_runtime_error.obj
 0001:00007d30       ??$?RV<lambda_61cee617f5178ae960314fd4d05640a0>@@AAV<lambda_6978c1fb23f02e42e1d9e99668cc68aa>@@V<lambda_9cd88cf8ad10232537feb2133f08c833>@@@?$__crt_seh_guarded_call@H@@QAEH$$QAV<lambda_61cee617f5178ae960314fd4d05640a0>@@AAV<lambda_6978c1fb23f02e42e1d9e99668cc68aa>@@$$QAV<lambda_9cd88cf8ad10232537feb2133f08c833>@@@Z 10008d30 f i libucrt:commit.obj
 0001:00007dc8       ??$__acrt_lowio_lock_fh_and_call@V<lambda_6978c1fb23f02e42e1d9e99668cc68aa>@@@@YAHH$$QAV<lambda_6978c1fb23f02e42e1d9e99668cc68aa>@@@Z 10008dc8 f i libucrt:commit.obj
 0001:00007df0       __commit                   10008df0 f   libucrt:commit.obj
 0001:000083ef       __write                    100093ef f   libucrt:write.obj
 0001:000084da       __write_nolock             100094da f   libucrt:write.obj
 0001:000086f0       _log10                     100096f0 f   libucrt:log10.obj
 0001:00008730       __CIlog10                  10009730 f   libucrt:log10.obj
 0001:0000876b       __CIlog10_default          1000976b f   libucrt:log10.obj
 0001:0000877f       __log10_default            1000977f     libucrt:log10.obj
 0001:00008840       _ceil                      10009840 f   libucrt:ceil_pentium4.obj
 0001:00008880       __ceil_pentium4            10009880 f   libucrt:ceil_pentium4.obj
 0001:000089db       __lseeki64_nolock          100099db f   libucrt:lseek.obj
 0001:000089f6       __fclose_nolock            100099f6 f   libucrt:fclose.obj
 0001:00008a6c       _fclose                    10009a6c f   libucrt:fclose.obj
 0001:00008af0       ___ascii_strnicmp          10009af0 f   libucrt:_strnicm.obj
 0001:00008b51       __putwch_nolock            10009b51 f   libucrt:putwch.obj
 0001:00008b96       ___acrt_initialize_sse2    10009b96 f   libucrt:mathfcns.obj
 0001:00008bb0       __CIlog10_pentium4         10009bb0 f   libucrt:log10_pentium4.obj
 0001:00008bc8       __log10_pentium4           10009bc8     libucrt:log10_pentium4.obj
 0001:00008e51       __fFEXP                    10009e51     libucrt:87tran.obj
 0001:00008ea8       __rtinfpopse               10009ea8     libucrt:87tran.obj
 0001:00008eaa       __rtinfnpopse              10009eaa     libucrt:87tran.obj
 0001:00008eba       __fFLN                     10009eba     libucrt:87tran.obj
 0001:00008f6f       __rtinfpop                 10009f6f     libucrt:87tran.obj
 0001:00008f71       __rtinfnpop                10009f71     libucrt:87tran.obj
 0001:00008f8e       __ffexpm1                  10009f8e     libucrt:87tran.obj
 0001:00009040       __trandisp1                1000a040 f   libucrt:87disp.obj
 0001:000090a7       __trandisp2                1000a0a7 f   libucrt:87disp.obj
 0001:00009133       __rttospopde               1000a133     libucrt:87disp.obj
 0001:00009138       __rttospop                 1000a138     libucrt:87disp.obj
 0001:0000913a       __rtnospop                 1000a13a     libucrt:87disp.obj
 0001:0000913c       __rttosnpop                1000a13c     libucrt:87disp.obj
 0001:0000913d       __rtnospopde               1000a13d     libucrt:87disp.obj
 0001:00009144       __rtzeropop                1000a144     libucrt:87disp.obj
 0001:00009146       __rtzeronpop               1000a146     libucrt:87disp.obj
 0001:0000914b       __rtzerospop               1000a14b     libucrt:87disp.obj
 0001:00009158       __rtonepop                 1000a158     libucrt:87disp.obj
 0001:0000915a       __rtonenpop                1000a15a     libucrt:87disp.obj
 0001:0000915f       __tosnan1                  1000a15f     libucrt:87disp.obj
 0001:0000918a       __nosnan2                  1000a18a     libucrt:87disp.obj
 0001:0000918c       __tosnan2                  1000a18c     libucrt:87disp.obj
 0001:000091b4       __nan2                     1000a1b4     libucrt:87disp.obj
 0001:000091f3       __rtindfpop                1000a1f3     libucrt:87disp.obj
 0001:000091f5       __rtindfnpop               1000a1f5     libucrt:87disp.obj
 0001:00009206       __rttosnpopde              1000a206     libucrt:87disp.obj
 0001:00009210       __rtatan2inf               1000a210     libucrt:87disp.obj
 0001:0000922d       __rtchsifneg               1000a22d     libucrt:87disp.obj
 0001:00009240       __twoToTOS                 1000a240 f   libucrt:common.obj
 0001:00009255       __load_CW                  1000a255 f   libucrt:common.obj
 0001:0000926c       __convertTOStoQNaN         1000a26c f   libucrt:common.obj
 0001:00009285       __fload_withFB             1000a285 f   libucrt:common.obj
 0001:000092c8       __checkTOS_withFB          1000a2c8 f   libucrt:common.obj
 0001:000092de       __fast_exit                1000a2de f   libucrt:common.obj
 0001:000092eb       __math_exit                1000a2eb f   libucrt:common.obj
 0001:00009315       __check_overflow_exit      1000a315 f   libucrt:common.obj
 0001:00009329       __check_range_exit         1000a329 f   libucrt:common.obj
 0001:000093d0       __startTwoArgErrorHandling 1000a3d0 f   libucrt:genexcep.obj
 0001:000093e7       __startOneArgErrorHandling 1000a3e7 f   libucrt:genexcep.obj
 0001:00009423       ___libm_error_support      1000a423 f   libucrt:libm_error.obj
 0001:0000963b       __ceil_default             1000a63b f   libucrt:ceil.obj
 0001:000096f4       ??$?RV<lambda_123407a5e2ac06da108355a851863b7a>@@AAV<lambda_2fe9b910cf3cbf4a0ab98a02ba45b3ec>@@V<lambda_ae55bdf541ad94d75914d381c370e64d>@@@?$__crt_seh_guarded_call@H@@QAEH$$QAV<lambda_123407a5e2ac06da108355a851863b7a>@@AAV<lambda_2fe9b910cf3cbf4a0ab98a02ba45b3ec>@@$$QAV<lambda_ae55bdf541ad94d75914d381c370e64d>@@@Z 1000a6f4 f i libucrt:close.obj
 0001:00009776       ??$__acrt_lowio_lock_fh_and_call@V<lambda_2fe9b910cf3cbf4a0ab98a02ba45b3ec>@@@@YAHH$$QAV<lambda_2fe9b910cf3cbf4a0ab98a02ba45b3ec>@@@Z 1000a776 f i libucrt:close.obj
 0001:0000979e       __close                    1000a79e f   libucrt:close.obj
 0001:0000981d       __close_nolock             1000a81d f   libucrt:close.obj
 0001:000098b9       ?__acrt_stdio_free_stream@@YAXV__crt_stdio_stream@@@Z 1000a8b9 f   libucrt:stream.obj
 0001:000098f4       ___dcrt_lowio_initialize_console_output 1000a8f4 f   libucrt:initcon.obj
 0001:00009913       ___dcrt_terminate_console_output 1000a913 f   libucrt:initcon.obj
 0001:0000992a       __clrfp                    1000a92a f   libucrt:fpctrl.obj
 0001:0000993d       __ctrlfp                   1000a93d f   libucrt:fpctrl.obj
 0001:00009969       __set_statfp               1000a969 f   libucrt:fpctrl.obj
 0001:000099c4       __statfp                   1000a9c4 f   libucrt:fpctrl.obj
 0001:000099d6       __d_inttype                1000a9d6 f   libucrt:powhlp.obj
 0001:00009a40       __powhlp                   1000aa40 f   libucrt:powhlp.obj
 0001:00009b6b       __87except                 1000ab6b f   libucrt:87except.obj
 0001:00009c76       __frnd                     1000ac76 f   libucrt:frnd.obj
 0001:00009c8c       __errcode                  1000ac8c f   libucrt:fpexcept.obj
 0001:00009cc0       __except1                  1000acc0 f   libucrt:fpexcept.obj
 0001:00009d8e       __handle_exc               1000ad8e f   libucrt:fpexcept.obj
 0001:00009f6e       __raise_exc                1000af6e f   libucrt:fpexcept.obj
 0001:00009f91       __raise_exc_ex             1000af91 f   libucrt:fpexcept.obj
 0001:0000a282       __set_errno_from_matherr   1000b282 f   libucrt:fpexcept.obj
 0001:0000a2b1       __umatherr                 1000b2b1 f   libucrt:fpexcept.obj
 0001:0000a353       __decomp                   1000b353 f   libucrt:util.obj
 0001:0000a427       __set_exp                  1000b427 f   libucrt:util.obj
 0001:0000a456       __sptype                   1000b456 f   libucrt:util.obj
 0001:0000a4b4       __fpclass                  1000b4b4 f   libucrt:ieeemisc.obj
 0001:0000a558       _IsProcessorFeaturePresent@4 1000b558 f   kernel32:KERNEL32.dll
 0001:0000a560       __FindPESection            1000b560 f   LIBCMT:pesect.obj
 0001:0000a5b0       __IsNonwritableInCurrentImage 1000b5b0 f   LIBCMT:pesect.obj
 0001:0000a670       __ValidateImageBase        1000b670 f   LIBCMT:pesect.obj
 0001:0000a6b0       __aulldvrm                 1000b6b0 f   LIBCMT:ulldvrm.obj
 0001:0000a750       __SEH_prolog4_GS           1000b750 f   LIBCMT:_sehprolg4gs_.obj
 0001:0000a799       __SEH_epilog4_GS           1000b799 f   LIBCMT:_sehprolg4gs_.obj
 0001:0000a7b0       __allmul                   1000b7b0 f   LIBCMT:llmul.obj
 0001:0000a7f0       __alldvrm                  1000b7f0 f   LIBCMT:lldvrm.obj
 0001:0000a8d0       __aullshr                  1000b8d0 f   LIBCMT:ullshr.obj
 0001:0000a8f0       __alloca_probe_16          1000b8f0 f   LIBCMT:alloca16.obj
 0001:0000a906       __alloca_probe_8           1000b906     LIBCMT:alloca16.obj
 0001:0000a920       __allshl                   1000b920 f   LIBCMT:llshl.obj
 0001:0000a940       __ftol2_sse                1000b940 f   LIBCMT:_ftol2_.obj
 0001:0000a949       __ftol2_pentium4           1000b949 f   LIBCMT:_ftol2_.obj
 0001:0000a95c       __ftol2_sse_excpt          1000b95c f   LIBCMT:_ftol2_.obj
 0001:0000a980       __ftol2                    1000b980 f   LIBCMT:_ftol2_.obj
 0001:0000aa00       __alloca_probe             1000ba00 f   LIBCMT:chkstk.obj
 0001:0000aa00       __chkstk                   1000ba00 f   LIBCMT:chkstk.obj
 0001:0000aa30       _memcpy                    1000ba30 f   libvcruntime:memcpy.obj
 0001:0000afb0       _strchr                    1000bfb0 f   libvcruntime:strchr.obj
 0001:0000b01e       ___from_strstr_to_strchr   1000c01e     libvcruntime:strchr.obj
 0001:0000b0e0       _memmove                   1000c0e0 f   libvcruntime:memmove.obj
 0002:00000000       __imp__HeapAlloc@12        1000d000     kernel32:KERNEL32.dll
 0002:00000004       __imp__HeapFree@12         1000d004     kernel32:KERNEL32.dll
 0002:00000008       __imp__GetProcessHeap@0    1000d008     kernel32:KERNEL32.dll
 0002:0000000c       __imp__lstrcmpA@8          1000d00c     kernel32:KERNEL32.dll
 0002:00000010       __imp__lstrcmpW@8          1000d010     kernel32:KERNEL32.dll
 0002:00000014       __imp__lstrcmpiA@8         1000d014     kernel32:KERNEL32.dll
 0002:00000018       __imp__lstrcmpiW@8         1000d018     kernel32:KERNEL32.dll
 0002:0000001c       __imp__lstrcpynW@12        1000d01c     kernel32:KERNEL32.dll
 0002:00000020       __imp__lstrcpyW@8          1000d020     kernel32:KERNEL32.dll
 0002:00000024       __imp__lstrcatW@8          1000d024     kernel32:KERNEL32.dll
 0002:00000028       __imp__lstrlenW@4          1000d028     kernel32:KERNEL32.dll
 0002:0000002c       __imp__MultiByteToWideChar@24 1000d02c     kernel32:KERNEL32.dll
 0002:00000030       __imp__CreateFileW@28      1000d030     kernel32:KERNEL32.dll
 0002:00000034       __imp__DecodePointer@4     1000d034     kernel32:KERNEL32.dll
 0002:00000038       __imp__HeapCreate@12       1000d038     kernel32:KERNEL32.dll
 0002:0000003c       __imp__HeapDestroy@4       1000d03c     kernel32:KERNEL32.dll
 0002:00000040       __imp__HeapReAlloc@16      1000d040     kernel32:KERNEL32.dll
 0002:00000044       __imp__HeapSize@12         1000d044     kernel32:KERNEL32.dll
 0002:00000048       __imp__GetCurrentThreadId@0 1000d048     kernel32:KERNEL32.dll
 0002:0000004c       __imp__UnhandledExceptionFilter@4 1000d04c     kernel32:KERNEL32.dll
 0002:00000050       __imp__SetUnhandledExceptionFilter@4 1000d050     kernel32:KERNEL32.dll
 0002:00000054       __imp__GetCurrentProcess@0 1000d054     kernel32:KERNEL32.dll
 0002:00000058       __imp__TerminateProcess@8  1000d058     kernel32:KERNEL32.dll
 0002:0000005c       __imp__IsProcessorFeaturePresent@4 1000d05c     kernel32:KERNEL32.dll
 0002:00000060       __imp__QueryPerformanceCounter@4 1000d060     kernel32:KERNEL32.dll
 0002:00000064       __imp__GetCurrentProcessId@0 1000d064     kernel32:KERNEL32.dll
 0002:00000068       __imp__GetSystemTimeAsFileTime@4 1000d068     kernel32:KERNEL32.dll
 0002:0000006c       __imp__InitializeSListHead@4 1000d06c     kernel32:KERNEL32.dll
 0002:00000070       __imp__IsDebuggerPresent@0 1000d070     kernel32:KERNEL32.dll
 0002:00000074       __imp__GetStartupInfoW@4   1000d074     kernel32:KERNEL32.dll
 0002:00000078       __imp__GetModuleHandleW@4  1000d078     kernel32:KERNEL32.dll
 0002:0000007c       __imp__InterlockedFlushSList@4 1000d07c     kernel32:KERNEL32.dll
 0002:00000080       __imp__RtlUnwind@16        1000d080     kernel32:KERNEL32.dll
 0002:00000084       __imp__GetLastError@0      1000d084     kernel32:KERNEL32.dll
 0002:00000088       __imp__SetLastError@4      1000d088     kernel32:KERNEL32.dll
 0002:0000008c       __imp__EnterCriticalSection@4 1000d08c     kernel32:KERNEL32.dll
 0002:00000090       __imp__LeaveCriticalSection@4 1000d090     kernel32:KERNEL32.dll
 0002:00000094       __imp__DeleteCriticalSection@4 1000d094     kernel32:KERNEL32.dll
 0002:00000098       __imp__InitializeCriticalSectionAndSpinCount@8 1000d098     kernel32:KERNEL32.dll
 0002:0000009c       __imp__TlsAlloc@0          1000d09c     kernel32:KERNEL32.dll
 0002:000000a0       __imp__TlsGetValue@4       1000d0a0     kernel32:KERNEL32.dll
 0002:000000a4       __imp__TlsSetValue@8       1000d0a4     kernel32:KERNEL32.dll
 0002:000000a8       __imp__TlsFree@4           1000d0a8     kernel32:KERNEL32.dll
 0002:000000ac       __imp__FreeLibrary@4       1000d0ac     kernel32:KERNEL32.dll
 0002:000000b0       __imp__GetProcAddress@8    1000d0b0     kernel32:KERNEL32.dll
 0002:000000b4       __imp__LoadLibraryExW@12   1000d0b4     kernel32:KERNEL32.dll
 0002:000000b8       __imp__ExitProcess@4       1000d0b8     kernel32:KERNEL32.dll
 0002:000000bc       __imp__GetModuleHandleExW@12 1000d0bc     kernel32:KERNEL32.dll
 0002:000000c0       __imp__GetModuleFileNameA@12 1000d0c0     kernel32:KERNEL32.dll
 0002:000000c4       __imp__WideCharToMultiByte@32 1000d0c4     kernel32:KERNEL32.dll
 0002:000000c8       __imp__LCMapStringW@24     1000d0c8     kernel32:KERNEL32.dll
 0002:000000cc       __imp__FindClose@4         1000d0cc     kernel32:KERNEL32.dll
 0002:000000d0       __imp__FindFirstFileExA@24 1000d0d0     kernel32:KERNEL32.dll
 0002:000000d4       __imp__FindNextFileA@8     1000d0d4     kernel32:KERNEL32.dll
 0002:000000d8       __imp__IsValidCodePage@4   1000d0d8     kernel32:KERNEL32.dll
 0002:000000dc       __imp__GetACP@0            1000d0dc     kernel32:KERNEL32.dll
 0002:000000e0       __imp__GetOEMCP@0          1000d0e0     kernel32:KERNEL32.dll
 0002:000000e4       __imp__GetCPInfo@8         1000d0e4     kernel32:KERNEL32.dll
 0002:000000e8       __imp__GetCommandLineA@0   1000d0e8     kernel32:KERNEL32.dll
 0002:000000ec       __imp__GetCommandLineW@0   1000d0ec     kernel32:KERNEL32.dll
 0002:000000f0       __imp__GetEnvironmentStringsW@0 1000d0f0     kernel32:KERNEL32.dll
 0002:000000f4       __imp__FreeEnvironmentStringsW@4 1000d0f4     kernel32:KERNEL32.dll
 0002:000000f8       __imp__GetStdHandle@4      1000d0f8     kernel32:KERNEL32.dll
 0002:000000fc       __imp__GetFileType@4       1000d0fc     kernel32:KERNEL32.dll
 0002:00000100       __imp__GetStringTypeW@16   1000d100     kernel32:KERNEL32.dll
 0002:00000104       __imp__SetStdHandle@8      1000d104     kernel32:KERNEL32.dll
 0002:00000108       __imp__WriteFile@20        1000d108     kernel32:KERNEL32.dll
 0002:0000010c       __imp__FlushFileBuffers@4  1000d10c     kernel32:KERNEL32.dll
 0002:00000110       __imp__GetConsoleCP@0      1000d110     kernel32:KERNEL32.dll
 0002:00000114       __imp__GetConsoleMode@8    1000d114     kernel32:KERNEL32.dll
 0002:00000118       __imp__SetFilePointerEx@20 1000d118     kernel32:KERNEL32.dll
 0002:0000011c       __imp__CloseHandle@4       1000d11c     kernel32:KERNEL32.dll
 0002:00000120       __imp__WriteConsoleW@20    1000d120     kernel32:KERNEL32.dll
 0002:00000124       __imp__RaiseException@16   1000d124     kernel32:KERNEL32.dll
 0002:00000128       \177KERNEL32_NULL_THUNK_DATA 1000d128     kernel32:KERNEL32.dll
 0002:0000012c       __imp__wsprintfW           1000d12c     user32:USER32.dll
 0002:00000130       \177USER32_NULL_THUNK_DATA 1000d130     user32:USER32.dll
 0002:00000134       ___guard_check_icall_fptr  1000d134     LIBCMT:guard_support.obj
 0002:00000138       ___xc_a                    1000d138     LIBCMT:initializers.obj
 0002:0000013c       ___xc_z                    1000d13c     LIBCMT:initializers.obj
 0002:00000140       ___xi_a                    1000d140     LIBCMT:initializers.obj
 0002:00000144       ___acrt_multibyte_initializer 1000d144     libucrt:multibyte_initializer.obj
 0002:00000148       ___acrt_stdio_initializer  1000d148     libucrt:stdio_initializer.obj
 0002:0000014c       ___acrt_tran_sse2_initializer 1000d14c     libucrt:sse2_initializer.obj
 0002:00000150       ___xi_z                    1000d150     LIBCMT:initializers.obj
 0002:00000154       ___xp_a                    1000d154     LIBCMT:initializers.obj
 0002:00000158       ___acrt_locale_terminator  1000d158     libucrt:locale_initializer.obj
 0002:0000015c       ___dcrt_console_output_terminator 1000d15c     libucrt:console_output_initializer.obj
 0002:00000160       ___acrt_stdio_terminator   1000d160     libucrt:stdio_initializer.obj
 0002:00000164       ___xp_z                    1000d164     LIBCMT:initializers.obj
 0002:00000168       ___xt_a                    1000d168     LIBCMT:initializers.obj
 0002:0000016c       ___xt_z                    1000d16c     LIBCMT:initializers.obj
 0002:00000170       ??_C@_1BI@KONPHAJJ@?$AA?$CF?$AAi?$AA?4?$AA?$CF?$AAi?$AA?4?$AA?$CF?$AAi?$AA?4?$AA?$CF?$AAi?$AA?$AA@ 1000d170     pe.obj
 0002:00000188       ??_C@_1BC@JDEOJIFO@?$AA?$CF?$AAi?$AA?4?$AA?$CF?$AAi?$AA?4?$AA?$CF?$AAi?$AA?$AA@ 1000d188     pe.obj
 0002:0000019c       ??_C@_1M@NEPJOGKK@?$AA?$CF?$AAi?$AA?4?$AA?$CF?$AAi?$AA?$AA@ 1000d19c     pe.obj
 0002:000001a8       ??_C@_1BO@IJOOPNFP@?$AA?$CF?$AAi?$AA?0?$AA?5?$AA?$CF?$AAi?$AA?0?$AA?5?$AA?$CF?$AAi?$AA?0?$AA?5?$AA?$CF?$AAi?$AA?$AA@ 1000d1a8     pe.obj
 0002:000001c8       ??_C@_13DIBMAFH@?$AA?$CJ?$AA?$AA@ 1000d1c8     pe.obj
 0002:000001cc       ??_C@_1BI@HCCAONKE@?$AAF?$AAi?$AAl?$AAe?$AAV?$AAe?$AAr?$AAs?$AAi?$AAo?$AAn?$AA?$AA@ 1000d1cc     pe.obj
 0002:000001e4       ??_C@_1BO@OKEPMKJE@?$AAP?$AAr?$AAo?$AAd?$AAu?$AAc?$AAt?$AAV?$AAe?$AAr?$AAs?$AAi?$AAo?$AAn?$AA?$AA@ 1000d1e4     pe.obj
 0002:00000204       ??_C@_0M@OBEGHOED@FileVersion?$AA@ 1000d204     pe.obj
 0002:00000210       ??_C@_0P@PLANDJKO@ProductVersion?$AA@ 1000d210     pe.obj
 0002:00000220       ??_C@_1BO@PBBNDBNF@?$AAS?$AAt?$AAr?$AAi?$AAn?$AAg?$AAF?$AAi?$AAl?$AAe?$AAI?$AAn?$AAf?$AAo?$AA?$AA@ 1000d220     pe.obj
 0002:00000240       ??_C@_1BI@LJHFMFCG@?$AAV?$AAa?$AAr?$AAF?$AAi?$AAl?$AAe?$AAI?$AAn?$AAf?$AAo?$AA?$AA@ 1000d240     pe.obj
 0002:00000258       ??_C@_0P@EMOHHAPL@StringFileInfo?$AA@ 1000d258     pe.obj
 0002:00000268       ??_C@_17OGKGJAOJ@?$AA6?$AA4?$AA?5?$AA?$AA@ 1000d268     pe.obj
 0002:00000270       ??_C@_17KBKLDIPL@?$AA1?$AA6?$AA?5?$AA?$AA@ 1000d270     pe.obj
 0002:00000278       ??_C@_17HIBPHNJA@?$AA3?$AA2?$AA?5?$AA?$AA@ 1000d278     pe.obj
 0002:00000280       ??_C@_17HHLBFPBE@?$AAF?$AAa?$AAr?$AA?$AA@ 1000d280     pe.obj
 0002:00000288       ??_C@_13FLOCNAAB@?$AA?$CG?$AA?$AA@ 1000d288     pe.obj
 0002:0000028c       ??_C@_13JGCMLPCH@?$AA1?$AA?$AA@ 1000d28c     pe.obj
 0002:00000290       ??_C@_13IEJJBAMJ@?$AA2?$AA?$AA@ 1000d290     pe.obj
 0002:00000294       ??_C@_13DMCFHHKM@?$AA3?$AA?$AA@ 1000d294     pe.obj
 0002:00000298       ??_C@_13HOIJIPNN@?$AA?5?$AA?$AA@ 1000d298     pe.obj
 0002:0000029c       ??_C@_19KIFLGLIH@?$AAU?$AAp?$AAx?$AA?5?$AA?$AA@ 1000d29c     pe.obj
 0002:000002a8       ??_C@_1M@FNNDEIFD@?$AA?4?$AAN?$AAe?$AAt?$AA?5?$AA?$AA@ 1000d2a8     pe.obj
 0002:000002b4       ??_C@_15FFJNNDMJ@?$AA?5?$AA?$FL?$AA?$AA@ 1000d2b4     pe.obj
 0002:000002bc       ??_C@_13OHNMPHJM@?$AA?$FN?$AA?$AA@ 1000d2bc     pe.obj
 0002:000002c0       ??_C@_19BHIGINDB@?$AA?4?$AAd?$AAl?$AAl?$AA?$AA@ 1000d2c0     pe.obj
 0002:000002cc       ??_C@_0P@JNNILPEA@SetStartupInfo?$AA@ 1000d2cc     pe.obj
 0002:000002dc       ??_C@_0BA@IDLLFCLM@SetStartupInfoW?$AA@ 1000d2dc     pe.obj
 0002:000002ec       ??_C@_0P@LBJHCIBL@GetGlobalInfoW?$AA@ 1000d2ec     pe.obj
 0002:000002fc       ??_C@_0M@DMAKBKI@OpenPluginW?$AA@ 1000d2fc     pe.obj
 0002:00000308       ??_C@_0BA@PIFPCFJM@OpenFilePluginW?$AA@ 1000d308     pe.obj
 0002:00000320       __pDefaultRawDllMain       1000d320     LIBCMT:dll_dllmain.obj
 0002:00000320       __pRawDllMain              1000d320     LIBCMT:dll_dllmain.obj
 0002:000004bc       ??_C@_08EHJDFFNH@__based?$CI?$AA@ 1000d4bc     libvcruntime:undname.obj
 0002:000004c8       ??_C@_07KOLFKCDI@__cdecl?$AA@ 1000d4c8     libvcruntime:undname.obj
 0002:000004d0       ??_C@_08GHMPAG@__pascal?$AA@ 1000d4d0     libvcruntime:undname.obj
 0002:000004dc       ??_C@_09IFJBGAPI@__stdcall?$AA@ 1000d4dc     libvcruntime:undname.obj
 0002:000004e8       ??_C@_0L@NPHFGOKO@__thiscall?$AA@ 1000d4e8     libvcruntime:undname.obj
 0002:000004f4       ??_C@_0L@JMKHOMEK@__fastcall?$AA@ 1000d4f4     libvcruntime:undname.obj
 0002:00000500       ??_C@_0N@BCKKPABJ@__vectorcall?$AA@ 1000d500     libvcruntime:undname.obj
 0002:00000510       ??_C@_09HIJEGCPM@__clrcall?$AA@ 1000d510     libvcruntime:undname.obj
 0002:0000051c       ??_C@_06GHPCKEAG@__eabi?$AA@ 1000d51c     libvcruntime:undname.obj
 0002:00000524       ??_C@_07JOMMBBKO@__ptr64?$AA@ 1000d524     libvcruntime:undname.obj
 0002:0000052c       ??_C@_0L@PILCLIHE@__restrict?$AA@ 1000d52c     libvcruntime:undname.obj
 0002:00000538       ??_C@_0M@GFIIJFMG@__unaligned?$AA@ 1000d538     libvcruntime:undname.obj
 0002:00000544       ??_C@_09DHDLOLLB@restrict?$CI?$AA@ 1000d544     libvcruntime:undname.obj
 0002:0000054e       ??_C@_00CNPNBAHC@?$AA@     1000d54e     libvcruntime:undname.obj
 0002:00000550       ??_C@_04NIHEBCM@?5new?$AA@ 1000d550     libvcruntime:undname.obj
 0002:00000558       ??_C@_07FPCDHGMM@?5delete?$AA@ 1000d558     libvcruntime:undname.obj
 0002:00000560       ??_C@_01NEMOKFLO@?$DN?$AA@ 1000d560     libvcruntime:undname.obj
 0002:00000564       ??_C@_02GPIOPFAK@?$DO?$DO?$AA@ 1000d564     libvcruntime:undname.obj
 0002:00000568       ??_C@_02FODMEDOG@?$DM?$DM?$AA@ 1000d568     libvcruntime:undname.obj
 0002:0000056c       ??_C@_01DCLJPIOD@?$CB?$AA@ 1000d56c     libvcruntime:undname.obj
 0002:00000570       ??_C@_02EGOFBIJA@?$DN?$DN?$AA@ 1000d570     libvcruntime:undname.obj
 0002:00000574       ??_C@_02FDNJECIE@?$CB?$DN?$AA@ 1000d574     libvcruntime:undname.obj
 0002:00000578       ??_C@_02GPECMEKF@?$FL?$FN?$AA@ 1000d578     libvcruntime:undname.obj
 0002:0000057c       ??_C@_08LHJFAFGD@operator?$AA@ 1000d57c     libvcruntime:undname.obj
 0002:00000588       ??_C@_02HBOOOICD@?9?$DO?$AA@ 1000d588     libvcruntime:undname.obj
 0002:0000058c       ??_C@_01NBENCBCI@?$CK?$AA@ 1000d58c     libvcruntime:undname.obj
 0002:00000590       ??_C@_02ECNGHCIF@?$CL?$CL?$AA@ 1000d590     libvcruntime:undname.obj
 0002:00000594       ??_C@_02BAABKJLB@?9?9?$AA@ 1000d594     libvcruntime:undname.obj
 0002:00000598       ??_C@_01JOAMLHOP@?9?$AA@   1000d598     libvcruntime:undname.obj
 0002:0000059c       ??_C@_01MIFGBAGJ@?$CL?$AA@ 1000d59c     libvcruntime:undname.obj
 0002:000005a0       ??_C@_01HNPIGOCE@?$CG?$AA@ 1000d5a0     libvcruntime:undname.obj
 0002:000005a4       ??_C@_03MNHNFDLC@?9?$DO?$CK?$AA@ 1000d5a4     libvcruntime:undname.obj
 0002:000005a8       ??_C@_01KMDKNFGN@?1?$AA@   1000d5a8     libvcruntime:undname.obj
 0002:000005ac       ??_C@_01FGNFDNOH@?$CF?$AA@ 1000d5ac     libvcruntime:undname.obj
 0002:000005b0       ??_C@_01MNNFJEPP@?$DM?$AA@ 1000d5b0     libvcruntime:undname.obj
 0002:000005b4       ??_C@_02EHCHHCKH@?$DM?$DN?$AA@ 1000d5b4     libvcruntime:undname.obj
 0002:000005b8       ??_C@_01PPODPGHN@?$DO?$AA@ 1000d5b8     libvcruntime:undname.obj
 0002:000005bc       ??_C@_02EEKDKGMJ@?$DO?$DN?$AA@ 1000d5bc     libvcruntime:undname.obj
 0002:000005c0       ??_C@_01IHBHIGKO@?0?$AA@   1000d5c0     libvcruntime:undname.obj
 0002:000005c4       ??_C@_02HCKGKOFO@?$CI?$CJ?$AA@ 1000d5c4     libvcruntime:undname.obj
 0002:000005c8       ??_C@_01PJKLJHI@?$HO?$AA@  1000d5c8     libvcruntime:undname.obj
 0002:000005cc       ??_C@_01JKBOJNNK@?$FO?$AA@ 1000d5cc     libvcruntime:undname.obj
 0002:000005d0       ??_C@_01DNKMNLPK@?$HM?$AA@ 1000d5d0     libvcruntime:undname.obj
 0002:000005d4       ??_C@_02PPKAJPJL@?$CG?$CG?$AA@ 1000d5d4     libvcruntime:undname.obj
 0002:000005d8       ??_C@_02NONPIBCD@?$HM?$HM?$AA@ 1000d5d8     libvcruntime:undname.obj
 0002:000005dc       ??_C@_02FPIMKNGF@?$CK?$DN?$AA@ 1000d5dc     libvcruntime:undname.obj
 0002:000005e0       ??_C@_02FOEOMHFC@?$CL?$DN?$AA@ 1000d5e0     libvcruntime:undname.obj
 0002:000005e4       ??_C@_02FKMDLLOA@?9?$DN?$AA@ 1000d5e4     libvcruntime:undname.obj
 0002:000005e8       ??_C@_02FJEHGPIO@?1?$DN?$AA@ 1000d5e8     libvcruntime:undname.obj
 0002:000005ec       ??_C@_02FENAOKFI@?$CF?$DN?$AA@ 1000d5ec     libvcruntime:undname.obj
 0002:000005f0       ??_C@_03IKFCCPFF@?$DO?$DO?$DN?$AA@ 1000d5f0     libvcruntime:undname.obj
 0002:000005f4       ??_C@_03CDNPDDLA@?$DM?$DM?$DN?$AA@ 1000d5f4     libvcruntime:undname.obj
 0002:000005f8       ??_C@_02FGJGFEAB@?$CG?$DN?$AA@ 1000d5f8     libvcruntime:undname.obj
 0002:000005fc       ??_C@_02DHLNPPGH@?$HM?$DN?$AA@ 1000d5fc     libvcruntime:undname.obj
 0002:00000600       ??_C@_02MHEGNOJ@?$FO?$DN?$AA@ 1000d600     libvcruntime:undname.obj
 0002:00000604       ??_C@_09IFPLHPGF@?$GAvftable?8?$AA@ 1000d604     libvcruntime:undname.obj
 0002:00000610       ??_C@_09BLBHBJP@?$GAvbtable?8?$AA@ 1000d610     libvcruntime:undname.obj
 0002:0000061c       ??_C@_07FEEIOKP@?$GAvcall?8?$AA@ 1000d61c     libvcruntime:undname.obj
 0002:00000624       ??_C@_08LLFFHHDJ@?$GAtypeof?8?$AA@ 1000d624     libvcruntime:undname.obj
 0002:00000630       ??_C@_0BF@KDPPACIK@?$GAlocal?5static?5guard?8?$AA@ 1000d630     libvcruntime:undname.obj
 0002:00000648       ??_C@_08OBABFOLI@?$GAstring?8?$AA@ 1000d648     libvcruntime:undname.obj
 0002:00000654       ??_C@_0BD@JDLKDPAB@?$GAvbase?5destructor?8?$AA@ 1000d654     libvcruntime:undname.obj
 0002:00000668       ??_C@_0BN@DEGPLNFK@?$GAvector?5deleting?5destructor?8?$AA@ 1000d668     libvcruntime:undname.obj
 0002:00000688       ??_C@_0BO@OBMKPJIG@?$GAdefault?5constructor?5closure?8?$AA@ 1000d688     libvcruntime:undname.obj
 0002:000006a8       ??_C@_0BN@IMDCHIKM@?$GAscalar?5deleting?5destructor?8?$AA@ 1000d6a8     libvcruntime:undname.obj
 0002:000006c8       ??_C@_0BO@PFGOCPJJ@?$GAvector?5constructor?5iterator?8?$AA@ 1000d6c8     libvcruntime:undname.obj
 0002:000006e8       ??_C@_0BN@LFPFMEDL@?$GAvector?5destructor?5iterator?8?$AA@ 1000d6e8     libvcruntime:undname.obj
 0002:00000708       ??_C@_0CE@IKBNEHA@?$GAvector?5vbase?5constructor?5iterat@ 1000d708     libvcruntime:undname.obj
 0002:0000072c       ??_C@_0BL@NILFHHPC@?$GAvirtual?5displacement?5map?8?$AA@ 1000d72c     libvcruntime:undname.obj
 0002:00000748       ??_C@_0CB@JONCMFFK@?$GAeh?5vector?5constructor?5iterator?8@ 1000d748     libvcruntime:undname.obj
 0002:0000076c       ??_C@_0CA@GCEOPDGL@?$GAeh?5vector?5destructor?5iterator?8?$AA@ 1000d76c     libvcruntime:undname.obj
 0002:0000078c       ??_C@_0CH@OOJPLCPH@?$GAeh?5vector?5vbase?5constructor?5ite@ 1000d78c     libvcruntime:undname.obj
 0002:000007b4       ??_C@_0BL@LLKPOHJI@?$GAcopy?5constructor?5closure?8?$AA@ 1000d7b4     libvcruntime:undname.obj
 0002:000007d0       ??_C@_0BA@KBCDOMBN@?$GAudt?5returning?8?$AA@ 1000d7d0     libvcruntime:undname.obj
 0002:000007e0       ??_C@_03KLGMFNMG@?$GAEH?$AA@ 1000d7e0     libvcruntime:undname.obj
 0002:000007e4       ??_C@_05KHLCHHI@?$GARTTI?$AA@ 1000d7e4     libvcruntime:undname.obj
 0002:000007ec       ??_C@_0BA@KKLDJDLB@?$GAlocal?5vftable?8?$AA@ 1000d7ec     libvcruntime:undname.obj
 0002:000007fc       ??_C@_0CE@IIHCMGGL@?$GAlocal?5vftable?5constructor?5closu@ 1000d7fc     libvcruntime:undname.obj
 0002:00000820       ??_C@_06FHBGPFGH@?5new?$FL?$FN?$AA@ 1000d820     libvcruntime:undname.obj
 0002:00000828       ??_C@_09LBNFPBCA@?5delete?$FL?$FN?$AA@ 1000d828     libvcruntime:undname.obj
 0002:00000834       ??_C@_0P@HJKNJFNN@?$GAomni?5callsig?8?$AA@ 1000d834     libvcruntime:undname.obj
 0002:00000844       ??_C@_0BL@CNOONJFP@?$GAplacement?5delete?5closure?8?$AA@ 1000d844     libvcruntime:undname.obj
 0002:00000860       ??_C@_0BN@CKNJLHMB@?$GAplacement?5delete?$FL?$FN?5closure?8?$AA@ 1000d860     libvcruntime:undname.obj
 0002:00000880       ??_C@_0CG@CFDHKGGD@?$GAmanaged?5vector?5constructor?5iter@ 1000d880     libvcruntime:undname.obj
 0002:000008a8       ??_C@_0CF@IMGKMJNO@?$GAmanaged?5vector?5destructor?5itera@ 1000d8a8     libvcruntime:undname.obj
 0002:000008d0       ??_C@_0CG@HLDDJMAG@?$GAeh?5vector?5copy?5constructor?5iter@ 1000d8d0     libvcruntime:undname.obj
 0002:000008f8       ??_C@_0CM@FCBBDIGB@?$GAeh?5vector?5vbase?5copy?5constructo@ 1000d8f8     libvcruntime:undname.obj
 0002:00000924       ??_C@_0BL@CLIPGLGB@?$GAdynamic?5initializer?5for?5?8?$AA@ 1000d924     libvcruntime:undname.obj
 0002:00000940       ??_C@_0CB@PDBIFEP@?$GAdynamic?5atexit?5destructor?5for?5?8@ 1000d940     libvcruntime:undname.obj
 0002:00000964       ??_C@_0CD@CGAJBKEJ@?$GAvector?5copy?5constructor?5iterato@ 1000d964     libvcruntime:undname.obj
 0002:00000988       ??_C@_0CJ@GJELGAMM@?$GAvector?5vbase?5copy?5constructor?5i@ 1000d988     libvcruntime:undname.obj
 0002:000009b4       ??_C@_0CL@FGIJHLCE@?$GAmanaged?5vector?5copy?5constructor@ 1000d9b4     libvcruntime:undname.obj
 0002:000009e0       ??_C@_0BM@PMGGMLDN@?$GAlocal?5static?5thread?5guard?8?$AA@ 1000d9e0     libvcruntime:undname.obj
 0002:000009fc       ??_C@_0N@BDNMDMOL@operator?5?$CC?$CC?5?$AA@ 1000d9fc     libvcruntime:undname.obj
 0002:00000a0c       ??_C@_0BC@GGEBGALA@operator?5co_await?$AA@ 1000da0c     libvcruntime:undname.obj
 0002:00000a20       ??_C@_0BC@DAFEJGAK@?5Type?5Descriptor?8?$AA@ 1000da20     libvcruntime:undname.obj
 0002:00000a34       ??_C@_0BM@LDKODKLH@?5Base?5Class?5Descriptor?5at?5?$CI?$AA@ 1000da34     libvcruntime:undname.obj
 0002:00000a50       ??_C@_0BD@LGICGFMM@?5Base?5Class?5Array?8?$AA@ 1000da50     libvcruntime:undname.obj
 0002:00000a64       ??_C@_0BN@MECKDCOJ@?5Class?5Hierarchy?5Descriptor?8?$AA@ 1000da64     libvcruntime:undname.obj
 0002:00000a84       ??_C@_0BK@CFCOFLF@?5Complete?5Object?5Locator?8?$AA@ 1000da84     libvcruntime:undname.obj
 0002:00000aac       ??_C@_1DM@KHCHBNEB@?$AAa?$AAp?$AAi?$AA?9?$AAm?$AAs?$AA?9?$AAw?$AAi?$AAn?$AA?9?$AAc?$AAo?$AAr?$AAe?$AA?9?$AAf?$AAi?$AAb?$AAe?$AAr?$AAs?$AA?9?$AAl?$AA1?$AA?9?$AA1?$AA?9?$AA1?$AA?$AA@ 1000daac     libvcruntime:winapi_downlevel.obj
 0002:00000ae8       ??_C@_1DK@LPPGFMPP@?$AAa?$AAp?$AAi?$AA?9?$AAm?$AAs?$AA?9?$AAw?$AAi?$AAn?$AA?9?$AAc?$AAo?$AAr?$AAe?$AA?9?$AAs?$AAy?$AAn?$AAc?$AAh?$AA?9?$AAl?$AA1?$AA?9?$AA2?$AA?9?$AA0?$AA?$AA@ 1000dae8     libvcruntime:winapi_downlevel.obj
 0002:00000b24       ??_C@_1BC@GDMECMAK@?$AAk?$AAe?$AAr?$AAn?$AAe?$AAl?$AA3?$AA2?$AA?$AA@ 1000db24     libvcruntime:winapi_downlevel.obj
 0002:00000b38       ??_C@_1BA@PFFKHIOG@?$AAa?$AAp?$AAi?$AA?9?$AAm?$AAs?$AA?9?$AA?$AA@ 1000db38     libvcruntime:winapi_downlevel.obj
 0002:00000b48       ??_C@_1BA@IAIFMGEF@?$AAe?$AAx?$AAt?$AA?9?$AAm?$AAs?$AA?9?$AA?$AA@ 1000db48     libvcruntime:winapi_downlevel.obj
 0002:00000b60       ??_C@_08KNHFBNJ@FlsAlloc?$AA@ 1000db60     libvcruntime:winapi_downlevel.obj
 0002:00000b74       ??_C@_07PEJMOBNF@FlsFree?$AA@ 1000db74     libvcruntime:winapi_downlevel.obj
 0002:00000b84       ??_C@_0M@GDNOONDI@FlsGetValue?$AA@ 1000db84     libvcruntime:winapi_downlevel.obj
 0002:00000b98       ??_C@_0M@JCPCPOEF@FlsSetValue?$AA@ 1000db98     libvcruntime:winapi_downlevel.obj
 0002:00000bac       ??_C@_0BM@HCFOFFN@InitializeCriticalSectionEx?$AA@ 1000dbac     libvcruntime:winapi_downlevel.obj
 0002:00000bc8       ___acrt_exception_action_table 1000dbc8     libucrt:exception_filter.obj
 0002:00000c58       ___acrt_signal_action_table_count 1000dc58     libucrt:exception_filter.obj
 0002:00000c5c       ___acrt_signal_action_first_fpe_index 1000dc5c     libucrt:exception_filter.obj
 0002:00000c60       ___acrt_signal_action_fpe_count 1000dc60     libucrt:exception_filter.obj
 0002:00000c64       ??_C@_1BI@BGOHAHKC@?$AAm?$AAs?$AAc?$AAo?$AAr?$AAe?$AAe?$AA?4?$AAd?$AAl?$AAl?$AA?$AA@ 1000dc64     libucrt:exit.obj
 0002:00000c7c       ??_C@_0P@MIGLKIOC@CorExitProcess?$AA@ 1000dc7c     libucrt:exit.obj
 0002:00000d58       ??_C@_1EG@CNNIPFIM@?$AAa?$AAp?$AAi?$AA?9?$AAm?$AAs?$AA?9?$AAw?$AAi?$AAn?$AA?9?$AAa?$AAp?$AAp?$AAm?$AAo?$AAd?$AAe?$AAl?$AA?9?$AAr?$AAu?$AAn?$AAt?$AAi?$AAm?$AAe?$AA?9?$AAl?$AA1?$AA?9?$AA1@ 1000dd58     libucrt:winapi_thunks.obj
 0002:00000da0       ??_C@_1EA@JGEFHKEI@?$AAa?$AAp?$AAi?$AA?9?$AAm?$AAs?$AA?9?$AAw?$AAi?$AAn?$AA?9?$AAc?$AAo?$AAr?$AAe?$AA?9?$AAd?$AAa?$AAt?$AAe?$AAt?$AAi?$AAm?$AAe?$AA?9?$AAl?$AA1?$AA?9?$AA1?$AA?9?$AA1?$AA?$AA@ 1000dda0     libucrt:winapi_thunks.obj
 0002:00000de0       ??_C@_1DI@GCIAAENM@?$AAa?$AAp?$AAi?$AA?9?$AAm?$AAs?$AA?9?$AAw?$AAi?$AAn?$AA?9?$AAc?$AAo?$AAr?$AAe?$AA?9?$AAf?$AAi?$AAl?$AAe?$AA?9?$AAl?$AA2?$AA?9?$AA1?$AA?9?$AA1?$AA?$AA@ 1000dde0     libucrt:winapi_thunks.obj
 0002:00000e18       ??_C@_1EI@MPIAOHOC@?$AAa?$AAp?$AAi?$AA?9?$AAm?$AAs?$AA?9?$AAw?$AAi?$AAn?$AA?9?$AAc?$AAo?$AAr?$AAe?$AA?9?$AAl?$AAo?$AAc?$AAa?$AAl?$AAi?$AAz?$AAa?$AAt?$AAi?$AAo?$AAn?$AA?9?$AAl?$AA1?$AA?9@ 1000de18     libucrt:winapi_thunks.obj
 0002:00000e60       ??_C@_1FK@FPHCKFIE@?$AAa?$AAp?$AAi?$AA?9?$AAm?$AAs?$AA?9?$AAw?$AAi?$AAn?$AA?9?$AAc?$AAo?$AAr?$AAe?$AA?9?$AAl?$AAo?$AAc?$AAa?$AAl?$AAi?$AAz?$AAa?$AAt?$AAi?$AAo?$AAn?$AA?9?$AAo?$AAb?$AAs@ 1000de60     libucrt:winapi_thunks.obj
 0002:00000ec0       ??_C@_1EM@DILCGIIO@?$AAa?$AAp?$AAi?$AA?9?$AAm?$AAs?$AA?9?$AAw?$AAi?$AAn?$AA?9?$AAc?$AAo?$AAr?$AAe?$AA?9?$AAp?$AAr?$AAo?$AAc?$AAe?$AAs?$AAs?$AAt?$AAh?$AAr?$AAe?$AAa?$AAd?$AAs?$AA?9?$AAl@ 1000dec0     libucrt:winapi_thunks.obj
 0002:00000f0c       ??_C@_1DM@LNCGDDPN@?$AAa?$AAp?$AAi?$AA?9?$AAm?$AAs?$AA?9?$AAw?$AAi?$AAn?$AA?9?$AAc?$AAo?$AAr?$AAe?$AA?9?$AAs?$AAt?$AAr?$AAi?$AAn?$AAg?$AA?9?$AAl?$AA1?$AA?9?$AA1?$AA?9?$AA0?$AA?$AA@ 1000df0c     libucrt:winapi_thunks.obj
 0002:00000f48       ??_C@_1DO@FPAPJEMD@?$AAa?$AAp?$AAi?$AA?9?$AAm?$AAs?$AA?9?$AAw?$AAi?$AAn?$AA?9?$AAc?$AAo?$AAr?$AAe?$AA?9?$AAs?$AAy?$AAs?$AAi?$AAn?$AAf?$AAo?$AA?9?$AAl?$AA1?$AA?9?$AA2?$AA?9?$AA1?$AA?$AA@ 1000df48     libucrt:winapi_thunks.obj
 0002:00000f88       ??_C@_1DK@NDHNAHIO@?$AAa?$AAp?$AAi?$AA?9?$AAm?$AAs?$AA?9?$AAw?$AAi?$AAn?$AA?9?$AAc?$AAo?$AAr?$AAe?$AA?9?$AAw?$AAi?$AAn?$AAr?$AAt?$AA?9?$AAl?$AA1?$AA?9?$AA1?$AA?9?$AA0?$AA?$AA@ 1000df88     libucrt:winapi_thunks.obj
 0002:00000fc4       ??_C@_1DM@KGHDGBCM@?$AAa?$AAp?$AAi?$AA?9?$AAm?$AAs?$AA?9?$AAw?$AAi?$AAn?$AA?9?$AAc?$AAo?$AAr?$AAe?$AA?9?$AAx?$AAs?$AAt?$AAa?$AAt?$AAe?$AA?9?$AAl?$AA2?$AA?9?$AA1?$AA?9?$AA0?$AA?$AA@ 1000dfc4     libucrt:winapi_thunks.obj
 0002:00001000       ??_C@_1EO@IJIOEFOH@?$AAa?$AAp?$AAi?$AA?9?$AAm?$AAs?$AA?9?$AAw?$AAi?$AAn?$AA?9?$AAr?$AAt?$AAc?$AAo?$AAr?$AAe?$AA?9?$AAn?$AAt?$AAu?$AAs?$AAe?$AAr?$AA?9?$AAw?$AAi?$AAn?$AAd?$AAo?$AAw?$AA?9@ 1000e000     libucrt:winapi_thunks.obj
 0002:00001050       ??_C@_1FG@HHGEKANL@?$AAa?$AAp?$AAi?$AA?9?$AAm?$AAs?$AA?9?$AAw?$AAi?$AAn?$AA?9?$AAs?$AAe?$AAc?$AAu?$AAr?$AAi?$AAt?$AAy?$AA?9?$AAs?$AAy?$AAs?$AAt?$AAe?$AAm?$AAf?$AAu?$AAn?$AAc?$AAt?$AAi@ 1000e050     libucrt:winapi_thunks.obj
 0002:000010a8       ??_C@_1FG@NCKKOLKO@?$AAe?$AAx?$AAt?$AA?9?$AAm?$AAs?$AA?9?$AAw?$AAi?$AAn?$AA?9?$AAk?$AAe?$AAr?$AAn?$AAe?$AAl?$AA3?$AA2?$AA?9?$AAp?$AAa?$AAc?$AAk?$AAa?$AAg?$AAe?$AA?9?$AAc?$AAu?$AAr?$AAr@ 1000e0a8     libucrt:winapi_thunks.obj
 0002:00001100       ??_C@_1EG@DBIOJECG@?$AAe?$AAx?$AAt?$AA?9?$AAm?$AAs?$AA?9?$AAw?$AAi?$AAn?$AA?9?$AAn?$AAt?$AAu?$AAs?$AAe?$AAr?$AA?9?$AAd?$AAi?$AAa?$AAl?$AAo?$AAg?$AAb?$AAo?$AAx?$AA?9?$AAl?$AA1?$AA?9?$AA1@ 1000e100     libucrt:winapi_thunks.obj
 0002:00001148       ??_C@_1EO@FIHMJCLF@?$AAe?$AAx?$AAt?$AA?9?$AAm?$AAs?$AA?9?$AAw?$AAi?$AAn?$AA?9?$AAn?$AAt?$AAu?$AAs?$AAe?$AAr?$AA?9?$AAw?$AAi?$AAn?$AAd?$AAo?$AAw?$AAs?$AAt?$AAa?$AAt?$AAi?$AAo?$AAn?$AA?9@ 1000e148     libucrt:winapi_thunks.obj
 0002:00001198       ??_C@_1BC@DNHGCMLG@?$AAa?$AAd?$AAv?$AAa?$AAp?$AAi?$AA3?$AA2?$AA?$AA@ 1000e198     libucrt:winapi_thunks.obj
 0002:000011ac       ??_C@_1O@BCCLBEOE@?$AAu?$AAs?$AAe?$AAr?$AA3?$AA2?$AA?$AA@ 1000e1ac     libucrt:winapi_thunks.obj
 0002:000011e4       ??_C@_0BE@JOGNEJCI@GetCurrentPackageId?$AA@ 1000e1e4     libucrt:winapi_thunks.obj
 0002:00001208       ??_C@_0O@KKBNKAPF@LCMapStringEx?$AA@ 1000e208     libucrt:winapi_thunks.obj
 0002:00001220       ??_C@_0BB@HBDEELFH@LocaleNameToLCID?$AA@ 1000e220     libucrt:winapi_thunks.obj
 0002:000013b0       ??_C@_1M@HPNHIDJI@?$AAj?$AAa?$AA?9?$AAJ?$AAP?$AA?$AA@ 1000e3b0     libucrt:mbctype.obj
 0002:000013bc       ??_C@_1M@BIBDDEMK@?$AAz?$AAh?$AA?9?$AAC?$AAN?$AA?$AA@ 1000e3bc     libucrt:mbctype.obj
 0002:000013c8       ??_C@_1M@JLOOOEGK@?$AAk?$AAo?$AA?9?$AAK?$AAR?$AA?$AA@ 1000e3c8     libucrt:mbctype.obj
 0002:000013d4       ??_C@_1M@CLNBBOPM@?$AAz?$AAh?$AA?9?$AAT?$AAW?$AA?$AA@ 1000e3d4     libucrt:mbctype.obj
 0002:000013e0       ??_C@_03KOEHGMDN@Sun?$AA@  1000e3e0     libucrt:nlsdata.obj
 0002:000013e4       ??_C@_03PDAGKDH@Mon?$AA@   1000e3e4     libucrt:nlsdata.obj
 0002:000013e8       ??_C@_03NAGEINEP@Tue?$AA@  1000e3e8     libucrt:nlsdata.obj
 0002:000013ec       ??_C@_03MHOMLAJA@Wed?$AA@  1000e3ec     libucrt:nlsdata.obj
 0002:000013f0       ??_C@_03IOFIKPDN@Thu?$AA@  1000e3f0     libucrt:nlsdata.obj
 0002:000013f4       ??_C@_03IDIOELNC@Fri?$AA@  1000e3f4     libucrt:nlsdata.obj
 0002:000013f8       ??_C@_03FEFJNEK@Sat?$AA@   1000e3f8     libucrt:nlsdata.obj
 0002:000013fc       ??_C@_06OOPIFAJ@Sunday?$AA@ 1000e3fc     libucrt:nlsdata.obj
 0002:00001404       ??_C@_06JLEDEDGH@Monday?$AA@ 1000e404     libucrt:nlsdata.obj
 0002:0000140c       ??_C@_07BAAGCFCM@Tuesday?$AA@ 1000e40c     libucrt:nlsdata.obj
 0002:00001414       ??_C@_09DLIGFAKA@Wednesday?$AA@ 1000e414     libucrt:nlsdata.obj
 0002:00001420       ??_C@_08HACCIKIA@Thursday?$AA@ 1000e420     libucrt:nlsdata.obj
 0002:0000142c       ??_C@_06JECMNKMI@Friday?$AA@ 1000e42c     libucrt:nlsdata.obj
 0002:00001434       ??_C@_08INBOOONO@Saturday?$AA@ 1000e434     libucrt:nlsdata.obj
 0002:00001440       ??_C@_03JIHJHPIE@Jan?$AA@  1000e440     libucrt:nlsdata.obj
 0002:00001444       ??_C@_03HJBDCHOM@Feb?$AA@  1000e444     libucrt:nlsdata.obj
 0002:00001448       ??_C@_03ODNJBKGA@Mar?$AA@  1000e448     libucrt:nlsdata.obj
 0002:0000144c       ??_C@_03LEOLGMJP@Apr?$AA@  1000e44c     libucrt:nlsdata.obj
 0002:00001450       ??_C@_03CNMDKL@May?$AA@    1000e450     libucrt:nlsdata.obj
 0002:00001454       ??_C@_03IDFGHECI@Jun?$AA@  1000e454     libucrt:nlsdata.obj
 0002:00001458       ??_C@_03LBGABGKK@Jul?$AA@  1000e458     libucrt:nlsdata.obj
 0002:0000145c       ??_C@_03IFJFEIGA@Aug?$AA@  1000e45c     libucrt:nlsdata.obj
 0002:00001460       ??_C@_03GGCAPAJC@Sep?$AA@  1000e460     libucrt:nlsdata.obj
 0002:00001464       ??_C@_03BMAOKBAD@Oct?$AA@  1000e464     libucrt:nlsdata.obj
 0002:00001468       ??_C@_03JPJOFNIA@Nov?$AA@  1000e468     libucrt:nlsdata.obj
 0002:0000146c       ??_C@_03MKABNOCG@Dec?$AA@  1000e46c     libucrt:nlsdata.obj
 0002:00001470       ??_C@_07CGJPFGJA@January?$AA@ 1000e470     libucrt:nlsdata.obj
 0002:00001478       ??_C@_08GNJGEPFN@February?$AA@ 1000e478     libucrt:nlsdata.obj
 0002:00001484       ??_C@_05HPCKOFNC@March?$AA@ 1000e484     libucrt:nlsdata.obj
 0002:0000148c       ??_C@_05DMJDNLEJ@April?$AA@ 1000e48c     libucrt:nlsdata.obj
 0002:00001494       ??_C@_04CNLMGBGM@June?$AA@ 1000e494     libucrt:nlsdata.obj
 0002:0000149c       ??_C@_04MIEPOIFP@July?$AA@ 1000e49c     libucrt:nlsdata.obj
 0002:000014a4       ??_C@_06LBBHFDDG@August?$AA@ 1000e4a4     libucrt:nlsdata.obj
 0002:000014ac       ??_C@_09BHHEALKD@September?$AA@ 1000e4ac     libucrt:nlsdata.obj
 0002:000014b8       ??_C@_07JJNFCEND@October?$AA@ 1000e4b8     libucrt:nlsdata.obj
 0002:000014c0       ??_C@_08HCHEGEOA@November?$AA@ 1000e4c0     libucrt:nlsdata.obj
 0002:000014cc       ??_C@_08EDHMEBNP@December?$AA@ 1000e4cc     libucrt:nlsdata.obj
 0002:000014d8       ??_C@_02DEDBPAFC@AM?$AA@   1000e4d8     libucrt:nlsdata.obj
 0002:000014dc       ??_C@_02CJNFDJBF@PM?$AA@   1000e4dc     libucrt:nlsdata.obj
 0002:000014e0       ??_C@_08BPBNCDIB@MM?1dd?1yy?$AA@ 1000e4e0     libucrt:nlsdata.obj
 0002:000014ec       ??_C@_0BE@CKGJFCPC@dddd?0?5MMMM?5dd?0?5yyyy?$AA@ 1000e4ec     libucrt:nlsdata.obj
 0002:00001500       ??_C@_08JCCMCCIL@HH?3mm?3ss?$AA@ 1000e500     libucrt:nlsdata.obj
 0002:0000150c       ??_C@_17MBGCMIPB@?$AAS?$AAu?$AAn?$AA?$AA@ 1000e50c     libucrt:nlsdata.obj
 0002:00001514       ??_C@_17KBOMKBF@?$AAM?$AAo?$AAn?$AA?$AA@ 1000e514     libucrt:nlsdata.obj
 0002:0000151c       ??_C@_17BMKGEGOJ@?$AAT?$AAu?$AAe?$AA?$AA@ 1000e51c     libucrt:nlsdata.obj
 0002:00001524       ??_C@_17CJEDCEPE@?$AAW?$AAe?$AAd?$AA?$AA@ 1000e524     libucrt:nlsdata.obj
 0002:0000152c       ??_C@_17PDPHAADD@?$AAT?$AAh?$AAu?$AA?$AA@ 1000e52c     libucrt:nlsdata.obj
 0002:00001534       ??_C@_17HFOLPPLP@?$AAF?$AAr?$AAi?$AA?$AA@ 1000e534     libucrt:nlsdata.obj
 0002:0000153c       ??_C@_17GGIBDPIH@?$AAS?$AAa?$AAt?$AA?$AA@ 1000e53c     libucrt:nlsdata.obj
 0002:00001544       ??_C@_1O@IHNHDHPB@?$AAS?$AAu?$AAn?$AAd?$AAa?$AAy?$AA?$AA@ 1000e544     libucrt:nlsdata.obj
 0002:00001554       ??_C@_1O@MMNBFLIA@?$AAM?$AAo?$AAn?$AAd?$AAa?$AAy?$AA?$AA@ 1000e554     libucrt:nlsdata.obj
 0002:00001564       ??_C@_1BA@ENFBFFEK@?$AAT?$AAu?$AAe?$AAs?$AAd?$AAa?$AAy?$AA?$AA@ 1000e564     libucrt:nlsdata.obj
 0002:00001574       ??_C@_1BE@EBOGMDOH@?$AAW?$AAe?$AAd?$AAn?$AAe?$AAs?$AAd?$AAa?$AAy?$AA?$AA@ 1000e574     libucrt:nlsdata.obj
 0002:00001588       ??_C@_1BC@HHMNLIHE@?$AAT?$AAh?$AAu?$AAr?$AAs?$AAd?$AAa?$AAy?$AA?$AA@ 1000e588     libucrt:nlsdata.obj
 0002:0000159c       ??_C@_1O@PDICJHAG@?$AAF?$AAr?$AAi?$AAd?$AAa?$AAy?$AA?$AA@ 1000e59c     libucrt:nlsdata.obj
 0002:000015ac       ??_C@_1BC@ENMNNPAJ@?$AAS?$AAa?$AAt?$AAu?$AAr?$AAd?$AAa?$AAy?$AA?$AA@ 1000e5ac     libucrt:nlsdata.obj
 0002:000015c0       ??_C@_17DKNBKCHM@?$AAJ?$AAa?$AAn?$AA?$AA@ 1000e5c0     libucrt:nlsdata.obj
 0002:000015c8       ??_C@_17LMDJEKJN@?$AAF?$AAe?$AAb?$AA?$AA@ 1000e5c8     libucrt:nlsdata.obj
 0002:000015d0       ??_C@_17CKNLEDEC@?$AAM?$AAa?$AAr?$AA?$AA@ 1000e5d0     libucrt:nlsdata.obj
 0002:000015d8       ??_C@_17LFPOIHDD@?$AAA?$AAp?$AAr?$AA?$AA@ 1000e5d8     libucrt:nlsdata.obj
 0002:000015e0       ??_C@_17PNNKMEED@?$AAM?$AAa?$AAy?$AA?$AA@ 1000e5e0     libucrt:nlsdata.obj
 0002:000015e8       ??_C@_17KCJGOCPB@?$AAJ?$AAu?$AAn?$AA?$AA@ 1000e5e8     libucrt:nlsdata.obj
 0002:000015f0       ??_C@_17IJPCKHK@?$AAJ?$AAu?$AAl?$AA?$AA@ 1000e5f0     libucrt:nlsdata.obj
 0002:000015f8       ??_C@_17ICPELBCN@?$AAA?$AAu?$AAg?$AA?$AA@ 1000e5f8     libucrt:nlsdata.obj
 0002:00001600       ??_C@_17HCHCOKMG@?$AAS?$AAe?$AAp?$AA?$AA@ 1000e600     libucrt:nlsdata.obj
 0002:00001608       ??_C@_17FNLKOI@?$AAO?$AAc?$AAt?$AA?$AA@ 1000e608     libucrt:nlsdata.obj
 0002:00001610       ??_C@_17BBDMLCIG@?$AAN?$AAo?$AAv?$AA?$AA@ 1000e610     libucrt:nlsdata.obj
 0002:00001618       ??_C@_17EGKACKIF@?$AAD?$AAe?$AAc?$AA?$AA@ 1000e618     libucrt:nlsdata.obj
 0002:00001620       ??_C@_1BA@EFMEIEBA@?$AAJ?$AAa?$AAn?$AAu?$AAa?$AAr?$AAy?$AA?$AA@ 1000e620     libucrt:nlsdata.obj
 0002:00001630       ??_C@_1BC@JGDDFFAM@?$AAF?$AAe?$AAb?$AAr?$AAu?$AAa?$AAr?$AAy?$AA?$AA@ 1000e630     libucrt:nlsdata.obj
 0002:00001644       ??_C@_1M@IKEENEDF@?$AAM?$AAa?$AAr?$AAc?$AAh?$AA?$AA@ 1000e644     libucrt:nlsdata.obj
 0002:00001650       ??_C@_1M@GJNLMHFD@?$AAA?$AAp?$AAr?$AAi?$AAl?$AA?$AA@ 1000e650     libucrt:nlsdata.obj
 0002:0000165c       ??_C@_19EPFLPGAP@?$AAJ?$AAu?$AAn?$AAe?$AA?$AA@ 1000e65c     libucrt:nlsdata.obj
 0002:00001668       ??_C@_19BIFMLPCD@?$AAJ?$AAu?$AAl?$AAy?$AA?$AA@ 1000e668     libucrt:nlsdata.obj
 0002:00001674       ??_C@_1O@PAHLKOAC@?$AAA?$AAu?$AAg?$AAu?$AAs?$AAt?$AA?$AA@ 1000e674     libucrt:nlsdata.obj
 0002:00001684       ??_C@_1BE@DKAAMBJL@?$AAS?$AAe?$AAp?$AAt?$AAe?$AAm?$AAb?$AAe?$AAr?$AA?$AA@ 1000e684     libucrt:nlsdata.obj
 0002:00001698       ??_C@_1BA@EPANDLNG@?$AAO?$AAc?$AAt?$AAo?$AAb?$AAe?$AAr?$AA?$AA@ 1000e698     libucrt:nlsdata.obj
 0002:000016a8       ??_C@_1BC@BGLIFPF@?$AAN?$AAo?$AAv?$AAe?$AAm?$AAb?$AAe?$AAr?$AA?$AA@ 1000e6a8     libucrt:nlsdata.obj
 0002:000016bc       ??_C@_1BC@FEMKIFH@?$AAD?$AAe?$AAc?$AAe?$AAm?$AAb?$AAe?$AAr?$AA?$AA@ 1000e6bc     libucrt:nlsdata.obj
 0002:000016d0       ??_C@_15ODEHAHHF@?$AAA?$AAM?$AA?$AA@ 1000e6d0     libucrt:nlsdata.obj
 0002:000016d8       ??_C@_15CLMNNGEL@?$AAP?$AAM?$AA?$AA@ 1000e6d8     libucrt:nlsdata.obj
 0002:000016e0       ??_C@_1BC@IEBCMHCM@?$AAM?$AAM?$AA?1?$AAd?$AAd?$AA?1?$AAy?$AAy?$AA?$AA@ 1000e6e0     libucrt:nlsdata.obj
 0002:000016f4       ??_C@_1CI@KNAKOEBC@?$AAd?$AAd?$AAd?$AAd?$AA?0?$AA?5?$AAM?$AAM?$AAM?$AAM?$AA?5?$AAd?$AAd?$AA?0?$AA?5?$AAy?$AAy?$AAy?$AAy?$AA?$AA@ 1000e6f4     libucrt:nlsdata.obj
 0002:0000171c       ??_C@_1BC@GDGBMEMK@?$AAH?$AAH?$AA?3?$AAm?$AAm?$AA?3?$AAs?$AAs?$AA?$AA@ 1000e71c     libucrt:nlsdata.obj
 0002:00001730       ??_C@_1M@BMHNFIME@?$AAe?$AAn?$AA?9?$AAU?$AAS?$AA?$AA@ 1000e730     libucrt:nlsdata.obj
 0002:00001740       ___lc_time_c               1000e740     libucrt:nlsdata.obj
 0002:000018a8       ___newctype                1000e8a8     libucrt:ctype.obj
 0002:00001ba8       ___newclmap                1000eba8     libucrt:ctype.obj
 0002:00001d28       ___newcumap                1000ed28     libucrt:ctype.obj
 0002:000025c8       ??_C@_15EMKDOKLE@?$AAa?$AAr?$AA?$AA@ 1000f5c8     libucrt:lcidtoname_downlevel.obj
 0002:000025d0       ??_C@_15KNPADPLH@?$AAb?$AAg?$AA?$AA@ 1000f5d0     libucrt:lcidtoname_downlevel.obj
 0002:000025d8       ??_C@_15EDMHLDMO@?$AAc?$AAa?$AA?$AA@ 1000f5d8     libucrt:lcidtoname_downlevel.obj
 0002:000025e0       ??_C@_1O@BPEAJADD@?$AAz?$AAh?$AA?9?$AAC?$AAH?$AAS?$AA?$AA@ 1000f5e0     libucrt:lcidtoname_downlevel.obj
 0002:000025f0       ??_C@_15LJNHCMNK@?$AAc?$AAs?$AA?$AA@ 1000f5f0     libucrt:lcidtoname_downlevel.obj
 0002:000025f8       ??_C@_15FOMCIDHG@?$AAd?$AAa?$AA?$AA@ 1000f5f8     libucrt:lcidtoname_downlevel.obj
 0002:00002600       ??_C@_15NBKABECB@?$AAd?$AAe?$AA?$AA@ 1000f600     libucrt:lcidtoname_downlevel.obj
 0002:00002608       ??_C@_15GHPEIIAO@?$AAe?$AAl?$AA?$AA@ 1000f608     libucrt:lcidtoname_downlevel.obj
 0002:00002610       ??_C@_15MNPNEAIF@?$AAe?$AAn?$AA?$AA@ 1000f610     libucrt:lcidtoname_downlevel.obj
 0002:00002618       ??_C@_15GPIOMPMH@?$AAe?$AAs?$AA?$AA@ 1000f618     libucrt:lcidtoname_downlevel.obj
 0002:00002620       ??_C@_15NGLOAKJC@?$AAf?$AAi?$AA?$AA@ 1000f620     libucrt:lcidtoname_downlevel.obj
 0002:00002628       ??_C@_15FBKGNKAM@?$AAf?$AAr?$AA?$AA@ 1000f628     libucrt:lcidtoname_downlevel.obj
 0002:00002630       ??_C@_15KGGCNEFK@?$AAh?$AAe?$AA?$AA@ 1000f630     libucrt:lcidtoname_downlevel.obj
 0002:00002638       ??_C@_15PGHLIDMF@?$AAh?$AAu?$AA?$AA@ 1000f638     libucrt:lcidtoname_downlevel.obj
 0002:00002640       ??_C@_15BIEMAPLM@?$AAi?$AAs?$AA?$AA@ 1000f640     libucrt:lcidtoname_downlevel.obj
 0002:00002648       ??_C@_15IFJLDHAF@?$AAi?$AAt?$AA?$AA@ 1000f648     libucrt:lcidtoname_downlevel.obj
 0002:00002650       ??_C@_15GEMIOCAG@?$AAj?$AAa?$AA?$AA@ 1000f650     libucrt:lcidtoname_downlevel.obj
 0002:00002658       ??_C@_15EPELEGJA@?$AAk?$AAo?$AA?$AA@ 1000f658     libucrt:lcidtoname_downlevel.obj
 0002:00002660       ??_C@_15NDDHIMN@?$AAn?$AAl?$AA?$AA@ 1000f660     libucrt:lcidtoname_downlevel.obj
 0002:00002668       ??_C@_15BPIGNHCD@?$AAn?$AAo?$AA?$AA@ 1000f668     libucrt:lcidtoname_downlevel.obj
 0002:00002670       ??_C@_15DEOPBLCG@?$AAp?$AAl?$AA?$AA@ 1000f670     libucrt:lcidtoname_downlevel.obj
 0002:00002678       ??_C@_15KBECGEFG@?$AAp?$AAt?$AA?$AA@ 1000f678     libucrt:lcidtoname_downlevel.obj
 0002:00002680       ??_C@_15GLJCBFMD@?$AAr?$AAo?$AA?$AA@ 1000f680     libucrt:lcidtoname_downlevel.obj
 0002:00002688       ??_C@_15FEDGKCDI@?$AAr?$AAu?$AA?$AA@ 1000f688     libucrt:lcidtoname_downlevel.obj
 0002:00002690       ??_C@_15GLKMLLHM@?$AAh?$AAr?$AA?$AA@ 1000f690     libucrt:lcidtoname_downlevel.obj
 0002:00002698       ??_C@_15CPKMFBDB@?$AAs?$AAk?$AA?$AA@ 1000f698     libucrt:lcidtoname_downlevel.obj
 0002:000026a0       ??_C@_15BAAIOGMK@?$AAs?$AAq?$AA?$AA@ 1000f6a0     libucrt:lcidtoname_downlevel.obj
 0002:000026a8       ??_C@_15INNPNOHD@?$AAs?$AAv?$AA?$AA@ 1000f6a8     libucrt:lcidtoname_downlevel.obj
 0002:000026b0       ??_C@_15CABMMOGH@?$AAt?$AAh?$AA?$AA@ 1000f6b0     libucrt:lcidtoname_downlevel.obj
[...]
 0001:00005a39       _report_memory_leaks       10006a39 f   libucrt:initialization.obj
 0001:00005a3c       ?find_end_of_double_null_terminated_sequence@@YAPB_WQB_W@Z 10006a3c f   libucrt:get_environment_from_os.obj
 0001:00005b89       ?initialize_inherited_file_handles_nolock@@YAXXZ 10006b89 f   libucrt:ioinit.obj
 0001:00005c3f       ?initialize_stdio_handles_nolock@@YAXXZ 10006c3f f   libucrt:ioinit.obj
 0001:00005f73       ?get_global_action_nolock@@YAPAP6AXH@ZH@Z 10006f73 f   libucrt:signal.obj
 0001:00005fb5       ?siglookup@@YAPAU__crt_signal_action_t@@HQAU1@@Z 10006fb5 f   libucrt:signal.obj
 0001:000069a3       ?GetTableIndexFromLocaleName@@YAHPB_W@Z 100079a3 f   libucrt:lcidtoname_downlevel.obj
 0001:00006a90       ?shortsort@@YAXPAD0IP6AHPBX1@Z@Z 10007a90 f   libucrt:qsort.obj
 0001:00006b30       ?swap@@YAXPAD0I@Z          10007b30 f   libucrt:qsort.obj
 0001:00006f0a       ??$common_tcsncpy_s@D@@YAHQADIQBDI@Z 10007f0a f   libucrt:strncpy_s.obj
 0001:00006fd0       $$000000                   10007fd0     libucrt:strpbrk.obj
 0001:000070b4       ?initialize_multibyte@@YAHXZ 100080b4 f   libucrt:multibyte_initializer.obj
 0001:00007200       ?__acrt_LCMapStringA_stat@@YAHPAU__crt_locale_pointers@@PB_WKPBDHPADHHH@Z 10008200 f   libucrt:lcmapstringa.obj
 0001:00007898       _common_flush_all          10008898 f   libucrt:fflush.obj
 0001:00007bee       ?free_crt_array_internal@@YAXQAPBXI@Z 10008bee f   libucrt:inittime.obj
 0001:00007e5f       ?write_double_translated_ansi_nolock@@YA?AUwrite_result@?A0x47fa6670@@HQBDI@Z 10008e5f f   libucrt:write.obj
 0001:00008012       ?write_double_translated_unicode_nolock@@YA?AUwrite_result@?A0x47fa6670@@QBDI@Z 10009012 f   libucrt:write.obj
 0001:0000807f       ?write_requires_double_translation_nolock@@YA_NH@Z 1000907f f   libucrt:write.obj
 0001:000080f5       ?write_text_ansi_nolock@@YA?AUwrite_result@?A0x47fa6670@@HQBDI@Z 100090f5 f   libucrt:write.obj
 0001:000081d4       ?write_text_utf16le_nolock@@YA?AUwrite_result@?A0x47fa6670@@HQBDI@Z 100091d4 f   libucrt:write.obj
 0001:000082c2       ?write_text_utf8_nolock@@YA?AUwrite_result@?A0x47fa6670@@HQBDI@Z 100092c2 f   libucrt:write.obj
 0001:000086f0       $$000000                   100096f0     libucrt:log10.obj
 0001:00008840       $$000000                   10009840     libucrt:ceil_pentium4.obj
 0001:0000895d       ??$common_lseek_nolock@_J@@YA_JH_JH@Z 1000995d f   libucrt:lseek.obj
 0001:00008af0       $$000000                   10009af0     libucrt:_strnicm.obj
 0001:00008bb0       $$000000                   10009bb0     libucrt:log10_pentium4.obj
 0001:00008e40       $$000000                   10009e40     libucrt:87tran.obj
 0001:00009040       $$000000                   1000a040     libucrt:87disp.obj
 0001:00009240       $$000000                   1000a240     libucrt:common.obj
 0001:000093d0       $$000000                   1000a3d0     libucrt:genexcep.obj
 0001:0000a6b0       $$000000                   1000b6b0     LIBCMT:ulldvrm.obj
 0001:0000a750       $$000000                   1000b750     LIBCMT:_sehprolg4gs_.obj
 0001:0000a7b0       $$000000                   1000b7b0     LIBCMT:llmul.obj
 0001:0000a7f0       $$000000                   1000b7f0     LIBCMT:lldvrm.obj
 0001:0000a8d0       $$000000                   1000b8d0     LIBCMT:ullshr.obj
 0001:0000a8f0       $$000000                   1000b8f0     LIBCMT:alloca16.obj
 0001:0000a920       $$000000                   1000b920     LIBCMT:llshl.obj
 0001:0000a940       $$000000                   1000b940     LIBCMT:_ftol2_.obj
 0001:0000aa00       $$000000                   1000ba00     LIBCMT:chkstk.obj
 0001:0000aa30       $$000000                   1000ba30     libvcruntime:memcpy.obj
 0001:0000ac94       TrailingUpVec              1000bc94     libvcruntime:memcpy.obj
 0001:0000ad40       TrailingDownVec            1000bd40     libvcruntime:memcpy.obj
 0001:0000afb0       $$000000                   1000bfb0     libvcruntime:strchr.obj
 0001:0000b0e0       $$000000                   1000c0e0     libvcruntime:memmove.obj
 0001:0000b344       TrailingUpVec              1000c344     libvcruntime:memmove.obj
 0001:0000b3f0       TrailingDownVec            1000c3f0     libvcruntime:memmove.obj
 0002:00000318       _GS_ExceptionPointers      1000d318     LIBCMT:gs_report.obj
 0002:00000328       ?tokenTable@@3QBQBDB       1000d328     libvcruntime:undname.obj
 0002:00000360       ?nameTable@@3QBQBDB        1000d360     libvcruntime:undname.obj
 0002:000004a8       ?rttiTable@@3QBQBDB        1000d4a8     libvcruntime:undname.obj
 0002:00000aa0       ?module_names@?A0x0855b3bb@@3QBQB_WB 1000daa0     libvcruntime:winapi_downlevel.obj
 0002:00000b58       ?candidate_modules@?1??try_get_FlsAlloc@@YAP6GKP6GXPAX@Z@ZXZ@4QBW4module_id@?A0x0855b3bb@@B 1000db58     libvcruntime:winapi_downlevel.obj
 0002:00000b6c       ?candidate_modules@?1??try_get_FlsFree@@YAP6GHK@ZXZ@4QBW4module_id@?A0x0855b3bb@@B 1000db6c     libvcruntime:winapi_downlevel.obj
 0002:00000b7c       ?candidate_modules@?1??try_get_FlsGetValue@@YAP6GPAXK@ZXZ@4QBW4module_id@?A0x0855b3bb@@B 1000db7c     libvcruntime:winapi_downlevel.obj
 0002:00000b90       ?candidate_modules@?1??try_get_FlsSetValue@@YAP6GHKPAX@ZXZ@4QBW4module_id@?A0x0855b3bb@@B 1000db90     libvcruntime:winapi_downlevel.obj
 0002:00000ba4       ?candidate_modules@?1??try_get_InitializeCriticalSectionEx@@YAP6GHPAU_RTL_CRITICAL_SECTION@@KK@ZXZ@4QBW4module_id@?A0x0855b3bb@@B 1000dba4     libvcruntime:winapi_downlevel.obj
 0002:00000c90       ___acrt_initializers       1000dc90     libucrt:initialization.obj
 0002:00000d08       _module_names              1000dd08     libucrt:winapi_thunks.obj
 0002:000011bc       ?candidate_modules@?1??try_get_FlsAlloc@@YAP6GKP6GXPAX@Z@ZXZ@4QBW4module_id@?A0x352e5c4b@@B 1000e1bc     libucrt:winapi_thunks.obj
 0002:000011c4       ?candidate_modules@?1??try_get_FlsFree@@YAP6GHK@ZXZ@4QBW4module_id@?A0x352e5c4b@@B 1000e1c4     libucrt:winapi_thunks.obj
 0002:000011cc       ?candidate_modules@?1??try_get_FlsGetValue@@YAP6GPAXK@ZXZ@4QBW4module_id@?A0x352e5c4b@@B 1000e1cc     libucrt:winapi_thunks.obj
 0002:000011d4       ?candidate_modules@?1??try_get_FlsSetValue@@YAP6GHKPAX@ZXZ@4QBW4module_id@?A0x352e5c4b@@B 1000e1d4     libucrt:winapi_thunks.obj
 0002:000011dc       ?candidate_modules@?1??try_get_GetCurrentPackageId@@YAP6GJPAIPAE@ZXZ@4QBW4module_id@?A0x352e5c4b@@B 1000e1dc     libucrt:winapi_thunks.obj
 0002:000011f8       ?candidate_modules@?1??try_get_InitializeCriticalSectionEx@@YAP6GHPAU_RTL_CRITICAL_SECTION@@KK@ZXZ@4QBW4module_id@?A0x352e5c4b@@B 1000e1f8     libucrt:winapi_thunks.obj
 0002:00001200       ?candidate_modules@?1??try_get_LCMapStringEx@@YAP6GHPB_WK0HPA_WHPAU_nlsversioninfo@@PAXJ@ZXZ@4QBW4module_id@?A0x352e5c4b@@B 1000e200     libucrt:winapi_thunks.obj
 0002:00001218       ?candidate_modules@?1??try_get_LocaleNameToLCID@@YAP6GKPB_WK@ZXZ@4QBW4module_id@?A0x352e5c4b@@B 1000e218     libucrt:winapi_thunks.obj
 0002:00001238       _errtable                  1000e238     libucrt:errno.obj
 0002:000013a0       __mb_locale_names          1000e3a0     libucrt:mbctype.obj
 0002:00001ea8       _LcidToLocaleNameTable     1000eea8     libucrt:lcidtoname_downlevel.obj
 0002:00002fd0       _LocaleNameToIndexTable    1000ffd0     libucrt:lcidtoname_downlevel.obj
 0002:00003f20       LOG_name                   10010f20     libucrt:log10.obj
 0002:00003f30       _One                       10010f30     libucrt:ceil_pentium4.obj
 0002:00003f40       _Bns                       10010f40     libucrt:ceil_pentium4.obj
 0002:00003f50       _Zero                      10010f50     libucrt:ceil_pentium4.obj
 0002:00003f60       _S                         10010f60     libucrt:ceil_pentium4.obj
 0002:00003f70       _NegZero                   10010f70     libucrt:ceil_pentium4.obj
 0002:00003f80       emask                      10010f80     libucrt:log10_pentium4.obj
 0002:00003f90       CC                         10010f90     libucrt:log10_pentium4.obj
 0002:00003fa0       Magic                      10010fa0     libucrt:log10_pentium4.obj
 0002:00003fb0       hi_mask                    10010fb0     libucrt:log10_pentium4.obj
 0002:00003fc0       LOG10_2                    10010fc0     libucrt:log10_pentium4.obj
 0002:00003fd0       place_L                    10010fd0     libucrt:log10_pentium4.obj
 0002:00003ff0       One                        10010ff0     libucrt:log10_pentium4.obj
 0002:00004000       Zero                       10011000     libucrt:log10_pentium4.obj
 0002:00004010       Two52                      10011010     libucrt:log10_pentium4.obj
 0002:00004020       Infs                       10011020     libucrt:log10_pentium4.obj
 0002:00004030       NaN                        10011030     libucrt:log10_pentium4.obj
 0002:00004040       coeff                      10011040     libucrt:log10_pentium4.obj
 0002:0000409e       _log2max                   1001109e     libucrt:87tran.obj
 0002:000040a8       _smallarg                  100110a8     libucrt:87tran.obj
 0002:000040b2       _half                      100110b2     libucrt:87tran.obj
 0002:000040fe       One                        100110fe     libucrt:87disp.obj
 0002:00004106       Three                      10011106     libucrt:87disp.obj
 0002:0000410e       XAMtoTagTab                1001110e     libucrt:87disp.obj
 0002:00004120       One                        10011120     libucrt:common.obj
 0002:00004134       DblMax                     10011134     libucrt:common.obj
 0002:0000413c       DblMin                     1001113c     libucrt:common.obj
 0002:00004144       IeeeAdjO                   10011144     libucrt:common.obj
 0002:0000414c       IeeeAdjU                   1001114c     libucrt:common.obj
 0002:00004154       _infinity                  10011154     libucrt:common.obj
 0002:0000415c       _zero                      1001115c     libucrt:common.obj
 0002:000041a8       _over                      100111a8     libucrt:fpctrl.obj
 0002:000041b4       _under                     100111b4     libucrt:fpctrl.obj
 0002:00004a78       ?_names@?1??_get_fname@@9@9 10011a78     libucrt:fpexcept.obj
 0002:00004f80       __sehtable$?dllmain_crt_process_attach@@YAHQAUHINSTANCE__@@QAX@Z 10011f80     LIBCMT:dll_dllmain.obj
 0002:00004fa0       __sehtable$?dllmain_crt_process_detach@@YAH_N@Z 10011fa0     LIBCMT:dll_dllmain.obj
 0002:00004fc0       __sehtable$?dllmain_dispatch@@YAHQAUHINSTANCE__@@KQAX@Z 10011fc0     LIBCMT:dll_dllmain.obj
 0002:00004fe0       __sehtable$___scrt_is_nonwritable_in_current_image 10011fe0     LIBCMT:utility.obj
 0002:00005000       __sehtable$?common_exit@@YAXHW4_crt_exit_cleanup_mode@@W4_crt_exit_return_mode@@@Z 10012000     libucrt:exit.obj
 0002:00005028       __sehtable$??$?RV<lambda_995298e7d72eb4c2aab26c0585b3abe5>@@AAV<lambda_275893d493268fdec8709772e3fcec0e>@@V<lambda_293819299cbf9a7022e18b56a874bb5c>@@@?$__crt_seh_guarded_call@H@@QAEH$$QAV<lambda_995298e7d72eb4c2aab26c0585b3abe5>@@AAV<lambda_275893d493268fdec8709772e3fcec0e>@@$$QAV<lambda_293819299cbf9a7022e18b56a874bb5c>@@@Z 10012028     libucrt:onexit.obj
 0002:00005048       __sehtable$_terminate      10012048     libucrt:terminate.obj
 0002:00005068       __sehtable$??$?RV<lambda_9df27f884b057bc3edfc946cb5b7cf47>@@AAV<lambda_e69574bed617af4e071282c136b37893>@@V<lambda_cc0d902bcbbeb830f749456577db4721>@@@?$__crt_seh_guarded_call@X@@QAEX$$QAV<lambda_9df27f884b057bc3edfc946cb5b7cf47>@@AAV<lambda_e69574bed617af4e071282c136b37893>@@$$QAV<lambda_cc0d902bcbbeb830f749456577db4721>@@@Z 10012068     libucrt:per_thread_data.obj
 0002:00005088       __sehtable$??$?RV<lambda_3518db117f0e7cdb002338c5d3c47b6c>@@AAV<lambda_b2ea41f6bbb362cd97d94c6828d90b61>@@V<lambda_abdedf541bb04549bc734292b4a045d4>@@@?$__crt_seh_guarded_call@X@@QAEX$$QAV<lambda_3518db117f0e7cdb002338c5d3c47b6c>@@AAV<lambda_b2ea41f6bbb362cd97d94c6828d90b61>@@$$QAV<lambda_abdedf541bb04549bc734292b4a045d4>@@@Z 10012088     libucrt:per_thread_data.obj
 0002:000050a8       __sehtable$??$?RV<lambda_51b6e8b1eb166f2a3faf91f424b38130>@@AAV<lambda_6250bd4b2a391816dd638c3bf72b0bcb>@@V<lambda_0b5a4a3e68152e1d9b943535f5f47bed>@@@?$__crt_seh_guarded_call@X@@QAEX$$QAV<lambda_51b6e8b1eb166f2a3faf91f424b38130>@@AAV<lambda_6250bd4b2a391816dd638c3bf72b0bcb>@@$$QAV<lambda_0b5a4a3e68152e1d9b943535f5f47bed>@@@Z 100120a8     libucrt:per_thread_data.obj
 0002:000050c8       __sehtable$??$?RV<lambda_5b71d36f03204c0beab531769a5b5694>@@AAV<lambda_be2b3da3f62db62e9dad5dc70221a656>@@V<lambda_8f9ce462984622f9bf76b59e2aaaf805>@@@?$__crt_seh_guarded_call@X@@QAEX$$QAV<lambda_5b71d36f03204c0beab531769a5b5694>@@AAV<lambda_be2b3da3f62db62e9dad5dc70221a656>@@$$QAV<lambda_8f9ce462984622f9bf76b59e2aaaf805>@@@Z 100120c8     libucrt:per_thread_data.obj
 0002:000050e8       __sehtable$___acrt_update_thread_multibyte_data 100120e8     libucrt:mbctype.obj
 0002:00005108       __sehtable$??$?RV<lambda_978dc153c237d78434369da87b74ff60>@@AAV<lambda_ad1ced32f4ac17aa236e5ef05d6b3b7c>@@V<lambda_4a8533e2866a575feecb8298ce776b0d>@@@?$__crt_seh_guarded_call@X@@QAEX$$QAV<lambda_978dc153c237d78434369da87b74ff60>@@AAV<lambda_ad1ced32f4ac17aa236e5ef05d6b3b7c>@@$$QAV<lambda_4a8533e2866a575feecb8298ce776b0d>@@@Z 10012108     libucrt:mbctype.obj
 0002:00005128       __sehtable$___acrt_initialize_lowio 10012128     libucrt:ioinit.obj
 0002:00005148       __sehtable$__query_new_handler 10012148     libucrt:new_handler.obj
 0002:00005168       __sehtable$_raise          10012168     libucrt:signal.obj
 0002:00005188       __sehtable$??$?RV<lambda_a048d3beccc847880fc8490e18b82769>@@AAV<lambda_ec61778202f4f5fc7e7711acc23c3bca>@@V<lambda_f7496a158712204296dd6628a163878e>@@@?$__crt_seh_guarded_call@P6AXH@Z@@QAEP6AXH@Z$$QAV<lambda_a048d3beccc847880fc8490e18b82769>@@AAV<lambda_ec61778202f4f5fc7e7711acc23c3bca>@@$$QAV<lambda_f7496a158712204296dd6628a163878e>@@@Z 10012188     libucrt:signal.obj
 0002:000051a8       __sehtable$___acrt_uninitialize_locale 100121a8     libucrt:wsetlocale.obj
 0002:000051c8       __sehtable$___acrt_update_thread_locale_data 100121c8     libucrt:locale_refcounting.obj
 0002:000051e8       __sehtable$___acrt_lowio_ensure_fh_exists 100121e8     libucrt:osfinfo.obj
 0002:00005208       __sehtable$_common_flush_all 10012208     libucrt:fflush.obj
 0002:00005230       __sehtable$__fcloseall     10012230     libucrt:closeall.obj
 0002:00005250       __sehtable$??$?RV<lambda_61cee617f5178ae960314fd4d05640a0>@@AAV<lambda_6978c1fb23f02e42e1d9e99668cc68aa>@@V<lambda_9cd88cf8ad10232537feb2133f08c833>@@@?$__crt_seh_guarded_call@H@@QAEH$$QAV<lambda_61cee617f5178ae960314fd4d05640a0>@@AAV<lambda_6978c1fb23f02e42e1d9e99668cc68aa>@@$$QAV<lambda_9cd88cf8ad10232537feb2133f08c833>@@@Z 10012250     libucrt:commit.obj
 0002:00005270       __sehtable$__write         10012270     libucrt:write.obj
 0002:00005290       __sehtable$_fclose         10012290     libucrt:fclose.obj
 0002:000052b0       __sehtable$??$?RV<lambda_123407a5e2ac06da108355a851863b7a>@@AAV<lambda_2fe9b910cf3cbf4a0ab98a02ba45b3ec>@@V<lambda_ae55bdf541ad94d75914d381c370e64d>@@@?$__crt_seh_guarded_call@H@@QAEH$$QAV<lambda_123407a5e2ac06da108355a851863b7a>@@AAV<lambda_2fe9b910cf3cbf4a0ab98a02ba45b3ec>@@$$QAV<lambda_ae55bdf541ad94d75914d381c370e64d>@@@Z 100122b0     libucrt:close.obj
 0002:000052d0       __sehtable$__IsNonwritableInCurrentImage 100122d0     LIBCMT:pesect.obj
 0002:000052f0       .edata                     100122f0     pe.exp
 0002:00005318       rgpv                       10012318     pe.exp
 0002:0000532c       rgszName                   1001232c     pe.exp
 0002:00005340       rgwOrd                     10012340     pe.exp
 0002:0000534a       szName                     1001234a     pe.exp
 0002:00005351       $N00001                    10012351     pe.exp
 0002:0000535c       $N00002                    1001235c     pe.exp
 0002:00005365       $N00003                    10012365     pe.exp
 0002:0000536e       $N00004                    1001236e     pe.exp
 0002:00005377       $N00005                    10012377     pe.exp
 0002:00005590       .idata$6                   10012590     kernel32:KERNEL32.dll
 0002:000055aa       .idata$6                   100125aa     user32:USER32.dll
 0003:00000020       ?__vcrt_flsindex@@3KA      10013020     libvcruntime:per_thread_data.obj
 0003:00000044       ___acrt_flsindex           10013044     libucrt:per_thread_data.obj
 0003:00000048       _errno_no_memory           10013048     libucrt:errno.obj
 0003:0000004c       _doserrno_no_memory        1001304c     libucrt:errno.obj
 0003:00000050       ___rgctypeflag             10013050     libucrt:mbctype.obj
 0003:00000058       ___rgcode_page_info        10013058     libucrt:mbctype.obj
 0003:00000780       _GS_ExceptionRecord        10013780     LIBCMT:gs_report.obj
 0003:000007d0       _GS_ContextRecord          100137d0     LIBCMT:gs_report.obj
 0003:00000a9c       ?__proc_attached@@3HA      10013a9c     LIBCMT:dll_dllmain.obj
 0003:00000ac0       ?module_local_atexit_table@@3U_onexit_table_t@@A 10013ac0     LIBCMT:utility.obj
 0003:00000acc       ?module_local_at_quick_exit_table@@3U_onexit_table_t@@A 10013acc     LIBCMT:utility.obj
 0003:00000ad8       ?module_local_atexit_table_initialized@@3_NA 10013ad8     LIBCMT:utility.obj
 0003:00000ad9       ?is_initialized_as_dll@@3_NA 10013ad9     LIBCMT:utility.obj
 0003:00000b10       ?heap@@3V_HeapManager@@A   10013b10     libvcruntime:undname.obj
 0003:00000b24       ?__vcrt_startup_thread_ptd@@3U__vcrt_ptd@@A 10013b24     libvcruntime:per_thread_data.obj
 0003:00000b4c       ___vcrt_lock_table         10013b4c     libvcruntime:locks.obj
 0003:00000b64       ___vcrt_locks_initialized  10013b64     libvcruntime:locks.obj
 0003:00000b68       ?module_handles@@3PAPAUHINSTANCE__@@A 10013b68     libvcruntime:winapi_downlevel.obj
 0003:00000b74       ?encoded_function_pointers@@3PAPAXA 10013b74     libvcruntime:winapi_downlevel.obj
 0003:00000b8c       _c_termination_complete    10013b8c     libucrt:exit.obj
 0003:00000b90       _thread_local_exit_callback_func 10013b90     libucrt:exit.obj
 0003:00000b94       ?c_exit_complete@?5??common_exit@@YAXHW4_crt_exit_cleanup_mode@@W4_crt_exit_return_mode@@@Z@4_NA 10013b94     libucrt:exit.obj
 0003:00000b98       ?program_name@?5???$common_configure_argv@D@@YAHW4_crt_argv_mode@@@Z@4PADA 10013b98     libucrt:argv_parsing.obj
 0003:00000cc8       ___acrt_lock_table         10013cc8     libucrt:locks.obj
 0003:00000e00       ___acrt_locks_initialized  10013e00     libucrt:locks.obj
 0003:00000e08       _module_handles            10013e08     libucrt:winapi_thunks.obj
 0003:00000e58       _encoded_function_pointers 10013e58     libucrt:winapi_thunks.obj
 0003:00000ed8       ?state_cache@?1??__acrt_is_packaged_app@@9@4JA 10013ed8     libucrt:winapi_thunks.obj
 0003:00000edc       ___acrt_invalid_parameter_handler 10013edc     libucrt:invalid_parameter.obj
 0003:00000ef8       _fSystemSet                10013ef8     libucrt:mbctype.obj
 0003:00000efc       ?initialized@?1??__acrt_initialize_multibyte@@9@4_NA 10013efc     libucrt:mbctype.obj
 0003:00001124       ___acrt_new_handler        10014124     libucrt:new_handler.obj
 0003:00001128       _ctrlc_action              10014128     libucrt:signal.obj
 0003:0000112c       _ctrlbreak_action          1001412c     libucrt:signal.obj
 0003:00001130       _abort_action              10014130     libucrt:signal.obj
 0003:00001134       _term_action               10014134     libucrt:signal.obj
 0003:00001138       _user_matherr              10014138     libucrt:matherr.obj
 0003:00001148       ___acrt_global_new_mode    10014148     libucrt:new_mode.obj
 0003:00001160       ___acrt_app_type           10014160     libucrt:report_runtime_error.obj
 0003:00001168       __pmatherr_set             10014168     libucrt:libm_error.obj
 0004:000000a0       $R000000                   100150a0     pe.res
 0004:000003a8       $R000308                   100153a8     pe.res
