 pe

 Timestamp is 59f1ba8a (Thu Oct 26 13:35:54 2017)

 Preferred load address is 0000000180000000

 Start         Length     Name                   Class
 0001:00000000 0000b260H .text$mn                CODE
 0001:0000b260 000000e0H .text$mn$00             CODE
 0001:0000b340 00000260H .text$x                 CODE
 0002:00000000 00000278H .idata$5                DATA
 0002:00000278 00000020H .00cfg                  DATA
 0002:00000298 00000008H .CRT$XCA                DATA
 0002:000002a0 00000008H .CRT$XCZ                DATA
 0002:000002a8 00000008H .CRT$XIA                DATA
 0002:000002b0 00000018H .CRT$XIC                DATA
 0002:000002c8 00000008H .CRT$XIZ                DATA
 0002:000002d0 00000008H .CRT$XPA                DATA
 0002:000002d8 00000010H .CRT$XPX                DATA
 0002:000002e8 00000008H .CRT$XPXA               DATA
 0002:000002f0 00000008H .CRT$XPZ                DATA
 0002:000002f8 00000008H .CRT$XTA                DATA
 0002:00000300 00000010H .CRT$XTZ                DATA
 0002:00000308 00000000H .gfids$x                DATA
 0002:00000308 00000000H .gfids$y                DATA
 0002:00000310 000071e8H .rdata                  DATA
 0002:000074f8 00000000H .rdata$r                DATA
 0002:000074f8 000002f8H .rdata$zzzdbg           DATA
 0002:000077f0 00000008H .rtc$IAA                DATA
 0002:000077f8 00000008H .rtc$IZZ                DATA
 0002:00007800 00000008H .rtc$TAA                DATA
 0002:00007808 00000008H .rtc$TZZ                DATA
 0002:00007810 00000ab0H .xdata                  DATA
 0002:000082c0 00000090H .edata                  DATA
 0002:00008350 00000028H .idata$2                DATA
 0002:00008378 00000018H .idata$3                DATA
 0002:00008390 00000278H .idata$4                DATA
 0002:00008608 00000576H .idata$6                DATA
 0003:00000000 000008e0H .data                   DATA
 0003:000008e0 00000000H .data$r                 DATA
 0003:000008e0 000011a8H .bss                    DATA
 0004:00000000 00000da4H .pdata                  DATA
 0005:00000000 000000a0H .rsrc$01                DATA
 0005:000000a0 00000488H .rsrc$02                DATA

  Address         Publics by Value              Rva+Base               Lib:Object

 0000:00000000       __guard_iat_count          0000000000000000     <absolute>
 0000:00000000       __hybrid_code_map_count    0000000000000000     <absolute>
 0000:00000000       __hybrid_code_map          0000000000000000     <absolute>
 0000:00000000       __dynamic_value_reloc_table 0000000000000000     <absolute>
 0000:00000000       __guard_iat_table          0000000000000000     <absolute>
 0000:00000000       __guard_longjmp_table      0000000000000000     <absolute>
 0000:00000000       __guard_longjmp_count      0000000000000000     <absolute>
 0000:00000000       __hybrid_auxiliary_iat     0000000000000000     <absolute>
 0000:00000000       __guard_fids_count         0000000000000000     <absolute>
 0000:00000000       __enclave_config           0000000000000000     <absolute>
 0000:00000000       ___safe_se_handler_table   0000000000000000     <absolute>
 0000:00000000       ___safe_se_handler_count   0000000000000000     <absolute>
 0000:00000000       __guard_fids_table         0000000000000000     <absolute>
 0000:00000100       __guard_flags              0000000000000100     <absolute>
 0000:00000000       __ImageBase                0000000180000000     <linker-defined>
 0001:00000000       ??$DumpExportsSection@U_IMAGE_NT_HEADERS64@@@@YAXPEAUPEData@@PEAEPEAU_IMAGE_NT_HEADERS64@@@Z 0000000180001000 f i pe.obj
 0001:00000224       ??$DumpExportsSection@U_IMAGE_NT_HEADERS@@@@YAXPEAUPEData@@PEAEPEAU_IMAGE_NT_HEADERS@@@Z 0000000180001224 f i pe.obj
 0001:00000444       ??$DumpResourceSection@U_IMAGE_NT_HEADERS64@@@@YAXPEAUPEData@@PEAEPEAU_IMAGE_NT_HEADERS64@@@Z 0000000180001444 f i pe.obj
 0001:00000498       ??$DumpResourceSection@U_IMAGE_NT_HEADERS@@@@YAXPEAUPEData@@PEAEPEAU_IMAGE_NT_HEADERS@@@Z 0000000180001498 f i pe.obj
 0001:000004ec       ??$GetEnclosingSectionHeader@U_IMAGE_NT_HEADERS@@@@YAPEAU_IMAGE_SECTION_HEADER@@KPEAU_IMAGE_NT_HEADERS@@@Z 00000001800014ec f i pe.obj
 0001:000004ec       ??$GetEnclosingSectionHeader@U_IMAGE_NT_HEADERS64@@@@YAPEAU_IMAGE_SECTION_HEADER@@KPEAU_IMAGE_NT_HEADERS64@@@Z 00000001800014ec f i pe.obj
 0001:00000538       ??$GetPtrFromRVA@U_IMAGE_NT_HEADERS@@@@YAPEAXKPEAU_IMAGE_NT_HEADERS@@PEAE@Z 0000000180001538 f i pe.obj
 0001:00000538       ??$GetPtrFromRVA@U_IMAGE_NT_HEADERS64@@@@YAPEAXKPEAU_IMAGE_NT_HEADERS64@@PEAE@Z 0000000180001538 f i pe.obj
 0001:00000580       _guard_check_icall_nop     0000000180001580 f   LIBCMT:guard_support.obj
 0001:00000580       ?CET_Cancel@@YAXPEAX@Z     0000000180001580 f   pe.obj
 0001:00000584       ?CET_Done@@YAXPEAUCET_Init@@@Z 0000000180001584 f   pe.obj
 0001:0000058c       ?CET_Free@@YAXPEAUCET_LoadInfo@@@Z 000000018000158c f   pe.obj
 0001:000005d8       ?CET_Init@@YAHPEAU0@@Z     00000001800015d8 f   pe.obj
 0001:00000614       ?CET_Load@@YAHPEAUCET_LoadInfo@@@Z 0000000180001614 f   pe.obj
 0001:00000918       ?CreateResource@@YAXPEAUPEData@@KPEAXKKK@Z 0000000180001918 f   pe.obj
 0001:000009f0       ?DumpExeFile@@YA_NPEAUPEData@@PEAU_IMAGE_DOS_HEADER@@@Z 00000001800019f0 f   pe.obj
 0001:00000a6c       ?DumpExeFileNE@@YA_NPEAUPEData@@PEAU_IMAGE_DOS_HEADER@@PEAU_IMAGE_OS2_HEADER@@@Z 0000000180001a6c f   pe.obj
 0001:00000aa8       ?DumpExeFilePE@@YA_NPEAUPEData@@PEAU_IMAGE_DOS_HEADER@@PEAU_IMAGE_NT_HEADERS@@@Z 0000000180001aa8 f   pe.obj
 0001:00000b90       ?DumpFile@@YA_NPEAUPEData@@PEAE_J2@Z 0000000180001b90 f   pe.obj
 0001:00000bd8       ?DumpNEResourceTable@@YAXPEAUPEData@@PEAU_IMAGE_DOS_HEADER@@PEAE@Z 0000000180001bd8 f   pe.obj
 0001:00000ce4       ?DumpResourceDirectory@@YAXPEAUPEData@@PEAU_IMAGE_RESOURCE_DIRECTORY@@PEAEKKKK@Z 0000000180001ce4 f   pe.obj
 0001:00000e10       ?DumpResourceEntry@@YAXPEAUPEData@@KPEAU_IMAGE_RESOURCE_DIRECTORY_ENTRY@@PEAEKKK@Z 0000000180001e10 f   pe.obj
 0001:00000f00       ?DumpResources@@YAXPEAUPEData@@PEAEPEAU_IMAGE_NT_HEADERS@@@Z 0000000180001f00 f   pe.obj
 0001:00000f5c       ?ParseVersionInfo@@YAXPEAUPEData@@AEAPEAXAEAK@Z 0000000180001f5c f   pe.obj
 0001:00001074       ?ParseVersionInfoA@@YAXPEAUPEData@@AEAPEAXAEAK@Z 0000000180002074 f   pe.obj
 0001:0000118c       ?ParseVersionInfoFixed@@YAXPEAUPEData@@PEAUtagVS_FIXEDFILEINFO@@@Z 000000018000218c f   pe.obj
 0001:0000135c       ?ParseVersionInfoVariable@@YAXPEAUPEData@@PEAXAEAKPEAG@Z 000000018000235c f   pe.obj
 0001:0000140c       ?ParseVersionInfoVariableA@@YAXPEAUPEData@@PEAXAEAKPEAD@Z 000000018000240c f   pe.obj
 0001:00001478       ?ParseVersionInfoVariableString@@YAXPEAUPEData@@PEAXAEAKPEAG@Z 0000000180002478 f   pe.obj
 0001:00001640       ?ParseVersionInfoVariableStringA@@YAXPEAUPEData@@PEAXAEAKPEAD@Z 0000000180002640 f   pe.obj
 0001:00001868       ?ParseVersionInfoVariableVar@@YAXPEAUPEData@@PEAXAEAKPEAG@Z 0000000180002868 f   pe.obj
 0001:00001950       ?ValidateMemory@@YA_NPEAUPEData@@PEBX_K@Z 0000000180002950 f   pe.obj
 0001:00001988       ?HeapDeinitialize@@YAXXZ   0000000180002988 f   common-kernel64:Memory.obj
 0001:000019ac       ?HeapInitialize@@YA_NXZ    00000001800029ac f   common-kernel64:Memory.obj
 0001:000019e0       __raise_securityfailure    00000001800029e0 f   LIBCMT:gs_report.obj
 0001:00001a14       __report_gsfailure         0000000180002a14 f   LIBCMT:gs_report.obj
 0001:00001ae8       __report_rangecheckfailure 0000000180002ae8 f   LIBCMT:gs_report.obj
 0001:00001afc       __report_securityfailure   0000000180002afc f   LIBCMT:gs_report.obj
 0001:00001c7c       __GSHandlerCheck           0000000180002c7c f   LIBCMT:_gshandler_.obj
 0001:00001c9c       __GSHandlerCheckCommon     0000000180002c9c f   LIBCMT:_gshandler_.obj
 0001:00001d10       __security_check_cookie    0000000180002d10 f   LIBCMT:_amdsecgs_.obj
 0001:00002070       _DllMainCRTStartup         0000000180003070 f   LIBCMT:dll_dllmain.obj
 0001:000020b0       __security_init_cookie     00000001800030b0 f   LIBCMT:gs_support.obj
 0001:0000215c       DllMain                    000000018000315c f   LIBCMT:dll_dllmain_stub.obj
 0001:0000215c       _get_startup_argv_mode     000000018000315c f   LIBCMT:argv_mode.obj
 0001:00002164       ?__scrt_initialize_type_info@@YAXXZ 0000000180003164 f   LIBCMT:tncleanup.obj
 0001:00002174       ?__scrt_uninitialize_type_info@@YAXXZ 0000000180003174 f   LIBCMT:tncleanup.obj
 0001:00002180       __local_stdio_printf_options 0000000180003180 f i LIBCMT:default_local_stdio_options.obj
 0001:00002188       __local_stdio_scanf_options 0000000180003188 f i LIBCMT:default_local_stdio_options.obj
 0001:00002190       __scrt_initialize_default_local_stdio_options 0000000180003190 f   LIBCMT:default_local_stdio_options.obj
 0001:000021ac       __scrt_acquire_startup_lock 00000001800031ac f   LIBCMT:utility.obj
 0001:000021e8       __scrt_dllmain_after_initialize_c 00000001800031e8 f   LIBCMT:utility.obj
 0001:0000221c       __scrt_dllmain_before_initialize_c 000000018000321c f   LIBCMT:utility.obj
 0001:00002234       __scrt_dllmain_crt_thread_attach 0000000180003234 f   LIBCMT:utility.obj
 0001:0000225c       __scrt_dllmain_crt_thread_detach 000000018000325c f   LIBCMT:utility.obj
 0001:00002274       __scrt_dllmain_exception_filter 0000000180003274 f   LIBCMT:utility.obj
 0001:000022d8       __scrt_dllmain_uninitialize_c 00000001800032d8 f   LIBCMT:utility.obj
 0001:00002308       __scrt_dllmain_uninitialize_critical 0000000180003308 f   LIBCMT:utility.obj
 0001:0000231c       __scrt_initialize_crt      000000018000331c f   LIBCMT:utility.obj
 0001:00002368       __scrt_initialize_onexit_tables 0000000180003368 f   LIBCMT:utility.obj
 0001:00002448       __scrt_is_nonwritable_in_current_image 0000000180003448 f   LIBCMT:utility.obj
 0001:000024e4       __scrt_release_startup_lock 00000001800034e4 f   LIBCMT:utility.obj
 0001:00002508       __scrt_uninitialize_crt    0000000180003508 f   LIBCMT:utility.obj
 0001:00002534       __scrt_get_dyn_tls_init_callback 0000000180003534 f   LIBCMT:dyn_tls_init.obj
 0001:0000253c       __crt_debugger_hook        000000018000353c f   LIBCMT:utility_desktop.obj
 0001:00002544       __scrt_fastfail            0000000180003544 f   LIBCMT:utility_desktop.obj
 0001:00002690       _RTC_Initialize            0000000180003690 f   LIBCMT:_initsect_.obj
 0001:000026dc       _RTC_Terminate             00000001800036dc f   LIBCMT:_initsect_.obj
 0001:00002728       _guard_check_icall         0000000180003728 f i LIBCMT:checkcfg.obj
 0001:00002730       __isa_available_init       0000000180003730 f   LIBCMT:_cpu_disp_.obj
 0001:000028ec       __scrt_is_ucrt_dll_in_use  00000001800038ec f   LIBCMT:ucrt_detection.obj
 0001:00002900       wcschr                     0000000180003900 f   libvcruntime:wcschr.obj
 0001:00002994       wcsrchr                    0000000180003994 f   libvcruntime:wcsrchr.obj
 0001:00002a44       __C_specific_handler       0000000180003a44 f   libvcruntime:_riscchandler_.obj
 0001:00002c40       __std_type_info_destroy_list 0000000180003c40 f   libvcruntime:std_type_info.obj
 0001:00002c6c       __vcrt_initialize          0000000180003c6c f   libvcruntime:initialization.obj
 0001:00002ca0       __vcrt_thread_attach       0000000180003ca0 f   libvcruntime:initialization.obj
 0001:00002cb4       __vcrt_thread_detach       0000000180003cb4 f   libvcruntime:initialization.obj
 0001:00002cc8       __vcrt_uninitialize        0000000180003cc8 f   libvcruntime:initialization.obj
 0001:00002ce8       __vcrt_uninitialize_critical 0000000180003ce8 f   libvcruntime:initialization.obj
 0001:00002d10       memset                     0000000180003d10 f   libvcruntime:memset.obj
 0001:00002ed0       _local_unwind              0000000180003ed0 f   libvcruntime:_jmpuwind_.obj
 0001:00002f00       _NLG_Notify                0000000180003f00 f   libvcruntime:_jmpuwind_.obj
 0001:00002f20       __NLG_Dispatch2            0000000180003f20 f   libvcruntime:_jmpuwind_.obj
 0001:00002f30       __NLG_Return2              0000000180003f30 f   libvcruntime:_jmpuwind_.obj
 0001:00002f34       __except_validate_context_record 0000000180003f34 f   libvcruntime:jbcxrval.obj
 0001:00002f6c       __vcrt_freefls             0000000180003f6c f   libvcruntime:per_thread_data.obj
 0001:00002f8c       __vcrt_freeptd             0000000180003f8c f   libvcruntime:per_thread_data.obj
 0001:00002fdc       __vcrt_getptd_noexit       0000000180003fdc f   libvcruntime:per_thread_data.obj
 0001:00003094       __vcrt_initialize_ptd      0000000180004094 f   libvcruntime:per_thread_data.obj
 0001:000030d4       __vcrt_uninitialize_ptd    00000001800040d4 f   libvcruntime:per_thread_data.obj
 0001:000030f8       __vcrt_initialize_locks    00000001800040f8 f   libvcruntime:locks.obj
 0001:00003140       __vcrt_uninitialize_locks  0000000180004140 f   libvcruntime:locks.obj
 0001:00003350       __vcrt_FlsAlloc            0000000180004350 f   libvcruntime:winapi_downlevel.obj
 0001:000033a4       __vcrt_FlsFree             00000001800043a4 f   libvcruntime:winapi_downlevel.obj
 0001:000033f8       __vcrt_FlsGetValue         00000001800043f8 f   libvcruntime:winapi_downlevel.obj
 0001:0000344c       __vcrt_FlsSetValue         000000018000444c f   libvcruntime:winapi_downlevel.obj
 0001:000034b4       __vcrt_InitializeCriticalSectionEx 00000001800044b4 f   libvcruntime:winapi_downlevel.obj
 0001:0000352c       __vcrt_initialize_winapi_thunks 000000018000452c f   libvcruntime:winapi_downlevel.obj
 0001:00003570       __vcrt_uninitialize_winapi_thunks 0000000180004570 f   libvcruntime:winapi_downlevel.obj
 0001:000035b0       __vcrt_initialize_pure_virtual_call_handler 00000001800045b0 f   libvcruntime:purevirt_data.obj
 0001:000035d4       _initterm                  00000001800045d4 f   libucrt:initterm.obj
 0001:0000364c       _initterm_e                000000018000464c f   libucrt:initterm.obj
 0001:00003698       _seh_filter_dll            0000000180004698 f   libucrt:exception_filter.obj
 0001:000036ac       _seh_filter_exe            00000001800046ac f   libucrt:exception_filter.obj
 0001:00003a6c       __acrt_initialize_thread_local_exit_callback 0000000180004a6c f   libucrt:exit.obj
 0001:00003a74       _cexit                     0000000180004a74 f   libucrt:exit.obj
 0001:00003a84       _exit                      0000000180004a84 f   libucrt:exit.obj
 0001:00003a90       _is_c_termination_complete 0000000180004a90 f   libucrt:exit.obj
 0001:00003c54       __acrt_allocate_buffer_for_argv 0000000180004c54 f   libucrt:argv_parsing.obj
 0001:00003cb8       _configure_narrow_argv     0000000180004cb8 f   libucrt:argv_parsing.obj
 0001:00004014       __dcrt_uninitialize_environments_nolock 0000000180005014 f   libucrt:environment_initialization.obj
 0001:0000404c       _initialize_narrow_environment 000000018000504c f   libucrt:environment_initialization.obj
 0001:00004054       ??$?RV<lambda_e24bbb7b643b32fcea6fa61b31d4c984>@@AEAV<lambda_275893d493268fdec8709772e3fcec0e>@@V<lambda_9d71df4d7cf3f480f8d633942495c3b0>@@@?$__crt_seh_guarded_call@H@@QEAAH$$QEAV<lambda_e24bbb7b643b32fcea6fa61b31d4c984>@@AEAV<lambda_275893d493268fdec8709772e3fcec0e>@@$$QEAV<lambda_9d71df4d7cf3f480f8d633942495c3b0>@@@Z 0000000180005054 f i libucrt:onexit.obj
 0001:000041f4       _execute_onexit_table      00000001800051f4 f   libucrt:onexit.obj
 0001:00004230       _initialize_onexit_table   0000000180005230 f   libucrt:onexit.obj
 0001:000042b8       __acrt_uninitialize_command_line 00000001800052b8 f   libucrt:argv_data.obj
 0001:000043a8       __acrt_initialize          00000001800053a8 f   libucrt:initialization.obj
 0001:000043bc       __acrt_thread_attach       00000001800053bc f   libucrt:initialization.obj
 0001:000043d0       __acrt_thread_detach       00000001800053d0 f   libucrt:initialization.obj
 0001:000043e0       __acrt_uninitialize        00000001800053e0 f   libucrt:initialization.obj
 0001:000043f4       __acrt_uninitialize_critical 00000001800053f4 f   libucrt:initialization.obj
 0001:00004404       terminate                  0000000180005404 f   libucrt:terminate.obj
 0001:0000442c       _free_base                 000000018000542c f   libucrt:free_base.obj
 0001:0000446c       _malloc_base               000000018000546c f   libucrt:malloc_base.obj
 0001:000044cc       strcpy_s                   00000001800054cc f   libucrt:strcpy_s.obj
 0001:0000452c       ??0_LocaleUpdate@@QEAA@QEAU__crt_locale_pointers@@@Z 000000018000552c f i libucrt:output.obj
 0001:000045bc       abort                      00000001800055bc f   libucrt:abort.obj
 0001:00004614       _calloc_base               0000000180005614 f   libucrt:calloc_base.obj
 0001:0000468c       wcsncmp                    000000018000568c f   libucrt:wcsncmp.obj
 0001:000046b8       ??$?RV<lambda_46352004c1216016012b18bd6f87e700>@@AEAV<lambda_3bd07e1a1191394380780325891bf33f>@@V<lambda_334532d3f185bcaa59b5be82d7d22bff>@@@?$__crt_seh_guarded_call@X@@QEAAX$$QEAV<lambda_46352004c1216016012b18bd6f87e700>@@AEAV<lambda_3bd07e1a1191394380780325891bf33f>@@$$QEAV<lambda_334532d3f185bcaa59b5be82d7d22bff>@@@Z 00000001800056b8 f i libucrt:per_thread_data.obj
 0001:00004718       ??$?RV<lambda_5e887d1dcbef67a5eb4283622ba103bf>@@AEAV<lambda_4466841279450cc726390878d4a41900>@@V<lambda_341c25c0346d94847f1f3c463c57e077>@@@?$__crt_seh_guarded_call@X@@QEAAX$$QEAV<lambda_5e887d1dcbef67a5eb4283622ba103bf>@@AEAV<lambda_4466841279450cc726390878d4a41900>@@$$QEAV<lambda_341c25c0346d94847f1f3c463c57e077>@@@Z 0000000180005718 f i libucrt:per_thread_data.obj
 0001:00004760       ??$?RV<lambda_72d1df2b273a38828b1ce30cbf4cdab5>@@AEAV<lambda_876a65b173b8412d3a47c70a915b0cf4>@@V<lambda_41932305e351933ebe8f8be3ed8bb5dc>@@@?$__crt_seh_guarded_call@X@@QEAAX$$QEAV<lambda_72d1df2b273a38828b1ce30cbf4cdab5>@@AEAV<lambda_876a65b173b8412d3a47c70a915b0cf4>@@$$QEAV<lambda_41932305e351933ebe8f8be3ed8bb5dc>@@@Z 0000000180005760 f i libucrt:per_thread_data.obj
 0001:000047a0       ??$?RV<lambda_fb3a7dec4e47f37f22dae91bb15c9095>@@AEAV<lambda_698284760c8add0bfb0756c19673e34b>@@V<lambda_dfb8eca1e75fef3034a8fb18dd509707>@@@?$__crt_seh_guarded_call@X@@QEAAX$$QEAV<lambda_fb3a7dec4e47f37f22dae91bb15c9095>@@AEAV<lambda_698284760c8add0bfb0756c19673e34b>@@$$QEAV<lambda_dfb8eca1e75fef3034a8fb18dd509707>@@@Z 00000001800057a0 f i libucrt:per_thread_data.obj
 0001:00004a30       __acrt_freeptd             0000000180005a30 f   libucrt:per_thread_data.obj
 0001:00004a74       __acrt_getptd              0000000180005a74 f   libucrt:per_thread_data.obj
 0001:00004b08       __acrt_getptd_noexit       0000000180005b08 f   libucrt:per_thread_data.obj
 0001:00004ba8       __acrt_initialize_ptd      0000000180005ba8 f   libucrt:per_thread_data.obj
 0001:00004be4       __acrt_uninitialize_ptd    0000000180005be4 f   libucrt:per_thread_data.obj
 0001:00004c08       __acrt_initialize_locks    0000000180005c08 f   libucrt:locks.obj
 0001:00004c50       __acrt_lock                0000000180005c50 f   libucrt:locks.obj
 0001:00004c6c       __acrt_uninitialize_locks  0000000180005c6c f   libucrt:locks.obj
 0001:00004ca4       __acrt_unlock              0000000180005ca4 f   libucrt:locks.obj
 0001:00004e60       __acrt_FlsAlloc            0000000180005e60 f   libucrt:winapi_thunks.obj
 0001:00004eb8       __acrt_FlsFree             0000000180005eb8 f   libucrt:winapi_thunks.obj
 0001:00004f10       __acrt_FlsGetValue         0000000180005f10 f   libucrt:winapi_thunks.obj
 0001:00004f68       __acrt_FlsSetValue         0000000180005f68 f   libucrt:winapi_thunks.obj
 0001:00004fd0       __acrt_InitializeCriticalSectionEx 0000000180005fd0 f   libucrt:winapi_thunks.obj
 0001:00005048       __acrt_LCMapStringEx       0000000180006048 f   libucrt:winapi_thunks.obj
 0001:00005138       __acrt_LocaleNameToLCID    0000000180006138 f   libucrt:winapi_thunks.obj
 0001:000051a0       __acrt_initialize_winapi_thunks 00000001800061a0 f   libucrt:winapi_thunks.obj
 0001:000051d8       __acrt_is_packaged_app     00000001800061d8 f   libucrt:winapi_thunks.obj
 0001:00005260       __acrt_uninitialize_winapi_thunks 0000000180006260 f   libucrt:winapi_thunks.obj
 0001:000052a4       __acrt_call_reportfault    00000001800062a4 f   libucrt:invalid_parameter.obj
 0001:00005400       __acrt_initialize_invalid_parameter_handler 0000000180006400 f   libucrt:invalid_parameter.obj
 0001:00005408       _invalid_parameter         0000000180006408 f   libucrt:invalid_parameter.obj
 0001:000054b0       _invalid_parameter_noinfo  00000001800064b0 f   libucrt:invalid_parameter.obj
 0001:000054d0       _invoke_watson             00000001800064d0 f   libucrt:invalid_parameter.obj
 0001:00005518       __acrt_errno_from_os_error 0000000180006518 f   libucrt:errno.obj
 0001:00005560       __acrt_errno_map_os_error  0000000180006560 f   libucrt:errno.obj
 0001:000055b0       __doserrno                 00000001800065b0 f   libucrt:errno.obj
 0001:000055d0       _errno                     00000001800065d0 f   libucrt:errno.obj
 0001:00005acc       ?expand_if_necessary@?$argument_list@D@?A0xca0879c4@@AEAAHXZ 0000000180006acc f i libucrt:argv_wildcards.obj
 0001:00005b94       __acrt_expand_narrow_argv_wildcards 0000000180006b94 f   libucrt:argv_wildcards.obj
 0001:00005b9c       ??$?RV<lambda_99476a1ad63dd22509b5d3e65b0ffc95>@@AEAV<lambda_ad1ced32f4ac17aa236e5ef05d6b3b7c>@@V<lambda_f7424dd8d45958661754dc4f2697e9c3>@@@?$__crt_seh_guarded_call@X@@QEAAX$$QEAV<lambda_99476a1ad63dd22509b5d3e65b0ffc95>@@AEAV<lambda_ad1ced32f4ac17aa236e5ef05d6b3b7c>@@$$QEAV<lambda_f7424dd8d45958661754dc4f2697e9c3>@@@Z 0000000180006b9c f i libucrt:mbctype.obj
 0001:00006298       __acrt_initialize_multibyte 0000000180007298 f   libucrt:mbctype.obj
 0001:000062c0       __acrt_update_thread_multibyte_data 00000001800072c0 f   libucrt:mbctype.obj
 0001:00006380       _setmbcp_nolock            0000000180007380 f   libucrt:mbctype.obj
 0001:000066a0       _ismbblead                 00000001800076a0 f   libucrt:ismbbyte.obj
 0001:000066b4       __acrt_initialize_command_line 00000001800076b4 f   libucrt:argv_data.obj
 0001:000066dc       __dcrt_get_narrow_environment_from_os 00000001800076dc f   libucrt:get_environment_from_os.obj
 0001:000067e0       _recalloc                  00000001800077e0 f   libucrt:recalloc.obj
 0001:000067e8       _recalloc_base             00000001800077e8 f   libucrt:recalloc.obj
 0001:00006880       __acrt_initialize_heap     0000000180007880 f   libucrt:heap_handle.obj
 0001:0000689c       __acrt_uninitialize_heap   000000018000789c f   libucrt:heap_handle.obj
 0001:00006a90       __acrt_initialize_lowio    0000000180007a90 f   libucrt:ioinit.obj
 0001:00006acc       __acrt_uninitialize_lowio  0000000180007acc f   libucrt:ioinit.obj
 0001:00006b0c       __acrt_execute_initializers 0000000180007b0c f   libucrt:shared_initialization.obj
 0001:00006ba0       __acrt_execute_uninitializers 0000000180007ba0 f   libucrt:shared_initialization.obj
 0001:00006bf0       __acrt_initialize_new_handler 0000000180007bf0 f   libucrt:new_handler.obj
 0001:00006bf8       _callnewh                  0000000180007bf8 f   libucrt:new_handler.obj
 0001:00006c38       _query_new_handler         0000000180007c38 f   libucrt:new_handler.obj
 0001:00006c6c       ??$?RV<lambda_c36588078e9f5dfd39652860aa6b3aaf>@@AEAV<lambda_ec61778202f4f5fc7e7711acc23c3bca>@@V<lambda_dc9d2797ccde5d239b4a0efae8ebd7db>@@@?$__crt_seh_guarded_call@P6AXH@Z@@QEAAP6AXH@Z$$QEAV<lambda_c36588078e9f5dfd39652860aa6b3aaf>@@AEAV<lambda_ec61778202f4f5fc7e7711acc23c3bca>@@$$QEAV<lambda_dc9d2797ccde5d239b4a0efae8ebd7db>@@@Z 0000000180007c6c f i libucrt:signal.obj
 0001:00006cb4       __acrt_get_sigabrt_handler 0000000180007cb4 f   libucrt:signal.obj
 0001:00006ce4       __acrt_initialize_signal_handlers 0000000180007ce4 f   libucrt:signal.obj
 0001:00006d04       raise                      0000000180007d04 f   libucrt:signal.obj
 0001:00006fa0       __acrt_has_user_matherr    0000000180007fa0 f   libucrt:matherr.obj
 0001:00006fc0       __acrt_initialize_user_matherr 0000000180007fc0 f   libucrt:matherr.obj
 0001:00006fc8       __acrt_invoke_user_matherr 0000000180007fc8 f   libucrt:matherr.obj
 0001:00007010       _query_new_mode            0000000180008010 f   libucrt:new_mode.obj
 0001:00007018       _mbtowc_l                  0000000180008018 f   libucrt:mbtowc.obj
 0001:00007160       mbtowc                     0000000180008160 f   libucrt:mbtowc.obj
 0001:00007168       __acrt_update_locale_info  0000000180008168 f   libucrt:locale_update.obj
 0001:0000719c       __acrt_update_multibyte_info 000000018000819c f   libucrt:locale_update.obj
 0001:000071d0       _fileno                    00000001800081d0 f   libucrt:fileno.obj
 0001:000071f8       __acrt_initialize_stdio    00000001800081f8 f   libucrt:_file.obj
 0001:00007318       __acrt_uninitialize_stdio  0000000180008318 f   libucrt:_file.obj
 0001:00007374       _lock_file                 0000000180008374 f   libucrt:_file.obj
 0001:00007380       _unlock_file               0000000180008380 f   libucrt:_file.obj
 0001:0000738c       __acrt_set_locale_changed  000000018000838c f   libucrt:wsetlocale.obj
 0001:00007398       __acrt_uninitialize_locale 0000000180008398 f   libucrt:wsetlocale.obj
 0001:000073e0       __pctype_func              00000001800083e0 f   libucrt:ctype.obj
 0001:00007410       __acrt_add_locale_ref      0000000180008410 f   libucrt:locale_refcounting.obj
 0001:0000749c       __acrt_free_locale         000000018000849c f   libucrt:locale_refcounting.obj
 0001:00007614       __acrt_locale_add_lc_time_reference 0000000180008614 f   libucrt:locale_refcounting.obj
 0001:0000763c       __acrt_locale_free_lc_time_if_unreferenced 000000018000863c f   libucrt:locale_refcounting.obj
 0001:00007674       __acrt_locale_release_lc_time_reference 0000000180008674 f   libucrt:locale_refcounting.obj
 0001:0000769c       __acrt_release_locale_ref  000000018000869c f   libucrt:locale_refcounting.obj
 0001:00007744       __acrt_update_thread_locale_data 0000000180008744 f   libucrt:locale_refcounting.obj
 0001:000077b4       _updatetlocinfoEx_nolock   00000001800087b4 f   libucrt:locale_refcounting.obj
 0001:000078e4       __acrt_DownlevelLocaleNameToLCID 00000001800088e4 f   libucrt:lcidtoname_downlevel.obj
 0001:000079f0       qsort                      00000001800089f0 f   libucrt:qsort.obj
 0001:00007d24       strncpy_s                  0000000180008d24 f   libucrt:strncpy_s.obj
 0001:00007df8       strpbrk                    0000000180008df8 f   libucrt:strpbrk.obj
 0001:00007e98       _mbsdec                    0000000180008e98 f   libucrt:mbsdec.obj
 0001:00007ea0       _mbsdec_l                  0000000180008ea0 f   libucrt:mbsdec.obj
 0001:00007f50       __acrt_GetStringTypeA      0000000180008f50 f   libucrt:getstringtypea.obj
 0001:00008460       __acrt_LCMapStringA        0000000180009460 f   libucrt:lcmapstringa.obj
 0001:000084f8       _msize                     00000001800094f8 f   libucrt:msize.obj
 0001:00008534       _realloc_base              0000000180009534 f   libucrt:realloc_base.obj
 0001:000085b8       __acrt_lowio_create_handle_array 00000001800095b8 f   libucrt:osfinfo.obj
 0001:00008650       __acrt_lowio_destroy_handle_array 0000000180009650 f   libucrt:osfinfo.obj
 0001:000086a0       __acrt_lowio_ensure_fh_exists 00000001800096a0 f   libucrt:osfinfo.obj
 0001:00008758       __acrt_lowio_lock_fh       0000000180009758 f   libucrt:osfinfo.obj
 0001:0000877c       __acrt_lowio_unlock_fh     000000018000977c f   libucrt:osfinfo.obj
 0001:000087a0       _free_osfhnd               00000001800097a0 f   libucrt:osfinfo.obj
 0001:0000885c       _get_osfhandle             000000018000985c f   libucrt:osfinfo.obj
 0001:000088d4       _isatty                    00000001800098d4 f   libucrt:isatty.obj
 0001:00008934       __acrt_stdio_flush_nolock  0000000180009934 f   libucrt:fflush.obj
 0001:000089ac       _fflush_nolock             00000001800099ac f   libucrt:fflush.obj
 0001:000089f8       _flushall                  00000001800099f8 f   libucrt:fflush.obj
 0001:00008ae8       _isleadbyte_l              0000000180009ae8 f i libucrt:_wctype.obj
 0001:00008b28       _fcloseall                 0000000180009b28 f   libucrt:closeall.obj
 0001:00008bdc       __acrt_stdio_free_buffer_nolock 0000000180009bdc f   libucrt:_freebuf.obj
 0001:00008c1c       __acrt_locale_free_monetary 0000000180009c1c f   libucrt:initmon.obj
 0001:00008d28       __acrt_locale_free_numeric 0000000180009d28 f   libucrt:initnum.obj
 0001:00008dec       __acrt_locale_free_time    0000000180009dec f   libucrt:inittime.obj
 0001:00008ef4       __strncnt                  0000000180009ef4 f   libucrt:strncnt.obj
 0001:00008f0c       _query_app_type            0000000180009f0c f   libucrt:report_runtime_error.obj
 0001:00008f14       ??$?RV<lambda_b521505b218e5242e90febf6bfebc422>@@AEAV<lambda_6978c1fb23f02e42e1d9e99668cc68aa>@@V<lambda_314360699dd331753a4119843814e9a7>@@@?$__crt_seh_guarded_call@H@@QEAAH$$QEAV<lambda_b521505b218e5242e90febf6bfebc422>@@AEAV<lambda_6978c1fb23f02e42e1d9e99668cc68aa>@@$$QEAV<lambda_314360699dd331753a4119843814e9a7>@@@Z 0000000180009f14 f i libucrt:commit.obj
 0001:00008fa0       _commit                    0000000180009fa0 f   libucrt:commit.obj
 0001:000095d4       _write                     000000018000a5d4 f   libucrt:write.obj
 0001:000096c0       _write_nolock              000000018000a6c0 f   libucrt:write.obj
 0001:000099b0       log10                      000000018000a9b0 f   libucrt:log10.obj
 0001:00009ff8       _lseeki64_nolock           000000018000aff8 f   libucrt:lseek.obj
 0001:0000a000       _fclose_nolock             000000018000b000 f   libucrt:fclose.obj
 0001:0000a084       fclose                     000000018000b084 f   libucrt:fclose.obj
 0001:0000a0f0       _putwch_nolock             000000018000b0f0 f   libucrt:putwch.obj
 0001:0000a270       _handle_error              000000018000b270 f   libucrt:libm_error.obj
 0001:0000a3a0       __acrt_initialize_fma3     000000018000b3a0 f   libucrt:fma3_available.obj
 0001:0000a410       _log10_special             000000018000b410 f   libucrt:log_special.obj
 0001:0000a4c8       ??$?RV<lambda_bfedae4ebbf01fab1bb6dcc6a9e276e0>@@AEAV<lambda_2fe9b910cf3cbf4a0ab98a02ba45b3ec>@@V<lambda_237c231691f317818eb88cc1d5d642d6>@@@?$__crt_seh_guarded_call@H@@QEAAH$$QEAV<lambda_bfedae4ebbf01fab1bb6dcc6a9e276e0>@@AEAV<lambda_2fe9b910cf3cbf4a0ab98a02ba45b3ec>@@$$QEAV<lambda_237c231691f317818eb88cc1d5d642d6>@@@Z 000000018000b4c8 f i libucrt:close.obj
 0001:0000a53c       _close                     000000018000b53c f   libucrt:close.obj
 0001:0000a5e0       _close_nolock              000000018000b5e0 f   libucrt:close.obj
 0001:0000a69c       ?__acrt_stdio_free_stream@@YAXV__crt_stdio_stream@@@Z 000000018000b69c f   libucrt:stream.obj
 0001:0000a6e0       __dcrt_lowio_initialize_console_output 000000018000b6e0 f   libucrt:initcon.obj
 0001:0000a71c       __dcrt_terminate_console_output 000000018000b71c f   libucrt:initcon.obj
 0001:0000a750       _get_fpsr                  000000018000b750 f   libucrt:fpsr.obj
 0001:0000a760       _set_fpsr                  000000018000b760 f   libucrt:fpsr.obj
 0001:0000a76a       _fclrf                     000000018000b76a f   libucrt:fpsr.obj
 0001:0000a77e       _frnd                      000000018000b77e f   libucrt:fpsr.obj
 0001:0000a7a0       _raise_exc                 000000018000b7a0 f   libucrt:fpexcept.obj
 0001:0000a7c8       _raise_exc_ex              000000018000b7c8 f   libucrt:fpexcept.obj
 0001:0000aad0       _set_errno_from_matherr    000000018000bad0 f   libucrt:fpexcept.obj
 0001:0000ab00       _clrfp                     000000018000bb00 f   libucrt:fpctrl.obj
 0001:0000ab20       _ctrlfp                    000000018000bb20 f   libucrt:fpctrl.obj
 0001:0000ab9c       _set_statfp                000000018000bb9c f   libucrt:fpctrl.obj
 0001:0000abbc       _statfp                    000000018000bbbc f   libucrt:fpctrl.obj
 0001:0000abcd       IsProcessorFeaturePresent  000000018000bbcd f   kernel32:KERNEL32.dll
 0001:0000abd3       RtlUnwindEx                000000018000bbd3 f   kernel32:KERNEL32.dll
 0001:0000abe0       _FindPESection             000000018000bbe0 f   LIBCMT:pesect.obj
 0001:0000ac30       _IsNonwritableInCurrentImage 000000018000bc30 f   LIBCMT:pesect.obj
 0001:0000ac80       _ValidateImageBase         000000018000bc80 f   LIBCMT:pesect.obj
 0001:0000acc0       _alloca_probe              000000018000bcc0 f   LIBCMT:_chkstk_.obj
 0001:0000acc0       __chkstk                   000000018000bcc0 f   LIBCMT:_chkstk_.obj
 0001:0000ad30       memcpy                     000000018000bd30 f   libvcruntime:memcpy.obj
 0001:0000ad30       memmove                    000000018000bd30 f   libvcruntime:memcpy.obj
 0001:0000b190       memcmp                     000000018000c190 f   libvcruntime:memcmp.obj
 0001:0000b270       _guard_dispatch_icall_nop  000000018000c270 f   LIBCMT:_guard_dispatch_.obj
 0001:0000b290       __guard_ss_verify_failure  000000018000c290 f   LIBCMT:_rfgfailure_.obj
 0001:0000b29b       __guard_ss_verify_failure_rcx 000000018000c29b     LIBCMT:_rfgfailure_.obj
 0001:0000b2a1       __guard_ss_verify_failure_rdx 000000018000c2a1     LIBCMT:_rfgfailure_.obj
 0001:0000b2a7       __guard_ss_verify_failure_r8 000000018000c2a7     LIBCMT:_rfgfailure_.obj
 0001:0000b2ad       __guard_ss_verify_failure_r9 000000018000c2ad     LIBCMT:_rfgfailure_.obj
 0001:0000b2b3       __guard_ss_verify_failure_r10 000000018000c2b3     LIBCMT:_rfgfailure_.obj
 0001:0000b2c0       __guard_ss_verify_failure_default 000000018000c2c0 f   LIBCMT:_rfgfailure_.obj
 0001:0000b320       __guard_ss_verify_sp       000000018000c320 f   LIBCMT:_rfgfailure_.obj
 0001:0000b330       __guard_ss_verify_sp_default 000000018000c330 f   LIBCMT:_rfgfailure_.obj
 0002:00000000       __imp_HeapAlloc            000000018000d000     kernel32:KERNEL32.dll
 0002:00000008       __imp_HeapFree             000000018000d008     kernel32:KERNEL32.dll
 0002:00000010       __imp_GetProcessHeap       000000018000d010     kernel32:KERNEL32.dll
 0002:00000018       __imp_lstrcmpA             000000018000d018     kernel32:KERNEL32.dll
 0002:00000020       __imp_lstrcmpW             000000018000d020     kernel32:KERNEL32.dll
 0002:00000028       __imp_lstrcmpiA            000000018000d028     kernel32:KERNEL32.dll
 0002:00000030       __imp_lstrcmpiW            000000018000d030     kernel32:KERNEL32.dll
 0002:00000038       __imp_lstrcpynW            000000018000d038     kernel32:KERNEL32.dll
 0002:00000040       __imp_lstrcpyW             000000018000d040     kernel32:KERNEL32.dll
 0002:00000048       __imp_lstrcatW             000000018000d048     kernel32:KERNEL32.dll
 0002:00000050       __imp_lstrlenW             000000018000d050     kernel32:KERNEL32.dll
 0002:00000058       __imp_MultiByteToWideChar  000000018000d058     kernel32:KERNEL32.dll
 0002:00000060       __imp_CreateFileW          000000018000d060     kernel32:KERNEL32.dll
 0002:00000068       __imp_WriteConsoleW        000000018000d068     kernel32:KERNEL32.dll
 0002:00000070       __imp_HeapCreate           000000018000d070     kernel32:KERNEL32.dll
 0002:00000078       __imp_HeapDestroy          000000018000d078     kernel32:KERNEL32.dll
 0002:00000080       __imp_HeapReAlloc          000000018000d080     kernel32:KERNEL32.dll
 0002:00000088       __imp_HeapSize             000000018000d088     kernel32:KERNEL32.dll
 0002:00000090       __imp_GetCurrentThreadId   000000018000d090     kernel32:KERNEL32.dll
 0002:00000098       __imp_RtlCaptureContext    000000018000d098     kernel32:KERNEL32.dll
 0002:000000a0       __imp_RtlLookupFunctionEntry 000000018000d0a0     kernel32:KERNEL32.dll
 0002:000000a8       __imp_RtlVirtualUnwind     000000018000d0a8     kernel32:KERNEL32.dll
 0002:000000b0       __imp_UnhandledExceptionFilter 000000018000d0b0     kernel32:KERNEL32.dll
 0002:000000b8       __imp_SetUnhandledExceptionFilter 000000018000d0b8     kernel32:KERNEL32.dll
 0002:000000c0       __imp_GetCurrentProcess    000000018000d0c0     kernel32:KERNEL32.dll
 0002:000000c8       __imp_TerminateProcess     000000018000d0c8     kernel32:KERNEL32.dll
 0002:000000d0       __imp_IsProcessorFeaturePresent 000000018000d0d0     kernel32:KERNEL32.dll
 0002:000000d8       __imp_QueryPerformanceCounter 000000018000d0d8     kernel32:KERNEL32.dll
 0002:000000e0       __imp_GetCurrentProcessId  000000018000d0e0     kernel32:KERNEL32.dll
 0002:000000e8       __imp_GetSystemTimeAsFileTime 000000018000d0e8     kernel32:KERNEL32.dll
 0002:000000f0       __imp_InitializeSListHead  000000018000d0f0     kernel32:KERNEL32.dll
 0002:000000f8       __imp_IsDebuggerPresent    000000018000d0f8     kernel32:KERNEL32.dll
 0002:00000100       __imp_GetStartupInfoW      000000018000d100     kernel32:KERNEL32.dll
 0002:00000108       __imp_GetModuleHandleW     000000018000d108     kernel32:KERNEL32.dll
 0002:00000110       __imp_RtlUnwindEx          000000018000d110     kernel32:KERNEL32.dll
 0002:00000118       __imp_InterlockedFlushSList 000000018000d118     kernel32:KERNEL32.dll
 0002:00000120       __imp_GetLastError         000000018000d120     kernel32:KERNEL32.dll
 0002:00000128       __imp_SetLastError         000000018000d128     kernel32:KERNEL32.dll
 0002:00000130       __imp_EnterCriticalSection 000000018000d130     kernel32:KERNEL32.dll
 0002:00000138       __imp_LeaveCriticalSection 000000018000d138     kernel32:KERNEL32.dll
 0002:00000140       __imp_DeleteCriticalSection 000000018000d140     kernel32:KERNEL32.dll
 0002:00000148       __imp_InitializeCriticalSectionAndSpinCount 000000018000d148     kernel32:KERNEL32.dll
 0002:00000150       __imp_TlsAlloc             000000018000d150     kernel32:KERNEL32.dll
 0002:00000158       __imp_TlsGetValue          000000018000d158     kernel32:KERNEL32.dll
 0002:00000160       __imp_TlsSetValue          000000018000d160     kernel32:KERNEL32.dll
 0002:00000168       __imp_TlsFree              000000018000d168     kernel32:KERNEL32.dll
 0002:00000170       __imp_FreeLibrary          000000018000d170     kernel32:KERNEL32.dll
 0002:00000178       __imp_GetProcAddress       000000018000d178     kernel32:KERNEL32.dll
 0002:00000180       __imp_LoadLibraryExW       000000018000d180     kernel32:KERNEL32.dll
 0002:00000188       __imp_ExitProcess          000000018000d188     kernel32:KERNEL32.dll
 0002:00000190       __imp_GetModuleHandleExW   000000018000d190     kernel32:KERNEL32.dll
 0002:00000198       __imp_GetModuleFileNameA   000000018000d198     kernel32:KERNEL32.dll
 0002:000001a0       __imp_WideCharToMultiByte  000000018000d1a0     kernel32:KERNEL32.dll
 0002:000001a8       __imp_LCMapStringW         000000018000d1a8     kernel32:KERNEL32.dll
 0002:000001b0       __imp_FindClose            000000018000d1b0     kernel32:KERNEL32.dll
 0002:000001b8       __imp_FindFirstFileExA     000000018000d1b8     kernel32:KERNEL32.dll
 0002:000001c0       __imp_FindNextFileA        000000018000d1c0     kernel32:KERNEL32.dll
 0002:000001c8       __imp_IsValidCodePage      000000018000d1c8     kernel32:KERNEL32.dll
 0002:000001d0       __imp_GetACP               000000018000d1d0     kernel32:KERNEL32.dll
 0002:000001d8       __imp_GetOEMCP             000000018000d1d8     kernel32:KERNEL32.dll
 0002:000001e0       __imp_GetCPInfo            000000018000d1e0     kernel32:KERNEL32.dll
 0002:000001e8       __imp_GetCommandLineA      000000018000d1e8     kernel32:KERNEL32.dll
 0002:000001f0       __imp_GetCommandLineW      000000018000d1f0     kernel32:KERNEL32.dll
 0002:000001f8       __imp_GetEnvironmentStringsW 000000018000d1f8     kernel32:KERNEL32.dll
 0002:00000200       __imp_FreeEnvironmentStringsW 000000018000d200     kernel32:KERNEL32.dll
 0002:00000208       __imp_GetStdHandle         000000018000d208     kernel32:KERNEL32.dll
 0002:00000210       __imp_GetFileType          000000018000d210     kernel32:KERNEL32.dll
 0002:00000218       __imp_GetStringTypeW       000000018000d218     kernel32:KERNEL32.dll
 0002:00000220       __imp_SetStdHandle         000000018000d220     kernel32:KERNEL32.dll
 0002:00000228       __imp_WriteFile            000000018000d228     kernel32:KERNEL32.dll
 0002:00000230       __imp_FlushFileBuffers     000000018000d230     kernel32:KERNEL32.dll
 0002:00000238       __imp_GetConsoleCP         000000018000d238     kernel32:KERNEL32.dll
 0002:00000240       __imp_GetConsoleMode       000000018000d240     kernel32:KERNEL32.dll
 0002:00000248       __imp_SetFilePointerEx     000000018000d248     kernel32:KERNEL32.dll
 0002:00000250       __imp_CloseHandle          000000018000d250     kernel32:KERNEL32.dll
 0002:00000258       __imp_RaiseException       000000018000d258     kernel32:KERNEL32.dll
 0002:00000260       \177KERNEL32_NULL_THUNK_DATA 000000018000d260     kernel32:KERNEL32.dll
 0002:00000268       __imp_wsprintfW            000000018000d268     user32:USER32.dll
 0002:00000270       \177USER32_NULL_THUNK_DATA 000000018000d270     user32:USER32.dll
 0002:00000278       __guard_check_icall_fptr   000000018000d278     LIBCMT:guard_support.obj
 0002:00000280       __guard_dispatch_icall_fptr 000000018000d280     LIBCMT:guard_support.obj
 0002:00000288       __guard_ss_verify_failure_fptr 000000018000d288     LIBCMT:guard_support.obj
 0002:00000290       __guard_ss_verify_sp_fptr  000000018000d290     LIBCMT:guard_support.obj
 0002:00000298       __xc_a                     000000018000d298     LIBCMT:initializers.obj
 0002:000002a0       __xc_z                     000000018000d2a0     LIBCMT:initializers.obj
 0002:000002a8       __xi_a                     000000018000d2a8     LIBCMT:initializers.obj
 0002:000002b0       __acrt_multibyte_initializer 000000018000d2b0     libucrt:multibyte_initializer.obj
 0002:000002b8       __acrt_stdio_initializer   000000018000d2b8     libucrt:stdio_initializer.obj
 0002:000002c0       __acrt_tran_fma3_initializer 000000018000d2c0     libucrt:fma3_initializer.obj
 0002:000002c8       __xi_z                     000000018000d2c8     LIBCMT:initializers.obj
 0002:000002d0       __xp_a                     000000018000d2d0     LIBCMT:initializers.obj
 0002:000002d8       __acrt_locale_terminator   000000018000d2d8     libucrt:locale_initializer.obj
 0002:000002e0       __dcrt_console_output_terminator 000000018000d2e0     libucrt:console_output_initializer.obj
 0002:000002e8       __acrt_stdio_terminator    000000018000d2e8     libucrt:stdio_initializer.obj
 0002:000002f0       __xp_z                     000000018000d2f0     LIBCMT:initializers.obj
 0002:000002f8       __xt_a                     000000018000d2f8     LIBCMT:initializers.obj
 0002:00000300       __xt_z                     000000018000d300     LIBCMT:initializers.obj
 0002:00000310       ??_C@_1BI@KONPHAJJ@?$AA?$CF?$AAi?$AA?4?$AA?$CF?$AAi?$AA?4?$AA?$CF?$AAi?$AA?4?$AA?$CF?$AAi?$AA?$AA@ 000000018000d310     pe.obj
 0002:00000328       ??_C@_1BC@JDEOJIFO@?$AA?$CF?$AAi?$AA?4?$AA?$CF?$AAi?$AA?4?$AA?$CF?$AAi?$AA?$AA@ 000000018000d328     pe.obj
 0002:00000340       ??_C@_1M@NEPJOGKK@?$AA?$CF?$AAi?$AA?4?$AA?$CF?$AAi?$AA?$AA@ 000000018000d340     pe.obj
 0002:00000350       ??_C@_1BO@IJOOPNFP@?$AA?$CF?$AAi?$AA?0?$AA?5?$AA?$CF?$AAi?$AA?0?$AA?5?$AA?$CF?$AAi?$AA?0?$AA?5?$AA?$CF?$AAi?$AA?$AA@ 000000018000d350     pe.obj
 0002:00000370       ??_C@_13DIBMAFH@?$AA?$CJ?$AA?$AA@ 000000018000d370     pe.obj
 0002:00000378       ??_C@_1BI@HCCAONKE@?$AAF?$AAi?$AAl?$AAe?$AAV?$AAe?$AAr?$AAs?$AAi?$AAo?$AAn?$AA?$AA@ 000000018000d378     pe.obj
 0002:00000390       ??_C@_1BO@OKEPMKJE@?$AAP?$AAr?$AAo?$AAd?$AAu?$AAc?$AAt?$AAV?$AAe?$AAr?$AAs?$AAi?$AAo?$AAn?$AA?$AA@ 000000018000d390     pe.obj
 0002:000003b0       ??_C@_0M@OBEGHOED@FileVersion?$AA@ 000000018000d3b0     pe.obj
 0002:000003c0       ??_C@_0P@PLANDJKO@ProductVersion?$AA@ 000000018000d3c0     pe.obj
 0002:000003d0       ??_C@_1BO@PBBNDBNF@?$AAS?$AAt?$AAr?$AAi?$AAn?$AAg?$AAF?$AAi?$AAl?$AAe?$AAI?$AAn?$AAf?$AAo?$AA?$AA@ 000000018000d3d0     pe.obj
 0002:000003f0       ??_C@_1BI@LJHFMFCG@?$AAV?$AAa?$AAr?$AAF?$AAi?$AAl?$AAe?$AAI?$AAn?$AAf?$AAo?$AA?$AA@ 000000018000d3f0     pe.obj
 0002:00000408       ??_C@_0P@EMOHHAPL@StringFileInfo?$AA@ 000000018000d408     pe.obj
 0002:00000418       ??_C@_17OGKGJAOJ@?$AA6?$AA4?$AA?5?$AA?$AA@ 000000018000d418     pe.obj
 0002:00000420       ??_C@_17KBKLDIPL@?$AA1?$AA6?$AA?5?$AA?$AA@ 000000018000d420     pe.obj
 0002:00000428       ??_C@_17HIBPHNJA@?$AA3?$AA2?$AA?5?$AA?$AA@ 000000018000d428     pe.obj
 0002:00000430       ??_C@_17HHLBFPBE@?$AAF?$AAa?$AAr?$AA?$AA@ 000000018000d430     pe.obj
 0002:00000438       ??_C@_13FLOCNAAB@?$AA?$CG?$AA?$AA@ 000000018000d438     pe.obj
 0002:0000043c       ??_C@_13JGCMLPCH@?$AA1?$AA?$AA@ 000000018000d43c     pe.obj
 0002:00000440       ??_C@_13IEJJBAMJ@?$AA2?$AA?$AA@ 000000018000d440     pe.obj
 0002:00000444       ??_C@_13DMCFHHKM@?$AA3?$AA?$AA@ 000000018000d444     pe.obj
 0002:00000448       ??_C@_13HOIJIPNN@?$AA?5?$AA?$AA@ 000000018000d448     pe.obj
 0002:00000450       ??_C@_19KIFLGLIH@?$AAU?$AAp?$AAx?$AA?5?$AA?$AA@ 000000018000d450     pe.obj
 0002:00000460       ??_C@_1M@FNNDEIFD@?$AA?4?$AAN?$AAe?$AAt?$AA?5?$AA?$AA@ 000000018000d460     pe.obj
 0002:0000046c       ??_C@_15FFJNNDMJ@?$AA?5?$AA?$FL?$AA?$AA@ 000000018000d46c     pe.obj
 0002:00000474       ??_C@_13OHNMPHJM@?$AA?$FN?$AA?$AA@ 000000018000d474     pe.obj
 0002:00000478       ??_C@_19BHIGINDB@?$AA?4?$AAd?$AAl?$AAl?$AA?$AA@ 000000018000d478     pe.obj
 0002:00000488       ??_C@_0P@JNNILPEA@SetStartupInfo?$AA@ 000000018000d488     pe.obj
 0002:00000498       ??_C@_0BA@IDLLFCLM@SetStartupInfoW?$AA@ 000000018000d498     pe.obj
 0002:000004a8       ??_C@_0P@LBJHCIBL@GetGlobalInfoW?$AA@ 000000018000d4a8     pe.obj
 0002:000004b8       ??_C@_0M@DMAKBKI@OpenPluginW?$AA@ 000000018000d4b8     pe.obj
 0002:000004c8       ??_C@_0BA@PIFPCFJM@OpenFilePluginW?$AA@ 000000018000d4c8     pe.obj
 0002:000004e8       _pRawDllMain               000000018000d4e8     LIBCMT:dll_dllmain.obj
 0002:000004e8       _pDefaultRawDllMain        000000018000d4e8     LIBCMT:dll_dllmain.obj
 0002:00000818       ??_C@_08EHJDFFNH@__based?$CI?$AA@ 000000018000d818     libvcruntime:undname.obj
 0002:00000828       ??_C@_07KOLFKCDI@__cdecl?$AA@ 000000018000d828     libvcruntime:undname.obj
 0002:00000830       ??_C@_08GHMPAG@__pascal?$AA@ 000000018000d830     libvcruntime:undname.obj
 0002:00000840       ??_C@_09IFJBGAPI@__stdcall?$AA@ 000000018000d840     libvcruntime:undname.obj
 0002:00000850       ??_C@_0L@NPHFGOKO@__thiscall?$AA@ 000000018000d850     libvcruntime:undname.obj
 0002:00000860       ??_C@_0L@JMKHOMEK@__fastcall?$AA@ 000000018000d860     libvcruntime:undname.obj
 0002:00000870       ??_C@_0N@BCKKPABJ@__vectorcall?$AA@ 000000018000d870     libvcruntime:undname.obj
 0002:00000880       ??_C@_09HIJEGCPM@__clrcall?$AA@ 000000018000d880     libvcruntime:undname.obj
 0002:0000088c       ??_C@_06GHPCKEAG@__eabi?$AA@ 000000018000d88c     libvcruntime:undname.obj
 0002:00000898       ??_C@_07JOMMBBKO@__ptr64?$AA@ 000000018000d898     libvcruntime:undname.obj
 0002:000008a0       ??_C@_0L@PILCLIHE@__restrict?$AA@ 000000018000d8a0     libvcruntime:undname.obj
 0002:000008b0       ??_C@_0M@GFIIJFMG@__unaligned?$AA@ 000000018000d8b0     libvcruntime:undname.obj
 0002:000008c0       ??_C@_09DHDLOLLB@restrict?$CI?$AA@ 000000018000d8c0     libvcruntime:undname.obj
 0002:000008ca       ??_C@_00CNPNBAHC@?$AA@     000000018000d8ca     libvcruntime:undname.obj
 0002:000008cc       ??_C@_04NIHEBCM@?5new?$AA@ 000000018000d8cc     libvcruntime:undname.obj
 0002:000008d8       ??_C@_07FPCDHGMM@?5delete?$AA@ 000000018000d8d8     libvcruntime:undname.obj
 0002:000008e0       ??_C@_01NEMOKFLO@?$DN?$AA@ 000000018000d8e0     libvcruntime:undname.obj
 0002:000008e4       ??_C@_02GPIOPFAK@?$DO?$DO?$AA@ 000000018000d8e4     libvcruntime:undname.obj
 0002:000008e8       ??_C@_02FODMEDOG@?$DM?$DM?$AA@ 000000018000d8e8     libvcruntime:undname.obj
 0002:000008ec       ??_C@_01DCLJPIOD@?$CB?$AA@ 000000018000d8ec     libvcruntime:undname.obj
 0002:000008f0       ??_C@_02EGOFBIJA@?$DN?$DN?$AA@ 000000018000d8f0     libvcruntime:undname.obj
 0002:000008f4       ??_C@_02FDNJECIE@?$CB?$DN?$AA@ 000000018000d8f4     libvcruntime:undname.obj
 0002:000008f8       ??_C@_02GPECMEKF@?$FL?$FN?$AA@ 000000018000d8f8     libvcruntime:undname.obj
 0002:00000900       ??_C@_08LHJFAFGD@operator?$AA@ 000000018000d900     libvcruntime:undname.obj
 0002:0000090c       ??_C@_02HBOOOICD@?9?$DO?$AA@ 000000018000d90c     libvcruntime:undname.obj
 0002:00000910       ??_C@_01NBENCBCI@?$CK?$AA@ 000000018000d910     libvcruntime:undname.obj
 0002:00000914       ??_C@_02ECNGHCIF@?$CL?$CL?$AA@ 000000018000d914     libvcruntime:undname.obj
 0002:00000918       ??_C@_02BAABKJLB@?9?9?$AA@ 000000018000d918     libvcruntime:undname.obj
 0002:0000091c       ??_C@_01JOAMLHOP@?9?$AA@   000000018000d91c     libvcruntime:undname.obj
 0002:00000920       ??_C@_01MIFGBAGJ@?$CL?$AA@ 000000018000d920     libvcruntime:undname.obj
 0002:00000924       ??_C@_01HNPIGOCE@?$CG?$AA@ 000000018000d924     libvcruntime:undname.obj
 0002:00000928       ??_C@_03MNHNFDLC@?9?$DO?$CK?$AA@ 000000018000d928     libvcruntime:undname.obj
 0002:0000092c       ??_C@_01KMDKNFGN@?1?$AA@   000000018000d92c     libvcruntime:undname.obj
 0002:00000930       ??_C@_01FGNFDNOH@?$CF?$AA@ 000000018000d930     libvcruntime:undname.obj
 0002:00000934       ??_C@_01MNNFJEPP@?$DM?$AA@ 000000018000d934     libvcruntime:undname.obj
 0002:00000938       ??_C@_02EHCHHCKH@?$DM?$DN?$AA@ 000000018000d938     libvcruntime:undname.obj
 0002:0000093c       ??_C@_01PPODPGHN@?$DO?$AA@ 000000018000d93c     libvcruntime:undname.obj
 0002:00000940       ??_C@_02EEKDKGMJ@?$DO?$DN?$AA@ 000000018000d940     libvcruntime:undname.obj
 0002:00000944       ??_C@_01IHBHIGKO@?0?$AA@   000000018000d944     libvcruntime:undname.obj
 0002:00000948       ??_C@_02HCKGKOFO@?$CI?$CJ?$AA@ 000000018000d948     libvcruntime:undname.obj
 0002:0000094c       ??_C@_01PJKLJHI@?$HO?$AA@  000000018000d94c     libvcruntime:undname.obj
 0002:00000950       ??_C@_01JKBOJNNK@?$FO?$AA@ 000000018000d950     libvcruntime:undname.obj
 0002:00000954       ??_C@_01DNKMNLPK@?$HM?$AA@ 000000018000d954     libvcruntime:undname.obj
 0002:00000958       ??_C@_02PPKAJPJL@?$CG?$CG?$AA@ 000000018000d958     libvcruntime:undname.obj
 0002:0000095c       ??_C@_02NONPIBCD@?$HM?$HM?$AA@ 000000018000d95c     libvcruntime:undname.obj
 0002:00000960       ??_C@_02FPIMKNGF@?$CK?$DN?$AA@ 000000018000d960     libvcruntime:undname.obj
 0002:00000964       ??_C@_02FOEOMHFC@?$CL?$DN?$AA@ 000000018000d964     libvcruntime:undname.obj
 0002:00000968       ??_C@_02FKMDLLOA@?9?$DN?$AA@ 000000018000d968     libvcruntime:undname.obj
 0002:0000096c       ??_C@_02FJEHGPIO@?1?$DN?$AA@ 000000018000d96c     libvcruntime:undname.obj
 0002:00000970       ??_C@_02FENAOKFI@?$CF?$DN?$AA@ 000000018000d970     libvcruntime:undname.obj
 0002:00000974       ??_C@_03IKFCCPFF@?$DO?$DO?$DN?$AA@ 000000018000d974     libvcruntime:undname.obj
 0002:00000978       ??_C@_03CDNPDDLA@?$DM?$DM?$DN?$AA@ 000000018000d978     libvcruntime:undname.obj
 0002:0000097c       ??_C@_02FGJGFEAB@?$CG?$DN?$AA@ 000000018000d97c     libvcruntime:undname.obj
 0002:00000980       ??_C@_02DHLNPPGH@?$HM?$DN?$AA@ 000000018000d980     libvcruntime:undname.obj
 0002:00000984       ??_C@_02MHEGNOJ@?$FO?$DN?$AA@ 000000018000d984     libvcruntime:undname.obj
 0002:00000988       ??_C@_09IFPLHPGF@?$GAvftable?8?$AA@ 000000018000d988     libvcruntime:undname.obj
 0002:00000998       ??_C@_09BLBHBJP@?$GAvbtable?8?$AA@ 000000018000d998     libvcruntime:undname.obj
 0002:000009a8       ??_C@_07FEEIOKP@?$GAvcall?8?$AA@ 000000018000d9a8     libvcruntime:undname.obj
 0002:000009b0       ??_C@_08LLFFHHDJ@?$GAtypeof?8?$AA@ 000000018000d9b0     libvcruntime:undname.obj
 0002:000009c0       ??_C@_0BF@KDPPACIK@?$GAlocal?5static?5guard?8?$AA@ 000000018000d9c0     libvcruntime:undname.obj
 0002:000009d8       ??_C@_08OBABFOLI@?$GAstring?8?$AA@ 000000018000d9d8     libvcruntime:undname.obj
 0002:000009e8       ??_C@_0BD@JDLKDPAB@?$GAvbase?5destructor?8?$AA@ 000000018000d9e8     libvcruntime:undname.obj
 0002:00000a00       ??_C@_0BN@DEGPLNFK@?$GAvector?5deleting?5destructor?8?$AA@ 000000018000da00     libvcruntime:undname.obj
 0002:00000a20       ??_C@_0BO@OBMKPJIG@?$GAdefault?5constructor?5closure?8?$AA@ 000000018000da20     libvcruntime:undname.obj
 0002:00000a40       ??_C@_0BN@IMDCHIKM@?$GAscalar?5deleting?5destructor?8?$AA@ 000000018000da40     libvcruntime:undname.obj
 0002:00000a60       ??_C@_0BO@PFGOCPJJ@?$GAvector?5constructor?5iterator?8?$AA@ 000000018000da60     libvcruntime:undname.obj
 0002:00000a80       ??_C@_0BN@LFPFMEDL@?$GAvector?5destructor?5iterator?8?$AA@ 000000018000da80     libvcruntime:undname.obj
 0002:00000aa0       ??_C@_0CE@IKBNEHA@?$GAvector?5vbase?5constructor?5iterat@ 000000018000daa0     libvcruntime:undname.obj
 0002:00000ac8       ??_C@_0BL@NILFHHPC@?$GAvirtual?5displacement?5map?8?$AA@ 000000018000dac8     libvcruntime:undname.obj
 0002:00000ae8       ??_C@_0CB@JONCMFFK@?$GAeh?5vector?5constructor?5iterator?8@ 000000018000dae8     libvcruntime:undname.obj
 0002:00000b10       ??_C@_0CA@GCEOPDGL@?$GAeh?5vector?5destructor?5iterator?8?$AA@ 000000018000db10     libvcruntime:undname.obj
 0002:00000b30       ??_C@_0CH@OOJPLCPH@?$GAeh?5vector?5vbase?5constructor?5ite@ 000000018000db30     libvcruntime:undname.obj
 0002:00000b58       ??_C@_0BL@LLKPOHJI@?$GAcopy?5constructor?5closure?8?$AA@ 000000018000db58     libvcruntime:undname.obj
 0002:00000b78       ??_C@_0BA@KBCDOMBN@?$GAudt?5returning?8?$AA@ 000000018000db78     libvcruntime:undname.obj
 0002:00000b88       ??_C@_03KLGMFNMG@?$GAEH?$AA@ 000000018000db88     libvcruntime:undname.obj
 0002:00000b8c       ??_C@_05KHLCHHI@?$GARTTI?$AA@ 000000018000db8c     libvcruntime:undname.obj
 0002:00000b98       ??_C@_0BA@KKLDJDLB@?$GAlocal?5vftable?8?$AA@ 000000018000db98     libvcruntime:undname.obj
 0002:00000ba8       ??_C@_0CE@IIHCMGGL@?$GAlocal?5vftable?5constructor?5closu@ 000000018000dba8     libvcruntime:undname.obj
 0002:00000bcc       ??_C@_06FHBGPFGH@?5new?$FL?$FN?$AA@ 000000018000dbcc     libvcruntime:undname.obj
 0002:00000bd8       ??_C@_09LBNFPBCA@?5delete?$FL?$FN?$AA@ 000000018000dbd8     libvcruntime:undname.obj
 0002:00000be8       ??_C@_0P@HJKNJFNN@?$GAomni?5callsig?8?$AA@ 000000018000dbe8     libvcruntime:undname.obj
 0002:00000bf8       ??_C@_0BL@CNOONJFP@?$GAplacement?5delete?5closure?8?$AA@ 000000018000dbf8     libvcruntime:undname.obj
 0002:00000c18       ??_C@_0BN@CKNJLHMB@?$GAplacement?5delete?$FL?$FN?5closure?8?$AA@ 000000018000dc18     libvcruntime:undname.obj
 0002:00000c38       ??_C@_0CG@CFDHKGGD@?$GAmanaged?5vector?5constructor?5iter@ 000000018000dc38     libvcruntime:undname.obj
 0002:00000c60       ??_C@_0CF@IMGKMJNO@?$GAmanaged?5vector?5destructor?5itera@ 000000018000dc60     libvcruntime:undname.obj
 0002:00000c88       ??_C@_0CG@HLDDJMAG@?$GAeh?5vector?5copy?5constructor?5iter@ 000000018000dc88     libvcruntime:undname.obj
 0002:00000cb0       ??_C@_0CM@FCBBDIGB@?$GAeh?5vector?5vbase?5copy?5constructo@ 000000018000dcb0     libvcruntime:undname.obj
 0002:00000ce0       ??_C@_0BL@CLIPGLGB@?$GAdynamic?5initializer?5for?5?8?$AA@ 000000018000dce0     libvcruntime:undname.obj
 0002:00000d00       ??_C@_0CB@PDBIFEP@?$GAdynamic?5atexit?5destructor?5for?5?8@ 000000018000dd00     libvcruntime:undname.obj
 0002:00000d28       ??_C@_0CD@CGAJBKEJ@?$GAvector?5copy?5constructor?5iterato@ 000000018000dd28     libvcruntime:undname.obj
 0002:00000d50       ??_C@_0CJ@GJELGAMM@?$GAvector?5vbase?5copy?5constructor?5i@ 000000018000dd50     libvcruntime:undname.obj
 0002:00000d80       ??_C@_0CL@FGIJHLCE@?$GAmanaged?5vector?5copy?5constructor@ 000000018000dd80     libvcruntime:undname.obj
 0002:00000db0       ??_C@_0BM@PMGGMLDN@?$GAlocal?5static?5thread?5guard?8?$AA@ 000000018000ddb0     libvcruntime:undname.obj
 0002:00000dd0       ??_C@_0N@BDNMDMOL@operator?5?$CC?$CC?5?$AA@ 000000018000ddd0     libvcruntime:undname.obj
 0002:00000de0       ??_C@_0BC@GGEBGALA@operator?5co_await?$AA@ 000000018000dde0     libvcruntime:undname.obj
 0002:00000df8       ??_C@_0BC@DAFEJGAK@?5Type?5Descriptor?8?$AA@ 000000018000ddf8     libvcruntime:undname.obj
 0002:00000e10       ??_C@_0BM@LDKODKLH@?5Base?5Class?5Descriptor?5at?5?$CI?$AA@ 000000018000de10     libvcruntime:undname.obj
 0002:00000e30       ??_C@_0BD@LGICGFMM@?5Base?5Class?5Array?8?$AA@ 000000018000de30     libvcruntime:undname.obj
 0002:00000e48       ??_C@_0BN@MECKDCOJ@?5Class?5Hierarchy?5Descriptor?8?$AA@ 000000018000de48     libvcruntime:undname.obj
 0002:00000e68       ??_C@_0BK@CFCOFLF@?5Complete?5Object?5Locator?8?$AA@ 000000018000de68     libvcruntime:undname.obj
 0002:00000ea0       ??_C@_1DM@KHCHBNEB@?$AAa?$AAp?$AAi?$AA?9?$AAm?$AAs?$AA?9?$AAw?$AAi?$AAn?$AA?9?$AAc?$AAo?$AAr?$AAe?$AA?9?$AAf?$AAi?$AAb?$AAe?$AAr?$AAs?$AA?9?$AAl?$AA1?$AA?9?$AA1?$AA?9?$AA1?$AA?$AA@ 000000018000dea0     libvcruntime:winapi_downlevel.obj
 0002:00000ee0       ??_C@_1DK@LPPGFMPP@?$AAa?$AAp?$AAi?$AA?9?$AAm?$AAs?$AA?9?$AAw?$AAi?$AAn?$AA?9?$AAc?$AAo?$AAr?$AAe?$AA?9?$AAs?$AAy?$AAn?$AAc?$AAh?$AA?9?$AAl?$AA1?$AA?9?$AA2?$AA?9?$AA0?$AA?$AA@ 000000018000dee0     libvcruntime:winapi_downlevel.obj
 0002:00000f20       ??_C@_1BC@GDMECMAK@?$AAk?$AAe?$AAr?$AAn?$AAe?$AAl?$AA3?$AA2?$AA?$AA@ 000000018000df20     libvcruntime:winapi_downlevel.obj
 0002:00000f38       ??_C@_1BA@PFFKHIOG@?$AAa?$AAp?$AAi?$AA?9?$AAm?$AAs?$AA?9?$AA?$AA@ 000000018000df38     libvcruntime:winapi_downlevel.obj
 0002:00000f48       ??_C@_1BA@IAIFMGEF@?$AAe?$AAx?$AAt?$AA?9?$AAm?$AAs?$AA?9?$AA?$AA@ 000000018000df48     libvcruntime:winapi_downlevel.obj
 0002:00000f60       ??_C@_08KNHFBNJ@FlsAlloc?$AA@ 000000018000df60     libvcruntime:winapi_downlevel.obj
 0002:00000f78       ??_C@_07PEJMOBNF@FlsFree?$AA@ 000000018000df78     libvcruntime:winapi_downlevel.obj
 0002:00000f88       ??_C@_0M@GDNOONDI@FlsGetValue?$AA@ 000000018000df88     libvcruntime:winapi_downlevel.obj
 0002:00000fa0       ??_C@_0M@JCPCPOEF@FlsSetValue?$AA@ 000000018000dfa0     libvcruntime:winapi_downlevel.obj
 0002:00000fb8       ??_C@_0BM@HCFOFFN@InitializeCriticalSectionEx?$AA@ 000000018000dfb8     libvcruntime:winapi_downlevel.obj
 0002:00000fe0       __acrt_exception_action_table 000000018000dfe0     libucrt:exception_filter.obj
 0002:000010a0       __acrt_signal_action_table_count 000000018000e0a0     libucrt:exception_filter.obj
 0002:000010a8       __acrt_signal_action_first_fpe_index 000000018000e0a8     libucrt:exception_filter.obj
 0002:000010b0       __acrt_signal_action_fpe_count 000000018000e0b0     libucrt:exception_filter.obj
 0002:000010b8       ??_C@_1BI@BGOHAHKC@?$AAm?$AAs?$AAc?$AAo?$AAr?$AAe?$AAe?$AA?4?$AAd?$AAl?$AAl?$AA?$AA@ 000000018000e0b8     libucrt:exit.obj
 0002:000010d0       ??_C@_0P@MIGLKIOC@CorExitProcess?$AA@ 000000018000e0d0     libucrt:exit.obj
 0002:00001270       ??_C@_1EG@CNNIPFIM@?$AAa?$AAp?$AAi?$AA?9?$AAm?$AAs?$AA?9?$AAw?$AAi?$AAn?$AA?9?$AAa?$AAp?$AAp?$AAm?$AAo?$AAd?$AAe?$AAl?$AA?9?$AAr?$AAu?$AAn?$AAt?$AAi?$AAm?$AAe?$AA?9?$AAl?$AA1?$AA?9?$AA1@ 000000018000e270     libucrt:winapi_thunks.obj
 0002:000012c0       ??_C@_1EA@JGEFHKEI@?$AAa?$AAp?$AAi?$AA?9?$AAm?$AAs?$AA?9?$AAw?$AAi?$AAn?$AA?9?$AAc?$AAo?$AAr?$AAe?$AA?9?$AAd?$AAa?$AAt?$AAe?$AAt?$AAi?$AAm?$AAe?$AA?9?$AAl?$AA1?$AA?9?$AA1?$AA?9?$AA1?$AA?$AA@ 000000018000e2c0     libucrt:winapi_thunks.obj
 0002:00001300       ??_C@_1DI@GCIAAENM@?$AAa?$AAp?$AAi?$AA?9?$AAm?$AAs?$AA?9?$AAw?$AAi?$AAn?$AA?9?$AAc?$AAo?$AAr?$AAe?$AA?9?$AAf?$AAi?$AAl?$AAe?$AA?9?$AAl?$AA2?$AA?9?$AA1?$AA?9?$AA1?$AA?$AA@ 000000018000e300     libucrt:winapi_thunks.obj
 0002:00001340       ??_C@_1EI@MPIAOHOC@?$AAa?$AAp?$AAi?$AA?9?$AAm?$AAs?$AA?9?$AAw?$AAi?$AAn?$AA?9?$AAc?$AAo?$AAr?$AAe?$AA?9?$AAl?$AAo?$AAc?$AAa?$AAl?$AAi?$AAz?$AAa?$AAt?$AAi?$AAo?$AAn?$AA?9?$AAl?$AA1?$AA?9@ 000000018000e340     libucrt:winapi_thunks.obj
 0002:00001390       ??_C@_1FK@FPHCKFIE@?$AAa?$AAp?$AAi?$AA?9?$AAm?$AAs?$AA?9?$AAw?$AAi?$AAn?$AA?9?$AAc?$AAo?$AAr?$AAe?$AA?9?$AAl?$AAo?$AAc?$AAa?$AAl?$AAi?$AAz?$AAa?$AAt?$AAi?$AAo?$AAn?$AA?9?$AAo?$AAb?$AAs@ 000000018000e390     libucrt:winapi_thunks.obj
 0002:000013f0       ??_C@_1EM@DILCGIIO@?$AAa?$AAp?$AAi?$AA?9?$AAm?$AAs?$AA?9?$AAw?$AAi?$AAn?$AA?9?$AAc?$AAo?$AAr?$AAe?$AA?9?$AAp?$AAr?$AAo?$AAc?$AAe?$AAs?$AAs?$AAt?$AAh?$AAr?$AAe?$AAa?$AAd?$AAs?$AA?9?$AAl@ 000000018000e3f0     libucrt:winapi_thunks.obj
 0002:00001440       ??_C@_1DM@LNCGDDPN@?$AAa?$AAp?$AAi?$AA?9?$AAm?$AAs?$AA?9?$AAw?$AAi?$AAn?$AA?9?$AAc?$AAo?$AAr?$AAe?$AA?9?$AAs?$AAt?$AAr?$AAi?$AAn?$AAg?$AA?9?$AAl?$AA1?$AA?9?$AA1?$AA?9?$AA0?$AA?$AA@ 000000018000e440     libucrt:winapi_thunks.obj
 0002:00001480       ??_C@_1DO@FPAPJEMD@?$AAa?$AAp?$AAi?$AA?9?$AAm?$AAs?$AA?9?$AAw?$AAi?$AAn?$AA?9?$AAc?$AAo?$AAr?$AAe?$AA?9?$AAs?$AAy?$AAs?$AAi?$AAn?$AAf?$AAo?$AA?9?$AAl?$AA1?$AA?9?$AA2?$AA?9?$AA1?$AA?$AA@ 000000018000e480     libucrt:winapi_thunks.obj
 0002:000014c0       ??_C@_1DK@NDHNAHIO@?$AAa?$AAp?$AAi?$AA?9?$AAm?$AAs?$AA?9?$AAw?$AAi?$AAn?$AA?9?$AAc?$AAo?$AAr?$AAe?$AA?9?$AAw?$AAi?$AAn?$AAr?$AAt?$AA?9?$AAl?$AA1?$AA?9?$AA1?$AA?9?$AA0?$AA?$AA@ 000000018000e4c0     libucrt:winapi_thunks.obj
 0002:00001500       ??_C@_1DM@KGHDGBCM@?$AAa?$AAp?$AAi?$AA?9?$AAm?$AAs?$AA?9?$AAw?$AAi?$AAn?$AA?9?$AAc?$AAo?$AAr?$AAe?$AA?9?$AAx?$AAs?$AAt?$AAa?$AAt?$AAe?$AA?9?$AAl?$AA2?$AA?9?$AA1?$AA?9?$AA0?$AA?$AA@ 000000018000e500     libucrt:winapi_thunks.obj
 0002:00001540       ??_C@_1EO@IJIOEFOH@?$AAa?$AAp?$AAi?$AA?9?$AAm?$AAs?$AA?9?$AAw?$AAi?$AAn?$AA?9?$AAr?$AAt?$AAc?$AAo?$AAr?$AAe?$AA?9?$AAn?$AAt?$AAu?$AAs?$AAe?$AAr?$AA?9?$AAw?$AAi?$AAn?$AAd?$AAo?$AAw?$AA?9@ 000000018000e540     libucrt:winapi_thunks.obj
 0002:00001590       ??_C@_1FG@HHGEKANL@?$AAa?$AAp?$AAi?$AA?9?$AAm?$AAs?$AA?9?$AAw?$AAi?$AAn?$AA?9?$AAs?$AAe?$AAc?$AAu?$AAr?$AAi?$AAt?$AAy?$AA?9?$AAs?$AAy?$AAs?$AAt?$AAe?$AAm?$AAf?$AAu?$AAn?$AAc?$AAt?$AAi@ 000000018000e590     libucrt:winapi_thunks.obj
 0002:000015f0       ??_C@_1FG@NCKKOLKO@?$AAe?$AAx?$AAt?$AA?9?$AAm?$AAs?$AA?9?$AAw?$AAi?$AAn?$AA?9?$AAk?$AAe?$AAr?$AAn?$AAe?$AAl?$AA3?$AA2?$AA?9?$AAp?$AAa?$AAc?$AAk?$AAa?$AAg?$AAe?$AA?9?$AAc?$AAu?$AAr?$AAr@ 000000018000e5f0     libucrt:winapi_thunks.obj
 0002:00001650       ??_C@_1EG@DBIOJECG@?$AAe?$AAx?$AAt?$AA?9?$AAm?$AAs?$AA?9?$AAw?$AAi?$AAn?$AA?9?$AAn?$AAt?$AAu?$AAs?$AAe?$AAr?$AA?9?$AAd?$AAi?$AAa?$AAl?$AAo?$AAg?$AAb?$AAo?$AAx?$AA?9?$AAl?$AA1?$AA?9?$AA1@ 000000018000e650     libucrt:winapi_thunks.obj
 0002:000016a0       ??_C@_1EO@FIHMJCLF@?$AAe?$AAx?$AAt?$AA?9?$AAm?$AAs?$AA?9?$AAw?$AAi?$AAn?$AA?9?$AAn?$AAt?$AAu?$AAs?$AAe?$AAr?$AA?9?$AAw?$AAi?$AAn?$AAd?$AAo?$AAw?$AAs?$AAt?$AAa?$AAt?$AAi?$AAo?$AAn?$AA?9@ 000000018000e6a0     libucrt:winapi_thunks.obj
 0002:000016f0       ??_C@_1BC@DNHGCMLG@?$AAa?$AAd?$AAv?$AAa?$AAp?$AAi?$AA3?$AA2?$AA?$AA@ 000000018000e6f0     libucrt:winapi_thunks.obj
 0002:00001708       ??_C@_1O@BCCLBEOE@?$AAu?$AAs?$AAe?$AAr?$AA3?$AA2?$AA?$AA@ 000000018000e708     libucrt:winapi_thunks.obj
 0002:00001740       ??_C@_0BE@JOGNEJCI@GetCurrentPackageId?$AA@ 000000018000e740     libucrt:winapi_thunks.obj
 0002:00001768       ??_C@_0O@KKBNKAPF@LCMapStringEx?$AA@ 000000018000e768     libucrt:winapi_thunks.obj
 0002:00001780       ??_C@_0BB@HBDEELFH@LocaleNameToLCID?$AA@ 000000018000e780     libucrt:winapi_thunks.obj
 0002:00001928       ??_C@_1M@HPNHIDJI@?$AAj?$AAa?$AA?9?$AAJ?$AAP?$AA?$AA@ 000000018000e928     libucrt:mbctype.obj
 0002:00001938       ??_C@_1M@BIBDDEMK@?$AAz?$AAh?$AA?9?$AAC?$AAN?$AA?$AA@ 000000018000e938     libucrt:mbctype.obj
 0002:00001948       ??_C@_1M@JLOOOEGK@?$AAk?$AAo?$AA?9?$AAK?$AAR?$AA?$AA@ 000000018000e948     libucrt:mbctype.obj
 0002:00001958       ??_C@_1M@CLNBBOPM@?$AAz?$AAh?$AA?9?$AAT?$AAW?$AA?$AA@ 000000018000e958     libucrt:mbctype.obj
 0002:00001970       __lc_time_c                000000018000e970     libucrt:nlsdata.obj
 0002:00001c30       ??_C@_03KOEHGMDN@Sun?$AA@  000000018000ec30     libucrt:nlsdata.obj
 0002:00001c34       ??_C@_03PDAGKDH@Mon?$AA@   000000018000ec34     libucrt:nlsdata.obj
 0002:00001c38       ??_C@_03NAGEINEP@Tue?$AA@  000000018000ec38     libucrt:nlsdata.obj
 0002:00001c3c       ??_C@_03MHOMLAJA@Wed?$AA@  000000018000ec3c     libucrt:nlsdata.obj
 0002:00001c40       ??_C@_03IOFIKPDN@Thu?$AA@  000000018000ec40     libucrt:nlsdata.obj
 0002:00001c44       ??_C@_03IDIOELNC@Fri?$AA@  000000018000ec44     libucrt:nlsdata.obj
 0002:00001c48       ??_C@_03FEFJNEK@Sat?$AA@   000000018000ec48     libucrt:nlsdata.obj
 0002:00001c4c       ??_C@_06OOPIFAJ@Sunday?$AA@ 000000018000ec4c     libucrt:nlsdata.obj
 0002:00001c54       ??_C@_06JLEDEDGH@Monday?$AA@ 000000018000ec54     libucrt:nlsdata.obj
 0002:00001c60       ??_C@_07BAAGCFCM@Tuesday?$AA@ 000000018000ec60     libucrt:nlsdata.obj
 0002:00001c68       ??_C@_09DLIGFAKA@Wednesday?$AA@ 000000018000ec68     libucrt:nlsdata.obj
 0002:00001c78       ??_C@_08HACCIKIA@Thursday?$AA@ 000000018000ec78     libucrt:nlsdata.obj
 0002:00001c84       ??_C@_06JECMNKMI@Friday?$AA@ 000000018000ec84     libucrt:nlsdata.obj
 0002:00001c90       ??_C@_08INBOOONO@Saturday?$AA@ 000000018000ec90     libucrt:nlsdata.obj
 0002:00001c9c       ??_C@_03JIHJHPIE@Jan?$AA@  000000018000ec9c     libucrt:nlsdata.obj
 0002:00001ca0       ??_C@_03HJBDCHOM@Feb?$AA@  000000018000eca0     libucrt:nlsdata.obj
 0002:00001ca4       ??_C@_03ODNJBKGA@Mar?$AA@  000000018000eca4     libucrt:nlsdata.obj
 0002:00001ca8       ??_C@_03LEOLGMJP@Apr?$AA@  000000018000eca8     libucrt:nlsdata.obj
 0002:00001cac       ??_C@_03CNMDKL@May?$AA@    000000018000ecac     libucrt:nlsdata.obj
 0002:00001cb0       ??_C@_03IDFGHECI@Jun?$AA@  000000018000ecb0     libucrt:nlsdata.obj
 0002:00001cb4       ??_C@_03LBGABGKK@Jul?$AA@  000000018000ecb4     libucrt:nlsdata.obj
 0002:00001cb8       ??_C@_03IFJFEIGA@Aug?$AA@  000000018000ecb8     libucrt:nlsdata.obj
 0002:00001cbc       ??_C@_03GGCAPAJC@Sep?$AA@  000000018000ecbc     libucrt:nlsdata.obj
 0002:00001cc0       ??_C@_03BMAOKBAD@Oct?$AA@  000000018000ecc0     libucrt:nlsdata.obj
 0002:00001cc4       ??_C@_03JPJOFNIA@Nov?$AA@  000000018000ecc4     libucrt:nlsdata.obj
 0002:00001cc8       ??_C@_03MKABNOCG@Dec?$AA@  000000018000ecc8     libucrt:nlsdata.obj
 0002:00001cd0       ??_C@_07CGJPFGJA@January?$AA@ 000000018000ecd0     libucrt:nlsdata.obj
 0002:00001cd8       ??_C@_08GNJGEPFN@February?$AA@ 000000018000ecd8     libucrt:nlsdata.obj
 0002:00001ce4       ??_C@_05HPCKOFNC@March?$AA@ 000000018000ece4     libucrt:nlsdata.obj
 0002:00001cec       ??_C@_05DMJDNLEJ@April?$AA@ 000000018000ecec     libucrt:nlsdata.obj
 0002:00001cf4       ??_C@_04CNLMGBGM@June?$AA@ 000000018000ecf4     libucrt:nlsdata.obj
 0002:00001cfc       ??_C@_04MIEPOIFP@July?$AA@ 000000018000ecfc     libucrt:nlsdata.obj
 0002:00001d04       ??_C@_06LBBHFDDG@August?$AA@ 000000018000ed04     libucrt:nlsdata.obj
 0002:00001d10       ??_C@_09BHHEALKD@September?$AA@ 000000018000ed10     libucrt:nlsdata.obj
 0002:00001d20       ??_C@_07JJNFCEND@October?$AA@ 000000018000ed20     libucrt:nlsdata.obj
 0002:00001d28       ??_C@_08HCHEGEOA@November?$AA@ 000000018000ed28     libucrt:nlsdata.obj
 0002:00001d38       ??_C@_08EDHMEBNP@December?$AA@ 000000018000ed38     libucrt:nlsdata.obj
 0002:00001d44       ??_C@_02DEDBPAFC@AM?$AA@   000000018000ed44     libucrt:nlsdata.obj
 0002:00001d48       ??_C@_02CJNFDJBF@PM?$AA@   000000018000ed48     libucrt:nlsdata.obj
 0002:00001d50       ??_C@_08BPBNCDIB@MM?1dd?1yy?$AA@ 000000018000ed50     libucrt:nlsdata.obj
 0002:00001d60       ??_C@_0BE@CKGJFCPC@dddd?0?5MMMM?5dd?0?5yyyy?$AA@ 000000018000ed60     libucrt:nlsdata.obj
 0002:00001d78       ??_C@_08JCCMCCIL@HH?3mm?3ss?$AA@ 000000018000ed78     libucrt:nlsdata.obj
 0002:00001d88       ??_C@_17MBGCMIPB@?$AAS?$AAu?$AAn?$AA?$AA@ 000000018000ed88     libucrt:nlsdata.obj
 0002:00001d90       ??_C@_17KBOMKBF@?$AAM?$AAo?$AAn?$AA?$AA@ 000000018000ed90     libucrt:nlsdata.obj
 0002:00001d98       ??_C@_17BMKGEGOJ@?$AAT?$AAu?$AAe?$AA?$AA@ 000000018000ed98     libucrt:nlsdata.obj
 0002:00001da0       ??_C@_17CJEDCEPE@?$AAW?$AAe?$AAd?$AA?$AA@ 000000018000eda0     libucrt:nlsdata.obj
 0002:00001da8       ??_C@_17PDPHAADD@?$AAT?$AAh?$AAu?$AA?$AA@ 000000018000eda8     libucrt:nlsdata.obj
 0002:00001db0       ??_C@_17HFOLPPLP@?$AAF?$AAr?$AAi?$AA?$AA@ 000000018000edb0     libucrt:nlsdata.obj
 0002:00001db8       ??_C@_17GGIBDPIH@?$AAS?$AAa?$AAt?$AA?$AA@ 000000018000edb8     libucrt:nlsdata.obj
 0002:00001dc0       ??_C@_1O@IHNHDHPB@?$AAS?$AAu?$AAn?$AAd?$AAa?$AAy?$AA?$AA@ 000000018000edc0     libucrt:nlsdata.obj
 0002:00001dd0       ??_C@_1O@MMNBFLIA@?$AAM?$AAo?$AAn?$AAd?$AAa?$AAy?$AA?$AA@ 000000018000edd0     libucrt:nlsdata.obj
 0002:00001de0       ??_C@_1BA@ENFBFFEK@?$AAT?$AAu?$AAe?$AAs?$AAd?$AAa?$AAy?$AA?$AA@ 000000018000ede0     libucrt:nlsdata.obj
 0002:00001df0       ??_C@_1BE@EBOGMDOH@?$AAW?$AAe?$AAd?$AAn?$AAe?$AAs?$AAd?$AAa?$AAy?$AA?$AA@ 000000018000edf0     libucrt:nlsdata.obj
 0002:00001e08       ??_C@_1BC@HHMNLIHE@?$AAT?$AAh?$AAu?$AAr?$AAs?$AAd?$AAa?$AAy?$AA?$AA@ 000000018000ee08     libucrt:nlsdata.obj
 0002:00001e20       ??_C@_1O@PDICJHAG@?$AAF?$AAr?$AAi?$AAd?$AAa?$AAy?$AA?$AA@ 000000018000ee20     libucrt:nlsdata.obj
 0002:00001e30       ??_C@_1BC@ENMNNPAJ@?$AAS?$AAa?$AAt?$AAu?$AAr?$AAd?$AAa?$AAy?$AA?$AA@ 000000018000ee30     libucrt:nlsdata.obj
 0002:00001e48       ??_C@_17DKNBKCHM@?$AAJ?$AAa?$AAn?$AA?$AA@ 000000018000ee48     libucrt:nlsdata.obj
 0002:00001e50       ??_C@_17LMDJEKJN@?$AAF?$AAe?$AAb?$AA?$AA@ 000000018000ee50     libucrt:nlsdata.obj
 0002:00001e58       ??_C@_17CKNLEDEC@?$AAM?$AAa?$AAr?$AA?$AA@ 000000018000ee58     libucrt:nlsdata.obj
 0002:00001e60       ??_C@_17LFPOIHDD@?$AAA?$AAp?$AAr?$AA?$AA@ 000000018000ee60     libucrt:nlsdata.obj
 0002:00001e68       ??_C@_17PNNKMEED@?$AAM?$AAa?$AAy?$AA?$AA@ 000000018000ee68     libucrt:nlsdata.obj
 0002:00001e70       ??_C@_17KCJGOCPB@?$AAJ?$AAu?$AAn?$AA?$AA@ 000000018000ee70     libucrt:nlsdata.obj
 0002:00001e78       ??_C@_17IJPCKHK@?$AAJ?$AAu?$AAl?$AA?$AA@ 000000018000ee78     libucrt:nlsdata.obj
 0002:00001e80       ??_C@_17ICPELBCN@?$AAA?$AAu?$AAg?$AA?$AA@ 000000018000ee80     libucrt:nlsdata.obj
 0002:00001e88       ??_C@_17HCHCOKMG@?$AAS?$AAe?$AAp?$AA?$AA@ 000000018000ee88     libucrt:nlsdata.obj
 0002:00001e90       ??_C@_17FNLKOI@?$AAO?$AAc?$AAt?$AA?$AA@ 000000018000ee90     libucrt:nlsdata.obj
 0002:00001e98       ??_C@_17BBDMLCIG@?$AAN?$AAo?$AAv?$AA?$AA@ 000000018000ee98     libucrt:nlsdata.obj
 0002:00001ea0       ??_C@_17EGKACKIF@?$AAD?$AAe?$AAc?$AA?$AA@ 000000018000eea0     libucrt:nlsdata.obj
 0002:00001ea8       ??_C@_1BA@EFMEIEBA@?$AAJ?$AAa?$AAn?$AAu?$AAa?$AAr?$AAy?$AA?$AA@ 000000018000eea8     libucrt:nlsdata.obj
 0002:00001eb8       ??_C@_1BC@JGDDFFAM@?$AAF?$AAe?$AAb?$AAr?$AAu?$AAa?$AAr?$AAy?$AA?$AA@ 000000018000eeb8     libucrt:nlsdata.obj
 0002:00001ed0       ??_C@_1M@IKEENEDF@?$AAM?$AAa?$AAr?$AAc?$AAh?$AA?$AA@ 000000018000eed0     libucrt:nlsdata.obj
 0002:00001ee0       ??_C@_1M@GJNLMHFD@?$AAA?$AAp?$AAr?$AAi?$AAl?$AA?$AA@ 000000018000eee0     libucrt:nlsdata.obj
 0002:00001ef0       ??_C@_19EPFLPGAP@?$AAJ?$AAu?$AAn?$AAe?$AA?$AA@ 000000018000eef0     libucrt:nlsdata.obj
 0002:00001f00       ??_C@_19BIFMLPCD@?$AAJ?$AAu?$AAl?$AAy?$AA?$AA@ 000000018000ef00     libucrt:nlsdata.obj
 0002:00001f10       ??_C@_1O@PAHLKOAC@?$AAA?$AAu?$AAg?$AAu?$AAs?$AAt?$AA?$AA@ 000000018000ef10     libucrt:nlsdata.obj
 0002:00001f20       ??_C@_1BE@DKAAMBJL@?$AAS?$AAe?$AAp?$AAt?$AAe?$AAm?$AAb?$AAe?$AAr?$AA?$AA@ 000000018000ef20     libucrt:nlsdata.obj
 0002:00001f38       ??_C@_1BA@EPANDLNG@?$AAO?$AAc?$AAt?$AAo?$AAb?$AAe?$AAr?$AA?$AA@ 000000018000ef38     libucrt:nlsdata.obj
 0002:00001f48       ??_C@_1BC@BGLIFPF@?$AAN?$AAo?$AAv?$AAe?$AAm?$AAb?$AAe?$AAr?$AA?$AA@ 000000018000ef48     libucrt:nlsdata.obj
 0002:00001f60       ??_C@_1BC@FEMKIFH@?$AAD?$AAe?$AAc?$AAe?$AAm?$AAb?$AAe?$AAr?$AA?$AA@ 000000018000ef60     libucrt:nlsdata.obj
 0002:00001f74       ??_C@_15ODEHAHHF@?$AAA?$AAM?$AA?$AA@ 000000018000ef74     libucrt:nlsdata.obj
 0002:00001f7c       ??_C@_15CLMNNGEL@?$AAP?$AAM?$AA?$AA@ 000000018000ef7c     libucrt:nlsdata.obj
 0002:00001f88       ??_C@_1BC@IEBCMHCM@?$AAM?$AAM?$AA?1?$AAd?$AAd?$AA?1?$AAy?$AAy?$AA?$AA@ 000000018000ef88     libucrt:nlsdata.obj
 0002:00001fa0       ??_C@_1CI@KNAKOEBC@?$AAd?$AAd?$AAd?$AAd?$AA?0?$AA?5?$AAM?$AAM?$AAM?$AAM?$AA?5?$AAd?$AAd?$AA?0?$AA?5?$AAy?$AAy?$AAy?$AAy?$AA?$AA@ 000000018000efa0     libucrt:nlsdata.obj
 0002:00001fc8       ??_C@_1BC@GDGBMEMK@?$AAH?$AAH?$AA?3?$AAm?$AAm?$AA?3?$AAs?$AAs?$AA?$AA@ 000000018000efc8     libucrt:nlsdata.obj
 0002:00001fe0       ??_C@_1M@BMHNFIME@?$AAe?$AAn?$AA?9?$AAU?$AAS?$AA?$AA@ 000000018000efe0     libucrt:nlsdata.obj
 0002:00001ff0       __newctype                 000000018000eff0     libucrt:ctype.obj
 0002:000022f0       __newclmap                 000000018000f2f0     libucrt:ctype.obj
 0002:00002470       __newcumap                 000000018000f470     libucrt:ctype.obj
 0002:00003430       ??_C@_15EMKDOKLE@?$AAa?$AAr?$AA?$AA@ 0000000180010430     libucrt:lcidtoname_downlevel.obj
 0002:00003438       ??_C@_15KNPADPLH@?$AAb?$AAg?$AA?$AA@ 0000000180010438     libucrt:lcidtoname_downlevel.obj
 0002:00003440       ??_C@_15EDMHLDMO@?$AAc?$AAa?$AA?$AA@ 0000000180010440     libucrt:lcidtoname_downlevel.obj
 0002:00003448       ??_C@_1O@BPEAJADD@?$AAz?$AAh?$AA?9?$AAC?$AAH?$AAS?$AA?$AA@ 0000000180010448     libucrt:lcidtoname_downlevel.obj
 0002:00003458       ??_C@_15LJNHCMNK@?$AAc?$AAs?$AA?$AA@ 0000000180010458     libucrt:lcidtoname_downlevel.obj
 0002:00003460       ??_C@_15FOMCIDHG@?$AAd?$AAa?$AA?$AA@ 0000000180010460     libucrt:lcidtoname_downlevel.obj
 0002:00003468       ??_C@_15NBKABECB@?$AAd?$AAe?$AA?$AA@ 0000000180010468     libucrt:lcidtoname_downlevel.obj
 0002:00003470       ??_C@_15GHPEIIAO@?$AAe?$AAl?$AA?$AA@ 0000000180010470     libucrt:lcidtoname_downlevel.obj
 0002:00003478       ??_C@_15MNPNEAIF@?$AAe?$AAn?$AA?$AA@ 0000000180010478     libucrt:lcidtoname_downlevel.obj
 0002:00003480       ??_C@_15GPIOMPMH@?$AAe?$AAs?$AA?$AA@ 0000000180010480     libucrt:lcidtoname_downlevel.obj
 0002:00003488       ??_C@_15NGLOAKJC@?$AAf?$AAi?$AA?$AA@ 0000000180010488     libucrt:lcidtoname_downlevel.obj
 0002:00003490       ??_C@_15FBKGNKAM@?$AAf?$AAr?$AA?$AA@ 0000000180010490     libucrt:lcidtoname_downlevel.obj
 0002:00003498       ??_C@_15KGGCNEFK@?$AAh?$AAe?$AA?$AA@ 0000000180010498     libucrt:lcidtoname_downlevel.obj
 0002:000034a0       ??_C@_15PGHLIDMF@?$AAh?$AAu?$AA?$AA@ 00000001800104a0     libucrt:lcidtoname_downlevel.obj
 0002:000034a8       ??_C@_15BIEMAPLM@?$AAi?$AAs?$AA?$AA@ 00000001800104a8     libucrt:lcidtoname_downlevel.obj
 0002:000034b0       ??_C@_15IFJLDHAF@?$AAi?$AAt?$AA?$AA@ 00000001800104b0     libucrt:lcidtoname_downlevel.obj
 0002:000034b8       ??_C@_15GEMIOCAG@?$AAj?$AAa?$AA?$AA@ 00000001800104b8     libucrt:lcidtoname_downlevel.obj
 0002:000034c0       ??_C@_15EPELEGJA@?$AAk?$AAo?$AA?$AA@ 00000001800104c0     libucrt:lcidtoname_downlevel.obj
 0002:000034c8       ??_C@_15NDDHIMN@?$AAn?$AAl?$AA?$AA@ 00000001800104c8     libucrt:lcidtoname_downlevel.obj
 0002:000034d0       ??_C@_15BPIGNHCD@?$AAn?$AAo?$AA?$AA@ 00000001800104d0     libucrt:lcidtoname_downlevel.obj
 0002:000034d8       ??_C@_15DEOPBLCG@?$AAp?$AAl?$AA?$AA@ 00000001800104d8     libucrt:lcidtoname_downlevel.obj
 0002:000034e0       ??_C@_15KBECGEFG@?$AAp?$AAt?$AA?$AA@ 00000001800104e0     libucrt:lcidtoname_downlevel.obj
 0002:000034e8       ??_C@_15GLJCBFMD@?$AAr?$AAo?$AA?$AA@ 00000001800104e8     libucrt:lcidtoname_downlevel.obj
 0002:000034f0       ??_C@_15FEDGKCDI@?$AAr?$AAu?$AA?$AA@ 00000001800104f0     libucrt:lcidtoname_downlevel.obj
 0002:000034f8       ??_C@_15GLKMLLHM@?$AAh?$AAr?$AA?$AA@ 00000001800104f8     libucrt:lcidtoname_downlevel.obj
 0002:00003500       ??_C@_15CPKMFBDB@?$AAs?$AAk?$AA?$AA@ 0000000180010500     libucrt:lcidtoname_downlevel.obj
 0002:00003508       ??_C@_15BAAIOGMK@?$AAs?$AAq?$AA?$AA@ 0000000180010508     libucrt:lcidtoname_downlevel.obj
 0002:00003510       ??_C@_15INNPNOHD@?$AAs?$AAv?$AA?$AA@ 0000000180010510     libucrt:lcidtoname_downlevel.obj
 0002:00003518       ??_C@_15CABMMOGH@?$AAt?$AAh?$AA?$AA@ 0000000180010518     libucrt:lcidtoname_downlevel.obj
 0002:00003520       ??_C@_15BPLIHJJM@?$AAt?$AAr?$AA?$AA@ 0000000180010520     libucrt:lcidtoname_downlevel.obj
 0002:00003528       ??_C@_15NEOEKKDJ@?$AAu?$AAr?$AA?$AA@ 0000000180010528     libucrt:lcidtoname_downlevel.obj
 0002:00003530       ??_C@_15NFICGAJK@?$AAi?$AAd?$AA?$AA@ 0000000180010530     libucrt:lcidtoname_downlevel.obj
 0002:00003538       ??_C@_15PJPFLCCM@?$AAu?$AAk?$AA?$AA@ 0000000180010538     libucrt:lcidtoname_downlevel.obj
 0002:00003540       ??_C@_15HPJPHDM@?$AAb?$AAe?$AA?$AA@ 0000000180010540     libucrt:lcidtoname_downlevel.obj
 0002:00003548       ??_C@_15LCHLGJII@?$AAs?$AAl?$AA?$AA@ 0000000180010548     libucrt:lcidtoname_downlevel.obj
 0002:00003550       ??_C@_15PCFJPHHO@?$AAe?$AAt?$AA?$AA@ 0000000180010550     libucrt:lcidtoname_downlevel.obj
 0002:00003558       ??_C@_15HPFPGODN@?$AAl?$AAv?$AA?$AA@ 0000000180010558     libucrt:lcidtoname_downlevel.obj
 0002:00003560       ??_C@_15NFFGKGLG@?$AAl?$AAt?$AA?$AA@ 0000000180010560     libucrt:lcidtoname_downlevel.obj
 0002:00003568       ??_C@_15BDAKCCHN@?$AAf?$AAa?$AA?$AA@ 0000000180010568     libucrt:lcidtoname_downlevel.obj
 0002:00003570       ??_C@_15NFGIAIAJ@?$AAv?$AAi?$AA?$AA@ 0000000180010570     libucrt:lcidtoname_downlevel.obj
 0002:00003578       ??_C@_15LMKNDMHN@?$AAh?$AAy?$AA?$AA@ 0000000180010578     libucrt:lcidtoname_downlevel.obj
 0002:00003580       ??_C@_15IJBHMCFL@?$AAa?$AAz?$AA?$AA@ 0000000180010580     libucrt:lcidtoname_downlevel.obj
 0002:00003588       ??_C@_15EKOFJABL@?$AAe?$AAu?$AA?$AA@ 0000000180010588     libucrt:lcidtoname_downlevel.obj
 0002:00003590       ??_C@_15BGHADCNK@?$AAm?$AAk?$AA?$AA@ 0000000180010590     libucrt:lcidtoname_downlevel.obj
 0002:00003598       ??_C@_15JDNICKHM@?$AAa?$AAf?$AA?$AA@ 0000000180010598     libucrt:lcidtoname_downlevel.obj
 0002:000035a0       ??_C@_15KPJEDBKD@?$AAk?$AAa?$AA?$AA@ 00000001800105a0     libucrt:lcidtoname_downlevel.obj
 0002:000035a8       ??_C@_15PDNFFFEO@?$AAf?$AAo?$AA?$AA@ 00000001800105a8     libucrt:lcidtoname_downlevel.obj
 0002:000035b0       ??_C@_15OMLEGLOC@?$AAh?$AAi?$AA?$AA@ 00000001800105b0     libucrt:lcidtoname_downlevel.obj
 0002:000035b8       ??_C@_15IDNNENKK@?$AAm?$AAs?$AA?$AA@ 00000001800105b8     libucrt:lcidtoname_downlevel.obj
 0002:000035c0       ??_C@_15MACJNBMH@?$AAk?$AAk?$AA?$AA@ 00000001800105c0     libucrt:lcidtoname_downlevel.obj
 0002:000035c8       ??_C@_15DKDJEOND@?$AAk?$AAy?$AA?$AA@ 00000001800105c8     libucrt:lcidtoname_downlevel.obj
 0002:000035d0       ??_C@_15DFGDLJBG@?$AAs?$AAw?$AA?$AA@ 00000001800105d0     libucrt:lcidtoname_downlevel.obj
 0002:000035d8       ??_C@_15BBFAICNG@?$AAu?$AAz?$AA?$AA@ 00000001800105d8     libucrt:lcidtoname_downlevel.obj
 0002:000035e0       ??_C@_15DKNDCGEA@?$AAt?$AAt?$AA?$AA@ 00000001800105e0     libucrt:lcidtoname_downlevel.obj
 0002:000035e8       ??_C@_15MGIFMDPL@?$AAp?$AAa?$AA?$AA@ 00000001800105e8     libucrt:lcidtoname_downlevel.obj
 0002:000035f0       ??_C@_15HCNDBBA@?$AAg?$AAu?$AA?$AA@ 00000001800105f0     libucrt:lcidtoname_downlevel.obj
 0002:000035f8       ??_C@_15FNBEIBON@?$AAt?$AAa?$AA?$AA@ 00000001800105f8     libucrt:lcidtoname_downlevel.obj
 0002:00003600       ??_C@_15NCHGBGLK@?$AAt?$AAe?$AA?$AA@ 0000000180010600     libucrt:lcidtoname_downlevel.obj
 0002:00003608       ??_C@_15PHPHCBPF@?$AAk?$AAn?$AA?$AA@ 0000000180010608     libucrt:lcidtoname_downlevel.obj
 0002:00003610       ??_C@_15DLGBCKMP@?$AAm?$AAr?$AA?$AA@ 0000000180010610     libucrt:lcidtoname_downlevel.obj
 0002:00003618       ??_C@_15EABBLBFF@?$AAs?$AAa?$AA?$AA@ 0000000180010618     libucrt:lcidtoname_downlevel.obj
[...]
 0004:00000648       $pdata$__acrt_uninitialize_locks 0000000180018648     libucrt:locks.obj
 0004:00000654       $pdata$?try_get_function@@YAPEAXW4function_id@?A0x63058377@@QEBDQEBW4module_id@2@2@Z 0000000180018654     libucrt:winapi_thunks.obj
 0004:00000660       $pdata$__acrt_FlsAlloc     0000000180018660     libucrt:winapi_thunks.obj
 0004:0000066c       $pdata$__acrt_FlsFree      000000018001866c     libucrt:winapi_thunks.obj
 0004:00000678       $pdata$__acrt_FlsGetValue  0000000180018678     libucrt:winapi_thunks.obj
 0004:00000684       $pdata$__acrt_FlsSetValue  0000000180018684     libucrt:winapi_thunks.obj
 0004:00000690       $pdata$__acrt_InitializeCriticalSectionEx 0000000180018690     libucrt:winapi_thunks.obj
 0004:0000069c       $pdata$__acrt_LCMapStringEx 000000018001869c     libucrt:winapi_thunks.obj
 0004:000006a8       $pdata$__acrt_LocaleNameToLCID 00000001800186a8     libucrt:winapi_thunks.obj
 0004:000006b4       $pdata$__acrt_initialize_winapi_thunks 00000001800186b4     libucrt:winapi_thunks.obj
 0004:000006c0       $pdata$__acrt_is_packaged_app 00000001800186c0     libucrt:winapi_thunks.obj
 0004:000006cc       $pdata$__acrt_uninitialize_winapi_thunks 00000001800186cc     libucrt:winapi_thunks.obj
 0004:000006d8       $pdata$__acrt_call_reportfault 00000001800186d8     libucrt:invalid_parameter.obj
 0004:000006e4       $pdata$_invalid_parameter  00000001800186e4     libucrt:invalid_parameter.obj
 0004:000006f0       $pdata$_invalid_parameter_noinfo 00000001800186f0     libucrt:invalid_parameter.obj
 0004:000006fc       $pdata$_invoke_watson      00000001800186fc     libucrt:invalid_parameter.obj
 0004:00000708       $pdata$__acrt_errno_map_os_error 0000000180018708     libucrt:errno.obj
 0004:00000714       $pdata$__doserrno          0000000180018714     libucrt:errno.obj
 0004:00000720       $pdata$_errno              0000000180018720     libucrt:errno.obj
 0004:0000072c       $pdata$??$common_expand_argv_wildcards@D@@YAHQEAPEADQEAPEAPEAD@Z 000000018001872c     libucrt:argv_wildcards.obj
 0004:00000738       $pdata$??$copy_and_add_argument_to_buffer@D@@YAHQEBD0_KAEAV?$argument_list@D@?A0xca0879c4@@@Z 0000000180018738     libucrt:argv_wildcards.obj
 0004:00000744       $pdata$??$expand_argument_wildcards@D@@YAHQEAD0AEAV?$argument_list@D@?A0xca0879c4@@@Z 0000000180018744     libucrt:argv_wildcards.obj
 0004:00000750       $pdata$?expand_if_necessary@?$argument_list@D@?A0xca0879c4@@AEAAHXZ 0000000180018750     libucrt:argv_wildcards.obj
 0004:0000075c       $pdata$??$?RV<lambda_99476a1ad63dd22509b5d3e65b0ffc95>@@AEAV<lambda_ad1ced32f4ac17aa236e5ef05d6b3b7c>@@V<lambda_f7424dd8d45958661754dc4f2697e9c3>@@@?$__crt_seh_guarded_call@X@@QEAAX$$QEAV<lambda_99476a1ad63dd22509b5d3e65b0ffc95>@@AEAV<lambda_ad1ced32f4ac17aa236e5ef05d6b3b7c>@@$$QEAV<lambda_f7424dd8d45958661754dc4f2697e9c3>@@@Z 000000018001875c     libucrt:mbctype.obj
 0004:00000768       $pdata$??R<lambda_ad1ced32f4ac17aa236e5ef05d6b3b7c>@@QEBAXXZ 0000000180018768     libucrt:mbctype.obj
 0004:00000774       $pdata$?getSystemCP@@YAHH@Z 0000000180018774     libucrt:mbctype.obj
 0004:00000780       $pdata$?setSBCS@@YAXPEAU__crt_multibyte_data@@@Z 0000000180018780     libucrt:mbctype.obj
 0004:0000078c       $pdata$?setSBUpLow@@YAXPEAU__crt_multibyte_data@@@Z 000000018001878c     libucrt:mbctype.obj
 0004:00000798       $pdata$?setmbcp_internal@@YAHH_N@Z 0000000180018798     libucrt:mbctype.obj
 0004:000007a4       $pdata$__acrt_initialize_multibyte 00000001800187a4     libucrt:mbctype.obj
 0004:000007b0       $pdata$__acrt_update_thread_multibyte_data 00000001800187b0     libucrt:mbctype.obj
 0004:000007bc       $pdata$_setmbcp_nolock     00000001800187bc     libucrt:mbctype.obj
 0004:000007c8       $pdata$?x_ismbbtype_l@@YAHPEAU__crt_locale_pointers@@IHH@Z 00000001800187c8     libucrt:ismbbyte.obj
 0004:000007d4       $pdata$__acrt_initialize_command_line 00000001800187d4     libucrt:argv_data.obj
 0004:000007e0       $pdata$__dcrt_get_narrow_environment_from_os 00000001800187e0     libucrt:get_environment_from_os.obj
 0004:000007ec       $pdata$_recalloc_base      00000001800187ec     libucrt:recalloc.obj
 0004:000007f8       $pdata$__acrt_initialize_heap 00000001800187f8     libucrt:heap_handle.obj
 0004:00000804       $pdata$?initialize_inherited_file_handles_nolock@@YAXXZ 0000000180018804     libucrt:ioinit.obj
 0004:00000810       $pdata$?initialize_stdio_handles_nolock@@YAXXZ 0000000180018810     libucrt:ioinit.obj
 0004:0000081c       $pdata$__acrt_initialize_lowio 000000018001881c     libucrt:ioinit.obj
 0004:00000828       $pdata$__acrt_uninitialize_lowio 0000000180018828     libucrt:ioinit.obj
 0004:00000834       $pdata$__acrt_execute_initializers 0000000180018834     libucrt:shared_initialization.obj
 0004:00000840       $pdata$__acrt_execute_uninitializers 0000000180018840     libucrt:shared_initialization.obj
 0004:0000084c       $pdata$_callnewh           000000018001884c     libucrt:new_handler.obj
 0004:00000858       $pdata$_query_new_handler  0000000180018858     libucrt:new_handler.obj
 0004:00000864       $pdata$??$?RV<lambda_c36588078e9f5dfd39652860aa6b3aaf>@@AEAV<lambda_ec61778202f4f5fc7e7711acc23c3bca>@@V<lambda_dc9d2797ccde5d239b4a0efae8ebd7db>@@@?$__crt_seh_guarded_call@P6AXH@Z@@QEAAP6AXH@Z$$QEAV<lambda_c36588078e9f5dfd39652860aa6b3aaf>@@AEAV<lambda_ec61778202f4f5fc7e7711acc23c3bca>@@$$QEAV<lambda_dc9d2797ccde5d239b4a0efae8ebd7db>@@@Z 0000000180018864     libucrt:signal.obj
 0004:00000870       $pdata$__acrt_get_sigabrt_handler 0000000180018870     libucrt:signal.obj
 0004:0000087c       $pdata$raise               000000018001887c     libucrt:signal.obj
 0004:00000888       $pdata$__acrt_invoke_user_matherr 0000000180018888     libucrt:matherr.obj
 0004:00000894       $pdata$_mbtowc_l           0000000180018894     libucrt:mbtowc.obj
 0004:000008a0       $pdata$__acrt_update_locale_info 00000001800188a0     libucrt:locale_update.obj
 0004:000008ac       $pdata$__acrt_update_multibyte_info 00000001800188ac     libucrt:locale_update.obj
 0004:000008b8       $pdata$_fileno             00000001800188b8     libucrt:fileno.obj
 0004:000008c4       $pdata$__acrt_initialize_stdio 00000001800188c4     libucrt:_file.obj
 0004:000008d0       $pdata$__acrt_uninitialize_stdio 00000001800188d0     libucrt:_file.obj
 0004:000008dc       $pdata$__acrt_uninitialize_locale 00000001800188dc     libucrt:wsetlocale.obj
 0004:000008e8       $pdata$__pctype_func       00000001800188e8     libucrt:ctype.obj
 0004:000008f4       $pdata$__acrt_free_locale  00000001800188f4     libucrt:locale_refcounting.obj
 0004:00000900       $pdata$__acrt_locale_free_lc_time_if_unreferenced 0000000180018900     libucrt:locale_refcounting.obj
 0004:0000090c       $pdata$__acrt_release_locale_ref 000000018001890c     libucrt:locale_refcounting.obj
 0004:00000918       $pdata$__acrt_update_thread_locale_data 0000000180018918     libucrt:locale_refcounting.obj
 0004:00000924       $pdata$_updatetlocinfoEx_nolock 0000000180018924     libucrt:locale_refcounting.obj
 0004:00000930       $pdata$?GetTableIndexFromLocaleName@@YAHPEB_W@Z 0000000180018930     libucrt:lcidtoname_downlevel.obj
 0004:0000093c       $pdata$__acrt_DownlevelLocaleNameToLCID 000000018001893c     libucrt:lcidtoname_downlevel.obj
 0004:00000948       $pdata$?shortsort@@YAXPEAD0_KP6AHPEBX2@Z@Z 0000000180018948     libucrt:qsort.obj
 0004:00000954       $pdata$2$?shortsort@@YAXPEAD0_KP6AHPEBX2@Z@Z 0000000180018954     libucrt:qsort.obj
 0004:00000960       $pdata$3$?shortsort@@YAXPEAD0_KP6AHPEBX2@Z@Z 0000000180018960     libucrt:qsort.obj
 0004:0000096c       $pdata$qsort               000000018001896c     libucrt:qsort.obj
 0004:00000978       $pdata$4$qsort             0000000180018978     libucrt:qsort.obj
 0004:00000984       $pdata$5$qsort             0000000180018984     libucrt:qsort.obj
 0004:00000990       $pdata$strncpy_s           0000000180018990     libucrt:strncpy_s.obj
 0004:0000099c       $pdata$strpbrk             000000018001899c     libucrt:strpbrk.obj
 0004:000009a8       $pdata$_mbsdec_l           00000001800189a8     libucrt:mbsdec.obj
 0004:000009b4       $pdata$?initialize_multibyte@@YAHXZ 00000001800189b4     libucrt:multibyte_initializer.obj
 0004:000009c0       $pdata$__acrt_GetStringTypeA 00000001800189c0     libucrt:getstringtypea.obj
 0004:000009cc       $pdata$?__acrt_LCMapStringA_stat@@YAHPEAU__crt_locale_pointers@@PEB_WKPEBDHPEADHHH@Z 00000001800189cc     libucrt:lcmapstringa.obj
 0004:000009d8       $pdata$__acrt_LCMapStringA 00000001800189d8     libucrt:lcmapstringa.obj
 0004:000009e4       $pdata$_msize              00000001800189e4     libucrt:msize.obj
 0004:000009f0       $pdata$_realloc_base       00000001800189f0     libucrt:realloc_base.obj
 0004:000009fc       $pdata$__acrt_lowio_create_handle_array 00000001800189fc     libucrt:osfinfo.obj
 0004:00000a08       $pdata$__acrt_lowio_destroy_handle_array 0000000180018a08     libucrt:osfinfo.obj
 0004:00000a14       $pdata$__acrt_lowio_ensure_fh_exists 0000000180018a14     libucrt:osfinfo.obj
 0004:00000a20       $pdata$_free_osfhnd        0000000180018a20     libucrt:osfinfo.obj
 0004:00000a2c       $pdata$_get_osfhandle      0000000180018a2c     libucrt:osfinfo.obj
 0004:00000a38       $pdata$_isatty             0000000180018a38     libucrt:isatty.obj
 0004:00000a44       $pdata$__acrt_stdio_flush_nolock 0000000180018a44     libucrt:fflush.obj
 0004:00000a50       $pdata$_fflush_nolock      0000000180018a50     libucrt:fflush.obj
 0004:00000a5c       $pdata$common_flush_all    0000000180018a5c     libucrt:fflush.obj
 0004:00000a68       $pdata$_isleadbyte_l       0000000180018a68     libucrt:_wctype.obj
 0004:00000a74       $pdata$_fcloseall          0000000180018a74     libucrt:closeall.obj
 0004:00000a80       $pdata$__acrt_stdio_free_buffer_nolock 0000000180018a80     libucrt:_freebuf.obj
 0004:00000a8c       $pdata$__acrt_locale_free_monetary 0000000180018a8c     libucrt:initmon.obj
 0004:00000a98       $pdata$__acrt_locale_free_numeric 0000000180018a98     libucrt:initnum.obj
 0004:00000aa4       $pdata$?free_crt_array_internal@@YAXQEAPEBX_K@Z 0000000180018aa4     libucrt:inittime.obj
 0004:00000ab0       $pdata$__acrt_locale_free_time 0000000180018ab0     libucrt:inittime.obj
 0004:00000abc       $pdata$??$?RV<lambda_b521505b218e5242e90febf6bfebc422>@@AEAV<lambda_6978c1fb23f02e42e1d9e99668cc68aa>@@V<lambda_314360699dd331753a4119843814e9a7>@@@?$__crt_seh_guarded_call@H@@QEAAH$$QEAV<lambda_b521505b218e5242e90febf6bfebc422>@@AEAV<lambda_6978c1fb23f02e42e1d9e99668cc68aa>@@$$QEAV<lambda_314360699dd331753a4119843814e9a7>@@@Z 0000000180018abc     libucrt:commit.obj
 0004:00000ac8       $pdata$_commit             0000000180018ac8     libucrt:commit.obj
 0004:00000ad4       $pdata$?write_double_translated_ansi_nolock@@YA?AUwrite_result@?A0x9c548279@@HQEBDI@Z 0000000180018ad4     libucrt:write.obj
 0004:00000ae0       $pdata$?write_text_ansi_nolock@@YA?AUwrite_result@?A0x9c548279@@HQEBDI@Z 0000000180018ae0     libucrt:write.obj
 0004:00000aec       $pdata$?write_text_utf16le_nolock@@YA?AUwrite_result@?A0x9c548279@@HQEBDI@Z 0000000180018aec     libucrt:write.obj
 0004:00000af8       $pdata$?write_text_utf8_nolock@@YA?AUwrite_result@?A0x9c548279@@HQEBDI@Z 0000000180018af8     libucrt:write.obj
 0004:00000b04       $pdata$_write              0000000180018b04     libucrt:write.obj
 0004:00000b10       $pdata$_write_nolock       0000000180018b10     libucrt:write.obj
 0004:00000b28       $pdata$??$common_lseek_nolock@_J@@YA_JH_JH@Z 0000000180018b28     libucrt:lseek.obj
 0004:00000b34       $pdata$_fclose_nolock      0000000180018b34     libucrt:fclose.obj
 0004:00000b40       $pdata$fclose              0000000180018b40     libucrt:fclose.obj
 0004:00000b4c       $pdata$_putwch_nolock      0000000180018b4c     libucrt:putwch.obj
 0004:00000b58       $pdata$_call_matherr       0000000180018b58     libucrt:libm_error.obj
 0004:00000b64       $pdata$_exception_enabled  0000000180018b64     libucrt:libm_error.obj
 0004:00000b70       $pdata$_handle_error       0000000180018b70     libucrt:libm_error.obj
 0004:00000b7c       $pdata$__acrt_initialize_fma3 0000000180018b7c     libucrt:fma3_available.obj
 0004:00000b88       $pdata$_log10_special      0000000180018b88     libucrt:log_special.obj
 0004:00000b94       $pdata$_log_special_common 0000000180018b94     libucrt:log_special.obj
 0004:00000ba0       $pdata$??$?RV<lambda_bfedae4ebbf01fab1bb6dcc6a9e276e0>@@AEAV<lambda_2fe9b910cf3cbf4a0ab98a02ba45b3ec>@@V<lambda_237c231691f317818eb88cc1d5d642d6>@@@?$__crt_seh_guarded_call@H@@QEAAH$$QEAV<lambda_bfedae4ebbf01fab1bb6dcc6a9e276e0>@@AEAV<lambda_2fe9b910cf3cbf4a0ab98a02ba45b3ec>@@$$QEAV<lambda_237c231691f317818eb88cc1d5d642d6>@@@Z 0000000180018ba0     libucrt:close.obj
 0004:00000bac       $pdata$_close              0000000180018bac     libucrt:close.obj
 0004:00000bb8       $pdata$_close_nolock       0000000180018bb8     libucrt:close.obj
 0004:00000bc4       $pdata$__dcrt_lowio_initialize_console_output 0000000180018bc4     libucrt:initcon.obj
 0004:00000bd0       $pdata$__dcrt_terminate_console_output 0000000180018bd0     libucrt:initcon.obj
 0004:00000be8       $pdata$_raise_exc          0000000180018be8     libucrt:fpexcept.obj
 0004:00000bf4       $pdata$_raise_exc_ex       0000000180018bf4     libucrt:fpexcept.obj
 0004:00000c00       $pdata$_set_errno_from_matherr 0000000180018c00     libucrt:fpexcept.obj
 0004:00000c0c       $pdata$_clrfp              0000000180018c0c     libucrt:fpctrl.obj
 0004:00000c18       $pdata$_ctrlfp             0000000180018c18     libucrt:fpctrl.obj
 0004:00000c24       $pdata$_set_statfp         0000000180018c24     libucrt:fpctrl.obj
 0004:00000c30       $pdata$_statfp             0000000180018c30     libucrt:fpctrl.obj
 0004:00000c3c       $pdata$_IsNonwritableInCurrentImage 0000000180018c3c     LIBCMT:pesect.obj
 0004:00000ca8       $pdata$?fin$0@?0??dllmain_crt_process_attach@@YAHQEAUHINSTANCE__@@QEAX@Z@4HA 0000000180018ca8     LIBCMT:dll_dllmain.obj
 0004:00000cb4       $pdata$?fin$0@?0??dllmain_crt_process_detach@@YAH_N@Z@4HA 0000000180018cb4     LIBCMT:dll_dllmain.obj
 0004:00000cc0       $pdata$?filt$0@?0??dllmain_dispatch@@YAHQEAUHINSTANCE__@@KQEAX@Z@4HA 0000000180018cc0     LIBCMT:dll_dllmain.obj
 0004:00000ccc       $pdata$__scrt_is_nonwritable_in_current_image$filt$0 0000000180018ccc     LIBCMT:utility.obj
 0004:00000cd8       $pdata$?filt$0@?0??common_exit@@YAXHW4_crt_exit_cleanup_mode@@W4_crt_exit_return_mode@@@Z@4HA 0000000180018cd8     libucrt:exit.obj
 0004:00000ce4       $pdata$?fin$1@?0??common_exit@@YAXHW4_crt_exit_cleanup_mode@@W4_crt_exit_return_mode@@@Z@4HA 0000000180018ce4     libucrt:exit.obj
 0004:00000cf0       $pdata$?fin$0@?0???$?RV<lambda_e24bbb7b643b32fcea6fa61b31d4c984>@@AEAV<lambda_275893d493268fdec8709772e3fcec0e>@@V<lambda_9d71df4d7cf3f480f8d633942495c3b0>@@@?$__crt_seh_guarded_call@H@@QEAAH$$QEAV<lambda_e24bbb7b643b32fcea6fa61b31d4c984>@@AEAV<lambda_275893d493268fdec8709772e3fcec0e>@@$$QEAV<lambda_9d71df4d7cf3f480f8d633942495c3b0>@@@Z@4HA 0000000180018cf0     libucrt:onexit.obj
 0004:00000cfc       $pdata$?fin$0@?0???$?RV<lambda_46352004c1216016012b18bd6f87e700>@@AEAV<lambda_3bd07e1a1191394380780325891bf33f>@@V<lambda_334532d3f185bcaa59b5be82d7d22bff>@@@?$__crt_seh_guarded_call@X@@QEAAX$$QEAV<lambda_46352004c1216016012b18bd6f87e700>@@AEAV<lambda_3bd07e1a1191394380780325891bf33f>@@$$QEAV<lambda_334532d3f185bcaa59b5be82d7d22bff>@@@Z@4HA 0000000180018cfc     libucrt:per_thread_data.obj
 0004:00000cfc       $pdata$?fin$0@?0???$?RV<lambda_fb3a7dec4e47f37f22dae91bb15c9095>@@AEAV<lambda_698284760c8add0bfb0756c19673e34b>@@V<lambda_dfb8eca1e75fef3034a8fb18dd509707>@@@?$__crt_seh_guarded_call@X@@QEAAX$$QEAV<lambda_fb3a7dec4e47f37f22dae91bb15c9095>@@AEAV<lambda_698284760c8add0bfb0756c19673e34b>@@$$QEAV<lambda_dfb8eca1e75fef3034a8fb18dd509707>@@@Z@4HA 0000000180018cfc     libucrt:per_thread_data.obj
 0004:00000cfc       $pdata$?fin$0@?0???$?RV<lambda_72d1df2b273a38828b1ce30cbf4cdab5>@@AEAV<lambda_876a65b173b8412d3a47c70a915b0cf4>@@V<lambda_41932305e351933ebe8f8be3ed8bb5dc>@@@?$__crt_seh_guarded_call@X@@QEAAX$$QEAV<lambda_72d1df2b273a38828b1ce30cbf4cdab5>@@AEAV<lambda_876a65b173b8412d3a47c70a915b0cf4>@@$$QEAV<lambda_41932305e351933ebe8f8be3ed8bb5dc>@@@Z@4HA 0000000180018cfc     libucrt:per_thread_data.obj
 0004:00000cfc       $pdata$?fin$0@?0???$?RV<lambda_99476a1ad63dd22509b5d3e65b0ffc95>@@AEAV<lambda_ad1ced32f4ac17aa236e5ef05d6b3b7c>@@V<lambda_f7424dd8d45958661754dc4f2697e9c3>@@@?$__crt_seh_guarded_call@X@@QEAAX$$QEAV<lambda_99476a1ad63dd22509b5d3e65b0ffc95>@@AEAV<lambda_ad1ced32f4ac17aa236e5ef05d6b3b7c>@@$$QEAV<lambda_f7424dd8d45958661754dc4f2697e9c3>@@@Z@4HA 0000000180018cfc     libucrt:mbctype.obj
 0004:00000cfc       $pdata$?fin$0@?0???$?RV<lambda_c36588078e9f5dfd39652860aa6b3aaf>@@AEAV<lambda_ec61778202f4f5fc7e7711acc23c3bca>@@V<lambda_dc9d2797ccde5d239b4a0efae8ebd7db>@@@?$__crt_seh_guarded_call@P6AXH@Z@@QEAAP6AXH@Z$$QEAV<lambda_c36588078e9f5dfd39652860aa6b3aaf>@@AEAV<lambda_ec61778202f4f5fc7e7711acc23c3bca>@@$$QEAV<lambda_dc9d2797ccde5d239b4a0efae8ebd7db>@@@Z@4HA 0000000180018cfc     libucrt:signal.obj
 0004:00000cfc       $pdata$?fin$0@?0???$?RV<lambda_5e887d1dcbef67a5eb4283622ba103bf>@@AEAV<lambda_4466841279450cc726390878d4a41900>@@V<lambda_341c25c0346d94847f1f3c463c57e077>@@@?$__crt_seh_guarded_call@X@@QEAAX$$QEAV<lambda_5e887d1dcbef67a5eb4283622ba103bf>@@AEAV<lambda_4466841279450cc726390878d4a41900>@@$$QEAV<lambda_341c25c0346d94847f1f3c463c57e077>@@@Z@4HA 0000000180018cfc     libucrt:per_thread_data.obj
 0004:00000d08       $pdata$__acrt_update_thread_multibyte_data$fin$0 0000000180018d08     libucrt:mbctype.obj
 0004:00000d14       $pdata$_query_new_handler$fin$0 0000000180018d14     libucrt:new_handler.obj
 0004:00000d20       $pdata$raise$fin$0         0000000180018d20     libucrt:signal.obj
 0004:00000d2c       $pdata$__acrt_uninitialize_locale$fin$0 0000000180018d2c     libucrt:wsetlocale.obj
 0004:00000d2c       $pdata$__acrt_update_thread_locale_data$fin$0 0000000180018d2c     libucrt:locale_refcounting.obj
 0004:00000d38       $pdata$__acrt_lowio_ensure_fh_exists$fin$0 0000000180018d38     libucrt:osfinfo.obj
 0004:00000d38       $pdata$__acrt_initialize_lowio$fin$0 0000000180018d38     libucrt:ioinit.obj
 0004:00000d44       $pdata$common_flush_all$fin$0 0000000180018d44     libucrt:fflush.obj
 0004:00000d50       $pdata$common_flush_all$fin$1 0000000180018d50     libucrt:fflush.obj
 0004:00000d5c       $pdata$_fcloseall$fin$0    0000000180018d5c     libucrt:closeall.obj
 0004:00000d68       $pdata$_write$fin$0        0000000180018d68     libucrt:write.obj
 0004:00000d74       $pdata$fclose$fin$0        0000000180018d74     libucrt:fclose.obj
 0004:00000d80       $pdata$?fin$0@?0???$?RV<lambda_bfedae4ebbf01fab1bb6dcc6a9e276e0>@@AEAV<lambda_2fe9b910cf3cbf4a0ab98a02ba45b3ec>@@V<lambda_237c231691f317818eb88cc1d5d642d6>@@@?$__crt_seh_guarded_call@H@@QEAAH$$QEAV<lambda_bfedae4ebbf01fab1bb6dcc6a9e276e0>@@AEAV<lambda_2fe9b910cf3cbf4a0ab98a02ba45b3ec>@@$$QEAV<lambda_237c231691f317818eb88cc1d5d642d6>@@@Z@4HA 0000000180018d80     libucrt:close.obj
 0004:00000d80       $pdata$?fin$0@?0???$?RV<lambda_b521505b218e5242e90febf6bfebc422>@@AEAV<lambda_6978c1fb23f02e42e1d9e99668cc68aa>@@V<lambda_314360699dd331753a4119843814e9a7>@@@?$__crt_seh_guarded_call@H@@QEAAH$$QEAV<lambda_b521505b218e5242e90febf6bfebc422>@@AEAV<lambda_6978c1fb23f02e42e1d9e99668cc68aa>@@$$QEAV<lambda_314360699dd331753a4119843814e9a7>@@@Z@4HA 0000000180018d80     libucrt:commit.obj
 0004:00000d8c       $pdata$_ctrlfp$filt$0      0000000180018d8c     libucrt:fpctrl.obj
 0004:00000d98       $pdata$_IsNonwritableInCurrentImage$filt$0 0000000180018d98     LIBCMT:pesect.obj
 0005:000000a0       $R000000                   00000001800190a0     pe.res
 0005:000003a8       $R000308                   00000001800193a8     pe.res
